Component: ARM Compiler 5.06 update 7 (build 960) Tool: armlink [4d3601]

==============================================================================

Section Cross References

    startup_stm32f103xe.o(RESET) refers to startup_stm32f103xe.o(STACK) for __initial_sp
    startup_stm32f103xe.o(RESET) refers to startup_stm32f103xe.o(.text) for Reset_Handler
    startup_stm32f103xe.o(RESET) refers to stm32f1xx_it.o(i.NMI_Handler) for NMI_Handler
    startup_stm32f103xe.o(RESET) refers to stm32f1xx_it.o(i.HardFault_Handler) for HardFault_Handler
    startup_stm32f103xe.o(RESET) refers to stm32f1xx_it.o(i.MemManage_Handler) for MemManage_Handler
    startup_stm32f103xe.o(RESET) refers to stm32f1xx_it.o(i.BusFault_Handler) for BusFault_Handler
    startup_stm32f103xe.o(RESET) refers to stm32f1xx_it.o(i.UsageFault_Handler) for UsageFault_Handler
    startup_stm32f103xe.o(RESET) refers to stm32f1xx_it.o(i.SVC_Handler) for SVC_Handler
    startup_stm32f103xe.o(RESET) refers to stm32f1xx_it.o(i.DebugMon_Handler) for DebugMon_Handler
    startup_stm32f103xe.o(RESET) refers to stm32f1xx_it.o(i.PendSV_Handler) for PendSV_Handler
    startup_stm32f103xe.o(RESET) refers to stm32f1xx_it.o(i.SysTick_Handler) for SysTick_Handler
    startup_stm32f103xe.o(RESET) refers to stm32f1xx_it.o(i.USB_LP_CAN1_RX0_IRQHandler) for USB_LP_CAN1_RX0_IRQHandler
    startup_stm32f103xe.o(.text) refers to system_stm32f1xx.o(i.SystemInit) for SystemInit
    startup_stm32f103xe.o(.text) refers to entry.o(.ARM.Collect$$$$00000000) for __main
    main.o(i.AM29LV320_Chip_Erase) refers to stm32f1xx_hal_rtc.o(i.HAL_RTC_GetTime) for HAL_RTC_GetTime
    main.o(i.AM29LV320_Chip_Erase) refers to printfa.o(i.__0printf) for __2printf
    main.o(i.AM29LV320_Chip_Erase) refers to stm32f1xx_hal_rtc.o(i.HAL_RTC_GetDate) for HAL_RTC_GetDate
    main.o(i.AM29LV320_Chip_Erase) refers to main.o(i.rtc_to_unix_timestamp) for rtc_to_unix_timestamp
    main.o(i.AM29LV320_Chip_Erase) refers to main.o(i.AM29LV320_Read_CFI_Capacity) for AM29LV320_Read_CFI_Capacity
    main.o(i.AM29LV320_Chip_Erase) refers to stm32f1xx_hal_gpio.o(i.HAL_GPIO_Init) for HAL_GPIO_Init
    main.o(i.AM29LV320_Chip_Erase) refers to stm32f1xx_hal.o(i.HAL_Delay) for HAL_Delay
    main.o(i.AM29LV320_Chip_Erase) refers to main.o(i.delaycmd) for delaycmd
    main.o(i.AM29LV320_Chip_Erase) refers to stm32f1xx_hal_gpio.o(i.HAL_GPIO_ReadPin) for HAL_GPIO_ReadPin
    main.o(i.AM29LV320_Chip_Erase) refers to stm32f1xx_hal_gpio.o(i.HAL_GPIO_TogglePin) for HAL_GPIO_TogglePin
    main.o(i.AM29LV320_Chip_Erase) refers to main.o(.bss) for .bss
    main.o(i.AM29LV320_Read_0x0000) refers to main.o(i.AM29LV320_Read_Data) for AM29LV320_Read_Data
    main.o(i.AM29LV320_Read_CFI_Capacity) refers to stm32f1xx_hal.o(i.HAL_Delay) for HAL_Delay
    main.o(i.AM29LV320_Read_CFI_Capacity) refers to main.o(i.delaycmd) for delaycmd
    main.o(i.AM29LV320_Read_Data) refers to stm32f1xx_hal.o(i.HAL_Delay) for HAL_Delay
    main.o(i.AM29LV320_Read_ID) refers to stm32f1xx_hal.o(i.HAL_Delay) for HAL_Delay
    main.o(i.AM29LV320_Read_ID) refers to main.o(i.delaycmd) for delaycmd
    main.o(i.AM29LV320_Read_ID) refers to main.o(.data) for .data
    main.o(i.AM29LV320_Write_Data_From_File) refers to memseta.o(.text) for __aeabi_memclr4
    main.o(i.AM29LV320_Write_Data_From_File) refers to strlen.o(.text) for strlen
    main.o(i.AM29LV320_Write_Data_From_File) refers to printfa.o(i.__0sprintf) for __2sprintf
    main.o(i.AM29LV320_Write_Data_From_File) refers to ff.o(i.f_mount) for f_mount
    main.o(i.AM29LV320_Write_Data_From_File) refers to printfa.o(i.__0printf) for __2printf
    main.o(i.AM29LV320_Write_Data_From_File) refers to ff.o(i.f_open) for f_open
    main.o(i.AM29LV320_Write_Data_From_File) refers to ff.o(i.f_close) for f_close
    main.o(i.AM29LV320_Write_Data_From_File) refers to stm32f1xx_hal.o(i.HAL_Delay) for HAL_Delay
    main.o(i.AM29LV320_Write_Data_From_File) refers to stm32f1xx_hal_rtc.o(i.HAL_RTC_GetTime) for HAL_RTC_GetTime
    main.o(i.AM29LV320_Write_Data_From_File) refers to stm32f1xx_hal_rtc.o(i.HAL_RTC_GetDate) for HAL_RTC_GetDate
    main.o(i.AM29LV320_Write_Data_From_File) refers to main.o(i.rtc_to_unix_timestamp) for rtc_to_unix_timestamp
    main.o(i.AM29LV320_Write_Data_From_File) refers to ff.o(i.f_read) for f_read
    main.o(i.AM29LV320_Write_Data_From_File) refers to main.o(i.delaycmd) for delaycmd
    main.o(i.AM29LV320_Write_Data_From_File) refers to stm32f1xx_hal_gpio.o(i.HAL_GPIO_ReadPin) for HAL_GPIO_ReadPin
    main.o(i.AM29LV320_Write_Data_From_File) refers to stm32f1xx_hal.o(i.HAL_GetTick) for HAL_GetTick
    main.o(i.AM29LV320_Write_Data_From_File) refers to ffltui.o(.text) for __aeabi_ui2f
    main.o(i.AM29LV320_Write_Data_From_File) refers to fdiv.o(.text) for __aeabi_fdiv
    main.o(i.AM29LV320_Write_Data_From_File) refers to f2d.o(.text) for __aeabi_f2d
    main.o(i.AM29LV320_Write_Data_From_File) refers to fmul.o(.text) for __aeabi_fmul
[...]
    TIM8_BRK_IRQHandler                      0x08000163   Thumb Code     0  startup_stm32f103xe.o(.text)
    TIM8_CC_IRQHandler                       0x08000163   Thumb Code     0  startup_stm32f103xe.o(.text)
    TIM8_TRG_COM_IRQHandler                  0x08000163   Thumb Code     0  startup_stm32f103xe.o(.text)
    TIM8_UP_IRQHandler                       0x08000163   Thumb Code     0  startup_stm32f103xe.o(.text)
    UART4_IRQHandler                         0x08000163   Thumb Code     0  startup_stm32f103xe.o(.text)
    UART5_IRQHandler                         0x08000163   Thumb Code     0  startup_stm32f103xe.o(.text)
    USART1_IRQHandler                        0x08000163   Thumb Code     0  startup_stm32f103xe.o(.text)
    USART2_IRQHandler                        0x08000163   Thumb Code     0  startup_stm32f103xe.o(.text)
    USART3_IRQHandler                        0x08000163   Thumb Code     0  startup_stm32f103xe.o(.text)
    USBWakeUp_IRQHandler                     0x08000163   Thumb Code     0  startup_stm32f103xe.o(.text)
    USB_HP_CAN1_TX_IRQHandler                0x08000163   Thumb Code     0  startup_stm32f103xe.o(.text)
    WWDG_IRQHandler                          0x08000163   Thumb Code     0  startup_stm32f103xe.o(.text)
    __aeabi_llsr                             0x0800016d   Thumb Code    32  llushr.o(.text)
    _ll_ushift_r                             0x0800016d   Thumb Code     0  llushr.o(.text)
    __aeabi_memset                           0x0800018d   Thumb Code    14  memseta.o(.text)
    __aeabi_memset4                          0x0800018d   Thumb Code     0  memseta.o(.text)
    __aeabi_memset8                          0x0800018d   Thumb Code     0  memseta.o(.text)
    __aeabi_memclr                           0x0800019b   Thumb Code     4  memseta.o(.text)
    __aeabi_memclr4                          0x0800019b   Thumb Code     0  memseta.o(.text)
    __aeabi_memclr8                          0x0800019b   Thumb Code     0  memseta.o(.text)
    _memset$wrapper                          0x0800019f   Thumb Code    18  memseta.o(.text)
    strncpy                                  0x080001b1   Thumb Code    24  strncpy.o(.text)
    strlen                                   0x080001c9   Thumb Code    14  strlen.o(.text)
    strcmp                                   0x080001d7   Thumb Code    28  strcmp.o(.text)
    strrchr                                  0x080001f3   Thumb Code    22  strrchr.o(.text)
    __aeabi_fmul                             0x08000209   Thumb Code   100  fmul.o(.text)
    __aeabi_fdiv                             0x0800026d   Thumb Code   124  fdiv.o(.text)
    __aeabi_ui2f                             0x080002e9   Thumb Code    10  ffltui.o(.text)
    __aeabi_f2d                              0x080002f3   Thumb Code    38  f2d.o(.text)
    __aeabi_uidiv                            0x08000319   Thumb Code     0  uidiv.o(.text)
    __aeabi_uidivmod                         0x08000319   Thumb Code    44  uidiv.o(.text)
    __aeabi_uldivmod                         0x08000345   Thumb Code    98  uldiv.o(.text)
    __I$use$fp                               0x080003a7   Thumb Code     0  iusefp.o(.text)
    _float_round                             0x080003a7   Thumb Code    18  fepilogue.o(.text)
    _float_epilogue                          0x080003b9   Thumb Code    92  fepilogue.o(.text)
    __aeabi_dadd                             0x08000415   Thumb Code   322  dadd.o(.text)
    __aeabi_dsub                             0x08000557   Thumb Code     6  dadd.o(.text)
    __aeabi_drsub                            0x0800055d   Thumb Code     6  dadd.o(.text)
    __aeabi_dmul                             0x08000563   Thumb Code   228  dmul.o(.text)
    __aeabi_ddiv                             0x08000647   Thumb Code   222  ddiv.o(.text)
    __aeabi_d2ulz                            0x08000725   Thumb Code    48  dfixul.o(.text)
    __aeabi_cdrcmple                         0x08000755   Thumb Code    48  cdrcmple.o(.text)
    __scatterload                            0x08000785   Thumb Code    28  init.o(.text)
    __scatterload_rt2                        0x08000785   Thumb Code     0  init.o(.text)
    __aeabi_llsl                             0x080007a9   Thumb Code    30  llshl.o(.text)
    _ll_shift_l                              0x080007a9   Thumb Code     0  llshl.o(.text)
    __aeabi_lasr                             0x080007c7   Thumb Code    36  llsshr.o(.text)
    _ll_sshift_r                             0x080007c7   Thumb Code     0  llsshr.o(.text)
    _double_round                            0x080007eb   Thumb Code    30  depilogue.o(.text)
    _double_epilogue                         0x08000809   Thumb Code   156  depilogue.o(.text)
    __decompress                             0x080008a5   Thumb Code     0  __dczerorl2.o(.text)
    __decompress1                            0x080008a5   Thumb Code    86  __dczerorl2.o(.text)
    AM29LV320_Chip_Erase                     0x080008fd   Thumb Code   658  main.o(i.AM29LV320_Chip_Erase)
    AM29LV320_Parse_CFI_Capacity             0x08000eb1   Thumb Code    12  main.o(i.AM29LV320_Parse_CFI_Capacity)
    AM29LV320_Read_0x0000                    0x08000ebd   Thumb Code    18  main.o(i.AM29LV320_Read_0x0000)
    AM29LV320_Read_CFI_Capacity              0x08000ecf   Thumb Code    48  main.o(i.AM29LV320_Read_CFI_Capacity)
    AM29LV320_Read_Data                      0x08000eff   Thumb Code    58  main.o(i.AM29LV320_Read_Data)
    AM29LV320_Read_ID                        0x08000f39   Thumb Code    78  main.o(i.AM29LV320_Read_ID)
    AM29LV320_Write_Data_From_File           0x08000f95   Thumb Code  1976  main.o(i.AM29LV320_Write_Data_From_File)
    AM29_List_Bin_Files                      0x08001979   Thumb Code   290  main.o(i.AM29_List_Bin_Files)
    BSP_PlatformIsDetected                   0x08001c0d   Thumb Code    20  fatfs_platform.o(i.BSP_PlatformIsDetected)
    BSP_SD_GetCardInfo                       0x08001c25   Thumb Code     8  bsp_driver_sd.o(i.BSP_SD_GetCardInfo)
    BSP_SD_GetCardState                      0x08001c31   Thumb Code    20  bsp_driver_sd.o(i.BSP_SD_GetCardState)
    BSP_SD_Init                              0x08001c49   Thumb Code    42  bsp_driver_sd.o(i.BSP_SD_Init)
    BSP_SD_IsDetected                        0x08001c79   Thumb Code    26  bsp_driver_sd.o(i.BSP_SD_IsDetected)
    BSP_SD_ReadBlocks                        0x08001c95   Thumb Code    26  bsp_driver_sd.o(i.BSP_SD_ReadBlocks)
    BSP_SD_WriteBlocks                       0x08001cb5   Thumb Code    26  bsp_driver_sd.o(i.BSP_SD_WriteBlocks)
    BusFault_Handler                         0x08001cd5   Thumb Code     2  stm32f1xx_it.o(i.BusFault_Handler)
    DebugMon_Handler                         0x08001cd7   Thumb Code     2  stm32f1xx_it.o(i.DebugMon_Handler)
    Error_Handler                            0x08001cd9   Thumb Code     4  main.o(i.Error_Handler)
    FATFS_LinkDriver                         0x08001cdd   Thumb Code     6  ff_gen_drv.o(i.FATFS_LinkDriver)
    FATFS_LinkDriverEx                       0x08001ce5   Thumb Code    60  ff_gen_drv.o(i.FATFS_LinkDriverEx)
    FSMC_NAND_AttributeSpace_Timing_Init     0x08001d25   Thumb Code    40  stm32f1xx_ll_fsmc.o(i.FSMC_NAND_AttributeSpace_Timing_Init)
    FSMC_NAND_CommonSpace_Timing_Init        0x08001d4d   Thumb Code    40  stm32f1xx_ll_fsmc.o(i.FSMC_NAND_CommonSpace_Timing_Init)
    FSMC_NAND_Init                           0x08001d75   Thumb Code    66  stm32f1xx_ll_fsmc.o(i.FSMC_NAND_Init)
    FSMC_NORSRAM_Extended_Timing_Init        0x08001dbd   Thumb Code    56  stm32f1xx_ll_fsmc.o(i.FSMC_NORSRAM_Extended_Timing_Init)
    FSMC_NORSRAM_Init                        0x08001df9   Thumb Code    98  stm32f1xx_ll_fsmc.o(i.FSMC_NORSRAM_Init)
    FSMC_NORSRAM_Timing_Init                 0x08001e61   Thumb Code    56  stm32f1xx_ll_fsmc.o(i.FSMC_NORSRAM_Timing_Init)
    FSMC_NORSRAM_WriteOperation_Disable      0x08001e9d   Thumb Code    16  stm32f1xx_ll_fsmc.o(i.FSMC_NORSRAM_WriteOperation_Disable)
    HAL_Delay                                0x08001ead   Thumb Code    32  stm32f1xx_hal.o(i.HAL_Delay)
    HAL_GPIO_DeInit                          0x08001f79   Thumb Code   284  stm32f1xx_hal_gpio.o(i.HAL_GPIO_DeInit)
    HAL_GPIO_Init                            0x080020b5   Thumb Code   462  stm32f1xx_hal_gpio.o(i.HAL_GPIO_Init)
    HAL_GPIO_ReadPin                         0x080022ad   Thumb Code    10  stm32f1xx_hal_gpio.o(i.HAL_GPIO_ReadPin)
    HAL_GPIO_TogglePin                       0x080022b7   Thumb Code    16  stm32f1xx_hal_gpio.o(i.HAL_GPIO_TogglePin)
    HAL_GPIO_WritePin                        0x080022c7   Thumb Code    10  stm32f1xx_hal_gpio.o(i.HAL_GPIO_WritePin)
    HAL_GetTick                              0x080022d1   Thumb Code     6  stm32f1xx_hal.o(i.HAL_GetTick)
    HAL_GetTickFreq                          0x080022dd   Thumb Code     6  stm32f1xx_hal.o(i.HAL_GetTickFreq)
    HAL_I2C_Init                             0x080022e9   Thumb Code   376  stm32f1xx_hal_i2c.o(i.HAL_I2C_Init)
    HAL_I2C_MspInit                          0x08002471   Thumb Code    80  stm32f1xx_hal_msp.o(i.HAL_I2C_MspInit)
    HAL_IncTick                              0x080024cd   Thumb Code    12  stm32f1xx_hal.o(i.HAL_IncTick)
    HAL_Init                                 0x080024dd   Thumb Code    32  stm32f1xx_hal.o(i.HAL_Init)
    HAL_InitTick                             0x08002501   Thumb Code    54  stm32f1xx_hal.o(i.HAL_InitTick)
    HAL_MspInit                              0x08002541   Thumb Code    52  stm32f1xx_hal_msp.o(i.HAL_MspInit)
    HAL_NAND_Init                            0x0800257d   Thumb Code    98  stm32f1xx_hal_nand.o(i.HAL_NAND_Init)
    HAL_NAND_MspInit                         0x080025df   Thumb Code     4  stm32f1xx_hal_msp.o(i.HAL_NAND_MspInit)
    HAL_NOR_Init                             0x080025e5   Thumb Code   214  stm32f1xx_hal_nor.o(i.HAL_NOR_Init)
    HAL_NOR_MspInit                          0x080026c1   Thumb Code     4  stm32f1xx_hal_msp.o(i.HAL_NOR_MspInit)
    HAL_NOR_ReturnToReadMode                 0x080026c5   Thumb Code   122  stm32f1xx_hal_nor.o(i.HAL_NOR_ReturnToReadMode)
    HAL_NVIC_EnableIRQ                       0x0800273f   Thumb Code    26  stm32f1xx_hal_cortex.o(i.HAL_NVIC_EnableIRQ)
    HAL_NVIC_SetPriority                     0x08002759   Thumb Code    60  stm32f1xx_hal_cortex.o(i.HAL_NVIC_SetPriority)
    HAL_NVIC_SetPriorityGrouping             0x08002799   Thumb Code    26  stm32f1xx_hal_cortex.o(i.HAL_NVIC_SetPriorityGrouping)
    HAL_PCDEx_PMAConfig                      0x080027bd   Thumb Code    60  stm32f1xx_hal_pcd_ex.o(i.HAL_PCDEx_PMAConfig)
    HAL_PCDEx_SetConnectionState             0x080027f9   Thumb Code     2  usbd_conf.o(i.HAL_PCDEx_SetConnectionState)
    HAL_PCD_DataInStageCallback              0x080027fb   Thumb Code    18  usbd_conf.o(i.HAL_PCD_DataInStageCallback)
    HAL_PCD_DataOutStageCallback             0x0800280d   Thumb Code    20  usbd_conf.o(i.HAL_PCD_DataOutStageCallback)
    HAL_PCD_EP_Close                         0x08002821   Thumb Code    74  stm32f1xx_hal_pcd.o(i.HAL_PCD_EP_Close)
    HAL_PCD_EP_ClrStall                      0x0800286b   Thumb Code    90  stm32f1xx_hal_pcd.o(i.HAL_PCD_EP_ClrStall)
    HAL_PCD_EP_Flush                         0x08002ce3   Thumb Code    52  stm32f1xx_hal_pcd.o(i.HAL_PCD_EP_Flush)
    HAL_PCD_EP_GetRxCount                    0x08002d17   Thumb Code    18  stm32f1xx_hal_pcd.o(i.HAL_PCD_EP_GetRxCount)
    HAL_PCD_EP_Open                          0x08002d29   Thumb Code    88  stm32f1xx_hal_pcd.o(i.HAL_PCD_EP_Open)
    HAL_PCD_EP_Receive                       0x08002d81   Thumb Code    46  stm32f1xx_hal_pcd.o(i.HAL_PCD_EP_Receive)
    HAL_PCD_EP_SetStall                      0x08002daf   Thumb Code   112  stm32f1xx_hal_pcd.o(i.HAL_PCD_EP_SetStall)
    HAL_PCD_EP_Transmit                      0x08002e1f   Thumb Code    46  stm32f1xx_hal_pcd.o(i.HAL_PCD_EP_Transmit)
    HAL_PCD_IRQHandler                       0x08002e4d   Thumb Code   308  stm32f1xx_hal_pcd.o(i.HAL_PCD_IRQHandler)
    HAL_PCD_Init                             0x08002f81   Thumb Code   186  stm32f1xx_hal_pcd.o(i.HAL_PCD_Init)
    HAL_PCD_MspInit                          0x0800303d   Thumb Code    50  usbd_conf.o(i.HAL_PCD_MspInit)
    HAL_PCD_ResetCallback                    0x08003079   Thumb Code    38  usbd_conf.o(i.HAL_PCD_ResetCallback)
    HAL_PCD_ResumeCallback                   0x0800309f   Thumb Code     8  usbd_conf.o(i.HAL_PCD_ResumeCallback)
    HAL_PCD_SOFCallback                      0x080030a7   Thumb Code     8  usbd_conf.o(i.HAL_PCD_SOFCallback)
    HAL_PCD_SetAddress                       0x080030af   Thumb Code    38  stm32f1xx_hal_pcd.o(i.HAL_PCD_SetAddress)
    HAL_PCD_SetupStageCallback               0x080030d5   Thumb Code    14  usbd_conf.o(i.HAL_PCD_SetupStageCallback)
    HAL_PCD_Start                            0x080030e3   Thumb Code    50  stm32f1xx_hal_pcd.o(i.HAL_PCD_Start)
    HAL_PCD_SuspendCallback                  0x08003115   Thumb Code    30  usbd_conf.o(i.HAL_PCD_SuspendCallback)
    HAL_PWR_EnableBkUpAccess                 0x08003139   Thumb Code     8  stm32f1xx_hal_pwr.o(i.HAL_PWR_EnableBkUpAccess)
    HAL_RCCEx_GetPeriphCLKFreq               0x08003145   Thumb Code   166  stm32f1xx_hal_rcc_ex.o(i.HAL_RCCEx_GetPeriphCLKFreq)
    HAL_RCCEx_PeriphCLKConfig                0x080031fd   Thumb Code   224  stm32f1xx_hal_rcc_ex.o(i.HAL_RCCEx_PeriphCLKConfig)
    HAL_RCC_ClockConfig                      0x080032e9   Thumb Code   280  stm32f1xx_hal_rcc.o(i.HAL_RCC_ClockConfig)
    HAL_RCC_GetPCLK1Freq                     0x08003415   Thumb Code    20  stm32f1xx_hal_rcc.o(i.HAL_RCC_GetPCLK1Freq)
    HAL_RCC_GetPCLK2Freq                     0x08003435   Thumb Code    20  stm32f1xx_hal_rcc.o(i.HAL_RCC_GetPCLK2Freq)
    HAL_RCC_GetSysClockFreq                  0x08003455   Thumb Code    58  stm32f1xx_hal_rcc.o(i.HAL_RCC_GetSysClockFreq)
    HAL_RCC_OscConfig                        0x080034a1   Thumb Code   778  stm32f1xx_hal_rcc.o(i.HAL_RCC_OscConfig)
    HAL_RTC_GetDate                          0x080037c1   Thumb Code    78  stm32f1xx_hal_rtc.o(i.HAL_RTC_GetDate)
    HAL_RTC_GetTime                          0x0800380f   Thumb Code   216  stm32f1xx_hal_rtc.o(i.HAL_RTC_GetTime)
    HAL_RTC_Init                             0x080038e9   Thumb Code   144  stm32f1xx_hal_rtc.o(i.HAL_RTC_Init)
    HAL_RTC_MspInit                          0x0800397d   Thumb Code    16  main.o(i.HAL_RTC_MspInit)
    HAL_RTC_SetDate                          0x08003995   Thumb Code   192  stm32f1xx_hal_rtc.o(i.HAL_RTC_SetDate)
    HAL_RTC_SetTime                          0x08003a59   Thumb Code   168  stm32f1xx_hal_rtc.o(i.HAL_RTC_SetTime)
    HAL_RTC_WaitForSynchro                   0x08003b05   Thumb Code    58  stm32f1xx_hal_rtc.o(i.HAL_RTC_WaitForSynchro)
    HAL_SD_ConfigWideBusOperation            0x08003b41   Thumb Code   276  stm32f1xx_hal_sd.o(i.HAL_SD_ConfigWideBusOperation)
    HAL_SD_DeInit                            0x08003c59   Thumb Code    38  stm32f1xx_hal_sd.o(i.HAL_SD_DeInit)
    HAL_SD_GetCardCSD                        0x08003c81   Thumb Code   402  stm32f1xx_hal_sd.o(i.HAL_SD_GetCardCSD)
    HAL_SD_GetCardInfo                       0x08003e19   Thumb Code    36  stm32f1xx_hal_sd.o(i.HAL_SD_GetCardInfo)
    HAL_SD_GetCardState                      0x08003e3d   Thumb Code    44  stm32f1xx_hal_sd.o(i.HAL_SD_GetCardState)
    HAL_SD_GetState                          0x08003e69   Thumb Code     6  stm32f1xx_hal_sd.o(i.HAL_SD_GetState)
    HAL_SD_Init                              0x08003e6f   Thumb Code    54  stm32f1xx_hal_sd.o(i.HAL_SD_Init)
    HAL_SD_InitCard                          0x08003ea5   Thumb Code   112  stm32f1xx_hal_sd.o(i.HAL_SD_InitCard)
    HAL_SD_MspDeInit                         0x08003f1d   Thumb Code    44  stm32f1xx_hal_msp.o(i.HAL_SD_MspDeInit)
    HAL_SD_MspInit                           0x08003f59   Thumb Code   114  stm32f1xx_hal_msp.o(i.HAL_SD_MspInit)
    HAL_SD_ReadBlocks                        0x08003fdd   Thumb Code   476  stm32f1xx_hal_sd.o(i.HAL_SD_ReadBlocks)
    HAL_SD_WriteBlocks                       0x080041bd   Thumb Code   428  stm32f1xx_hal_sd.o(i.HAL_SD_WriteBlocks)
    HAL_SPI_Init                             0x0800436d   Thumb Code   178  stm32f1xx_hal_spi.o(i.HAL_SPI_Init)
    HAL_SPI_MspInit                          0x08004421   Thumb Code    98  stm32f1xx_hal_msp.o(i.HAL_SPI_MspInit)
    HAL_SYSTICK_Config                       0x08004491   Thumb Code    40  stm32f1xx_hal_cortex.o(i.HAL_SYSTICK_Config)
    HAL_UART_DeInit                          0x080044b9   Thumb Code    54  stm32f1xx_hal_uart.o(i.HAL_UART_DeInit)
    HAL_UART_Init                            0x080044ef   Thumb Code   100  stm32f1xx_hal_uart.o(i.HAL_UART_Init)
    HAL_UART_MspDeInit                       0x08004555   Thumb Code    30  stm32f1xx_hal_msp.o(i.HAL_UART_MspDeInit)
    HAL_UART_MspInit                         0x08004581   Thumb Code   100  stm32f1xx_hal_msp.o(i.HAL_UART_MspInit)
    HAL_UART_Receive                         0x080045f1   Thumb Code   176  stm32f1xx_hal_uart.o(i.HAL_UART_Receive)
    HAL_UART_Transmit                        0x080046a1   Thumb Code   160  stm32f1xx_hal_uart.o(i.HAL_UART_Transmit)
    HardFault_Handler                        0x08004741   Thumb Code     2  stm32f1xx_it.o(i.HardFault_Handler)
    MSC_BOT_CplClrFeature                    0x0800488d   Thumb Code    42  usbd_msc_bot.o(i.MSC_BOT_CplClrFeature)
    MSC_BOT_DataIn                           0x080048b7   Thumb Code    58  usbd_msc_bot.o(i.MSC_BOT_DataIn)
    MSC_BOT_DataOut                          0x080048f1   Thumb Code    58  usbd_msc_bot.o(i.MSC_BOT_DataOut)
    MSC_BOT_DeInit                           0x0800492b   Thumb Code    10  usbd_msc_bot.o(i.MSC_BOT_DeInit)
    MSC_BOT_Init                             0x08004935   Thumb Code    66  usbd_msc_bot.o(i.MSC_BOT_Init)
    MSC_BOT_Reset                            0x08004977   Thumb Code    22  usbd_msc_bot.o(i.MSC_BOT_Reset)
    MSC_BOT_SendCSW                          0x0800498d   Thumb Code    54  usbd_msc_bot.o(i.MSC_BOT_SendCSW)
    MX_FATFS_Init                            0x080049c9   Thumb Code    18  fatfs.o(i.MX_FATFS_Init)
    MX_USB_DEVICE_Init                       0x08004dc5   Thumb Code   116  usb_device.o(i.MX_USB_DEVICE_Init)
    MemManage_Handler                        0x08004fc5   Thumb Code     2  stm32f1xx_it.o(i.MemManage_Handler)
    NMI_Handler                              0x08004fc7   Thumb Code     2  stm32f1xx_it.o(i.NMI_Handler)
    PendSV_Handler                           0x0800536f   Thumb Code     2  stm32f1xx_it.o(i.PendSV_Handler)
    SCSI_ProcessCmd                          0x080055a9   Thumb Code   454  usbd_msc_scsi.o(i.SCSI_ProcessCmd)
    SCSI_SenseCode                           0x08005a17   Thumb Code    52  usbd_msc_scsi.o(i.SCSI_SenseCode)
    SDIO_ConfigData                          0x08005b09   Thumb Code    36  stm32f1xx_ll_sdmmc.o(i.SDIO_ConfigData)
    SDIO_GetPowerState                       0x08005b2d   Thumb Code     8  stm32f1xx_ll_sdmmc.o(i.SDIO_GetPowerState)
    SDIO_GetResponse                         0x08005b35   Thumb Code     6  stm32f1xx_ll_sdmmc.o(i.SDIO_GetResponse)
    SDIO_Init                                0x08005b3b   Thumb Code    36  stm32f1xx_ll_sdmmc.o(i.SDIO_Init)
    SDIO_PowerState_OFF                      0x08005b5f   Thumb Code     8  stm32f1xx_ll_sdmmc.o(i.SDIO_PowerState_OFF)
    SDIO_PowerState_ON                       0x08005b67   Thumb Code     8  stm32f1xx_ll_sdmmc.o(i.SDIO_PowerState_ON)
    SDIO_ReadFIFO                            0x08005b6f   Thumb Code     6  stm32f1xx_ll_sdmmc.o(i.SDIO_ReadFIFO)
    SDIO_SendCommand                         0x08005b75   Thumb Code    32  stm32f1xx_ll_sdmmc.o(i.SDIO_SendCommand)
    SDIO_WriteFIFO                           0x08005b95   Thumb Code    10  stm32f1xx_ll_sdmmc.o(i.SDIO_WriteFIFO)
    SDMMC_CmdAppCommand                      0x08005b9f   Thumb Code    50  stm32f1xx_ll_sdmmc.o(i.SDMMC_CmdAppCommand)
    SDMMC_CmdAppOperCommand                  0x08005bd1   Thumb Code    48  stm32f1xx_ll_sdmmc.o(i.SDMMC_CmdAppOperCommand)
    SDMMC_CmdBlockLength                     0x08005c05   Thumb Code    50  stm32f1xx_ll_sdmmc.o(i.SDMMC_CmdBlockLength)
    SDMMC_CmdBusWidth                        0x08005c37   Thumb Code    50  stm32f1xx_ll_sdmmc.o(i.SDMMC_CmdBusWidth)
    SDMMC_CmdGoIdleState                     0x08005c69   Thumb Code    74  stm32f1xx_ll_sdmmc.o(i.SDMMC_CmdGoIdleState)
    SDMMC_CmdOperCond                        0x08005cb9   Thumb Code    48  stm32f1xx_ll_sdmmc.o(i.SDMMC_CmdOperCond)
    SDMMC_CmdReadMultiBlock                  0x08005ce9   Thumb Code    50  stm32f1xx_ll_sdmmc.o(i.SDMMC_CmdReadMultiBlock)
    SDMMC_CmdReadSingleBlock                 0x08005d1b   Thumb Code    50  stm32f1xx_ll_sdmmc.o(i.SDMMC_CmdReadSingleBlock)
    SDMMC_CmdSelDesel                        0x08005d4d   Thumb Code    50  stm32f1xx_ll_sdmmc.o(i.SDMMC_CmdSelDesel)
    SDMMC_CmdSendCID                         0x08005d7f   Thumb Code    44  stm32f1xx_ll_sdmmc.o(i.SDMMC_CmdSendCID)
    SDMMC_CmdSendCSD                         0x08005dab   Thumb Code    44  stm32f1xx_ll_sdmmc.o(i.SDMMC_CmdSendCSD)
    SDMMC_CmdSendSCR                         0x08005dd7   Thumb Code    48  stm32f1xx_ll_sdmmc.o(i.SDMMC_CmdSendSCR)
    SDMMC_CmdSendStatus                      0x08005e07   Thumb Code    50  stm32f1xx_ll_sdmmc.o(i.SDMMC_CmdSendStatus)
    SDMMC_CmdSetRelAdd                       0x08005e39   Thumb Code    48  stm32f1xx_ll_sdmmc.o(i.SDMMC_CmdSetRelAdd)
    SDMMC_CmdStopTransfer                    0x08005e69   Thumb Code    46  stm32f1xx_ll_sdmmc.o(i.SDMMC_CmdStopTransfer)
    SDMMC_CmdWriteMultiBlock                 0x08005e9d   Thumb Code    50  stm32f1xx_ll_sdmmc.o(i.SDMMC_CmdWriteMultiBlock)
    SDMMC_CmdWriteSingleBlock                0x08005ecf   Thumb Code    50  stm32f1xx_ll_sdmmc.o(i.SDMMC_CmdWriteSingleBlock)
    SDMMC_GetCmdResp1                        0x08005f01   Thumb Code   278  stm32f1xx_ll_sdmmc.o(i.SDMMC_GetCmdResp1)
    SDMMC_GetCmdResp2                        0x08006021   Thumb Code    76  stm32f1xx_ll_sdmmc.o(i.SDMMC_GetCmdResp2)
    SDMMC_GetCmdResp3                        0x08006071   Thumb Code    62  stm32f1xx_ll_sdmmc.o(i.SDMMC_GetCmdResp3)
    SDMMC_GetCmdResp6                        0x080060b5   Thumb Code   130  stm32f1xx_ll_sdmmc.o(i.SDMMC_GetCmdResp6)
    SDMMC_GetCmdResp7                        0x0800613d   Thumb Code    82  stm32f1xx_ll_sdmmc.o(i.SDMMC_GetCmdResp7)
    SD_initialize                            0x08006419   Thumb Code    26  sd_diskio.o(i.SD_initialize)
    SD_ioctl                                 0x08006439   Thumb Code    74  sd_diskio.o(i.SD_ioctl)
    SD_read                                  0x08006489   Thumb Code    52  sd_diskio.o(i.SD_read)
    SD_status                                0x080064c5   Thumb Code    26  sd_diskio.o(i.SD_status)
    SD_write                                 0x080064e5   Thumb Code    52  sd_diskio.o(i.SD_write)
    SVC_Handler                              0x080066f5   Thumb Code     2  stm32f1xx_it.o(i.SVC_Handler)
    SysTick_Handler                          0x080066f7   Thumb Code     4  stm32f1xx_it.o(i.SysTick_Handler)
    SystemClock_Config                       0x080066fb   Thumb Code   120  main.o(i.SystemClock_Config)
    SystemInit                               0x08006773   Thumb Code     2  system_stm32f1xx.o(i.SystemInit)
    USBD_ClrClassConfig                      0x08006af7   Thumb Code    14  usbd_core.o(i.USBD_ClrClassConfig)
    USBD_CtlContinueRx                       0x08006b05   Thumb Code    16  usbd_ioreq.o(i.USBD_CtlContinueRx)
    USBD_CtlContinueSendData                 0x08006b15   Thumb Code    16  usbd_ioreq.o(i.USBD_CtlContinueSendData)
    USBD_CtlError                            0x08006b25   Thumb Code    22  usbd_ctlreq.o(i.USBD_CtlError)
    USBD_CtlReceiveStatus                    0x08006b3b   Thumb Code    22  usbd_ioreq.o(i.USBD_CtlReceiveStatus)
    USBD_CtlSendData                         0x08006b51   Thumb Code    26  usbd_ioreq.o(i.USBD_CtlSendData)
    USBD_CtlSendStatus                       0x08006b6b   Thumb Code    22  usbd_ioreq.o(i.USBD_CtlSendStatus)
    USBD_FS_ConfigStrDescriptor              0x08006b81   Thumb Code    16  usbd_desc.o(i.USBD_FS_ConfigStrDescriptor)
    USBD_FS_DeviceDescriptor                 0x08006ba1   Thumb Code     8  usbd_desc.o(i.USBD_FS_DeviceDescriptor)
    USBD_FS_InterfaceStrDescriptor           0x08006bad   Thumb Code    16  usbd_desc.o(i.USBD_FS_InterfaceStrDescriptor)
    USBD_FS_LangIDStrDescriptor              0x08006bd1   Thumb Code     8  usbd_desc.o(i.USBD_FS_LangIDStrDescriptor)
    USBD_FS_ManufacturerStrDescriptor        0x08006bdd   Thumb Code    16  usbd_desc.o(i.USBD_FS_ManufacturerStrDescriptor)
    USBD_FS_ProductStrDescriptor             0x08006c05   Thumb Code    16  usbd_desc.o(i.USBD_FS_ProductStrDescriptor)
    USBD_FS_SerialStrDescriptor              0x08006c2d   Thumb Code    48  usbd_desc.o(i.USBD_FS_SerialStrDescriptor)
    USBD_GetString                           0x08006d4d   Thumb Code    72  usbd_ctlreq.o(i.USBD_GetString)
    USBD_Init                                0x08006dad   Thumb Code    42  usbd_core.o(i.USBD_Init)
    USBD_LL_ClearStallEP                     0x08006dd7   Thumb Code    18  usbd_conf.o(i.USBD_LL_ClearStallEP)
    USBD_LL_CloseEP                          0x08006de9   Thumb Code    18  usbd_conf.o(i.USBD_LL_CloseEP)
    USBD_LL_DataInStage                      0x08006dfb   Thumb Code   198  usbd_core.o(i.USBD_LL_DataInStage)
    USBD_LL_DataOutStage                     0x08006ec1   Thumb Code   130  usbd_core.o(i.USBD_LL_DataOutStage)
    USBD_LL_FlushEP                          0x08006f43   Thumb Code    18  usbd_conf.o(i.USBD_LL_FlushEP)
    USBD_LL_GetRxDataSize                    0x08006f55   Thumb Code     8  usbd_conf.o(i.USBD_LL_GetRxDataSize)
    USBD_LL_Init                             0x08006f5d   Thumb Code   104  usbd_conf.o(i.USBD_LL_Init)
    USBD_LL_IsStallEP                        0x08006fcd   Thumb Code    30  usbd_conf.o(i.USBD_LL_IsStallEP)
    USBD_LL_OpenEP                           0x08006feb   Thumb Code    24  usbd_conf.o(i.USBD_LL_OpenEP)
    USBD_LL_PrepareReceive                   0x08007003   Thumb Code    18  usbd_conf.o(i.USBD_LL_PrepareReceive)
    USBD_LL_Reset                            0x08007015   Thumb Code    80  usbd_core.o(i.USBD_LL_Reset)
    USBD_LL_Resume                           0x08007065   Thumb Code    20  usbd_core.o(i.USBD_LL_Resume)
    USBD_LL_SOF                              0x08007079   Thumb Code    24  usbd_core.o(i.USBD_LL_SOF)
    USBD_LL_SetSpeed                         0x08007091   Thumb Code     6  usbd_core.o(i.USBD_LL_SetSpeed)
    USBD_LL_SetUSBAddress                    0x08007097   Thumb Code    18  usbd_conf.o(i.USBD_LL_SetUSBAddress)
    USBD_LL_SetupStage                       0x080070a9   Thumb Code    90  usbd_core.o(i.USBD_LL_SetupStage)
    USBD_LL_StallEP                          0x08007103   Thumb Code    18  usbd_conf.o(i.USBD_LL_StallEP)
    USBD_LL_Start                            0x08007115   Thumb Code    18  usbd_conf.o(i.USBD_LL_Start)
    USBD_LL_Suspend                          0x08007127   Thumb Code    18  usbd_core.o(i.USBD_LL_Suspend)
    USBD_LL_Transmit                         0x08007139   Thumb Code    18  usbd_conf.o(i.USBD_LL_Transmit)
    USBD_MSC_DataIn                          0x0800714b   Thumb Code    10  usbd_msc.o(i.USBD_MSC_DataIn)
    USBD_MSC_DataOut                         0x08007155   Thumb Code    10  usbd_msc.o(i.USBD_MSC_DataOut)
    USBD_MSC_DeInit                          0x0800715f   Thumb Code    50  usbd_msc.o(i.USBD_MSC_DeInit)
    USBD_MSC_GetDeviceQualifierDescriptor    0x08007191   Thumb Code     8  usbd_msc.o(i.USBD_MSC_GetDeviceQualifierDescriptor)
    USBD_MSC_GetFSCfgDesc                    0x0800719d   Thumb Code     8  usbd_msc.o(i.USBD_MSC_GetFSCfgDesc)
    USBD_MSC_GetHSCfgDesc                    0x080071a9   Thumb Code     8  usbd_msc.o(i.USBD_MSC_GetHSCfgDesc)
    USBD_MSC_GetOtherSpeedCfgDesc            0x080071b5   Thumb Code     8  usbd_msc.o(i.USBD_MSC_GetOtherSpeedCfgDesc)
    USBD_MSC_Init                            0x080071c1   Thumb Code    92  usbd_msc.o(i.USBD_MSC_Init)
    USBD_MSC_RegisterStorage                 0x0800721d   Thumb Code    10  usbd_msc.o(i.USBD_MSC_RegisterStorage)
    USBD_MSC_Setup                           0x08007227   Thumb Code   278  usbd_msc.o(i.USBD_MSC_Setup)
    USBD_ParseSetupRequest                   0x0800733d   Thumb Code    40  usbd_ctlreq.o(i.USBD_ParseSetupRequest)
    USBD_RegisterClass                       0x08007365   Thumb Code    16  usbd_core.o(i.USBD_RegisterClass)
    USBD_SetClassConfig                      0x08007375   Thumb Code    22  usbd_core.o(i.USBD_SetClassConfig)
    USBD_Start                               0x08007411   Thumb Code    10  usbd_core.o(i.USBD_Start)
    USBD_StdDevReq                           0x0800741b   Thumb Code   274  usbd_ctlreq.o(i.USBD_StdDevReq)
    USBD_StdEPReq                            0x0800752d   Thumb Code   336  usbd_ctlreq.o(i.USBD_StdEPReq)
    USBD_StdItfReq                           0x0800767d   Thumb Code    78  usbd_ctlreq.o(i.USBD_StdItfReq)
    USBD_static_free                         0x080076cb   Thumb Code     2  usbd_conf.o(i.USBD_static_free)
    USBD_static_malloc                       0x080076cd   Thumb Code     4  usbd_conf.o(i.USBD_static_malloc)
    USB_ActivateEndpoint                     0x080076d5   Thumb Code   668  stm32f1xx_ll_usb.o(i.USB_ActivateEndpoint)
    USB_CoreInit                             0x08007971   Thumb Code     4  stm32f1xx_ll_usb.o(i.USB_CoreInit)
    USB_DeactivateEndpoint                   0x08007975   Thumb Code   270  stm32f1xx_ll_usb.o(i.USB_DeactivateEndpoint)
    USB_DevConnect                           0x08007a83   Thumb Code     4  stm32f1xx_ll_usb.o(i.USB_DevConnect)
    USB_DevDisconnect                        0x08007a87   Thumb Code     4  stm32f1xx_ll_usb.o(i.USB_DevDisconnect)
    USB_DevInit                              0x08007a8b   Thumb Code    18  stm32f1xx_ll_usb.o(i.USB_DevInit)
    USB_DisableGlobalInt                     0x08007a9d   Thumb Code    14  stm32f1xx_ll_usb.o(i.USB_DisableGlobalInt)
    USB_EP0_OutStart                         0x08007aab   Thumb Code     4  stm32f1xx_ll_usb.o(i.USB_EP0_OutStart)
    USB_EPClearStall                         0x08007aaf   Thumb Code   120  stm32f1xx_ll_usb.o(i.USB_EPClearStall)
    USB_EPSetStall                           0x08007b27   Thumb Code    50  stm32f1xx_ll_usb.o(i.USB_EPSetStall)
    USB_EPStartXfer                          0x08007b59   Thumb Code  1250  stm32f1xx_ll_usb.o(i.USB_EPStartXfer)
    USB_EnableGlobalInt                      0x0800803b   Thumb Code    18  stm32f1xx_ll_usb.o(i.USB_EnableGlobalInt)
    USB_FlushRxFifo                          0x0800804d   Thumb Code     4  stm32f1xx_ll_usb.o(i.USB_FlushRxFifo)
    USB_FlushTxFifo                          0x08008051   Thumb Code     4  stm32f1xx_ll_usb.o(i.USB_FlushTxFifo)
    USB_LP_CAN1_RX0_IRQHandler               0x08008055   Thumb Code     6  stm32f1xx_it.o(i.USB_LP_CAN1_RX0_IRQHandler)
    USB_ReadInterrupts                       0x08008061   Thumb Code     6  stm32f1xx_ll_usb.o(i.USB_ReadInterrupts)
    USB_ReadPMA                              0x08008069   Thumb Code    44  stm32f1xx_ll_usb.o(i.USB_ReadPMA)
    USB_SetCurrentMode                       0x08008095   Thumb Code     4  stm32f1xx_ll_usb.o(i.USB_SetCurrentMode)
    USB_SetDevAddress                        0x08008099   Thumb Code    12  stm32f1xx_ll_usb.o(i.USB_SetDevAddress)
    USB_WritePMA                             0x080080a5   Thumb Code    38  stm32f1xx_ll_usb.o(i.USB_WritePMA)
    UsageFault_Handler                       0x080080cb   Thumb Code     2  stm32f1xx_it.o(i.UsageFault_Handler)
    __0printf                                0x080080cd   Thumb Code    22  printfa.o(i.__0printf)
    __1printf                                0x080080cd   Thumb Code     0  printfa.o(i.__0printf)
    __2printf                                0x080080cd   Thumb Code     0  printfa.o(i.__0printf)
    __c89printf                              0x080080cd   Thumb Code     0  printfa.o(i.__0printf)
    printf                                   0x080080cd   Thumb Code     0  printfa.o(i.__0printf)
    __0sprintf                               0x080080ed   Thumb Code    34  printfa.o(i.__0sprintf)
    __1sprintf                               0x080080ed   Thumb Code     0  printfa.o(i.__0sprintf)
    __2sprintf                               0x080080ed   Thumb Code     0  printfa.o(i.__0sprintf)
    __c89sprintf                             0x080080ed   Thumb Code     0  printfa.o(i.__0sprintf)
    sprintf                                  0x080080ed   Thumb Code     0  printfa.o(i.__0sprintf)
    __scatterload_copy                       0x08008135   Thumb Code    14  handlers.o(i.__scatterload_copy)
    __scatterload_null                       0x08008143   Thumb Code     2  handlers.o(i.__scatterload_null)
    __scatterload_zeroinit                   0x08008145   Thumb Code    14  handlers.o(i.__scatterload_zeroinit)
    clust2sect                               0x08008b1b   Thumb Code    30  ff.o(i.clust2sect)
    delaycmd                                 0x08008d25   Thumb Code    18  main.o(i.delaycmd)
    delayns_init                             0x08008d39   Thumb Code    44  main.o(i.delayns_init)
    disk_initialize                          0x08009001   Thumb Code    36  diskio.o(i.disk_initialize)
    disk_ioctl                               0x08009029   Thumb Code    24  diskio.o(i.disk_ioctl)
    disk_read                                0x08009045   Thumb Code    24  diskio.o(i.disk_read)
    disk_status                              0x08009061   Thumb Code    18  diskio.o(i.disk_status)
    disk_write                               0x08009079   Thumb Code    24  diskio.o(i.disk_write)
    f_close                                  0x08009095   Thumb Code    42  ff.o(i.f_close)
    f_closedir                               0x080090bf   Thumb Code    36  ff.o(i.f_closedir)
    f_lseek                                  0x080090e5   Thumb Code   644  ff.o(i.f_lseek)
    f_mount                                  0x08009369   Thumb Code    88  ff.o(i.f_mount)
    f_open                                   0x080093c5   Thumb Code   422  ff.o(i.f_open)
    f_opendir                                0x08009571   Thumb Code   148  ff.o(i.f_opendir)
    f_read                                   0x08009605   Thumb Code   396  ff.o(i.f_read)
    f_readdir                                0x08009791   Thumb Code    82  ff.o(i.f_readdir)
    f_sync                                   0x080097e3   Thumb Code   184  ff.o(i.f_sync)
    fputc                                    0x08009c2d   Thumb Code    20  main.o(i.fputc)
    get_fat                                  0x08009c45   Thumb Code   204  ff.o(i.get_fat)
    get_fattime                              0x08009d11   Thumb Code     4  fatfs.o(i.get_fattime)
    main                                     0x08009e89   Thumb Code   430  main.o(i.main)
    put_fat                                  0x0800a22f   Thumb Code   246  ff.o(i.put_fat)
    rtc_to_unix_timestamp                    0x0800a395   Thumb Code   158  main.o(i.rtc_to_unix_timestamp)
    STORAGE_Inquirydata_FS                   0x0800a9da   Data          36  usbd_storage_if.o(.constdata)
    AHBPrescTable                            0x0800aa22   Data          16  system_stm32f1xx.o(.constdata)
    APBPrescTable                            0x0800aa32   Data           8  system_stm32f1xx.o(.constdata)
    SD_Driver                                0x0800aae8   Data          20  sd_diskio.o(.constdata)
    MSC_Page00_Inquiry_Data                  0x0800aafc   Data           7  usbd_msc_data.o(.constdata)
    MSC_Mode_Sense6_data                     0x0800ab03   Data           8  usbd_msc_data.o(.constdata)
    MSC_Mode_Sense10_data                    0x0800ab0b   Data           8  usbd_msc_data.o(.constdata)
    Region$$Table$$Base                      0x0800ac30   Number         0  anon$$obj.o(Region$$Table)
    Region$$Table$$Limit                     0x0800ac50   Number         0  anon$$obj.o(Region$$Table)
    g_tf_block_size                          0x20000002   Data           2  main.o(.data)
    am29lv320_mfg_id                         0x20000004   Data           2  main.o(.data)
    am29lv320_dev_id                         0x20000006   Data           2  main.o(.data)
    am29lv320_cap_id                         0x20000008   Data           2  main.o(.data)
    g_tf_block_num                           0x2000000c   Data           4  main.o(.data)
    retSD                                    0x20000024   Data           1  fatfs.o(.data)
    SDPath                                   0x20000025   Data           4  fatfs.o(.data)
    FS_Desc                                  0x2000002c   Data          28  usbd_desc.o(.data)
    USBD_LangIDDesc                          0x20000048   Data           4  usbd_desc.o(.data)
    USBD_FS_DeviceDesc                       0x2000004c   Data          18  usbd_desc.o(.data)
    USBD_StringSerial                        0x20000060   Data          26  usbd_desc.o(.data)
    USBD_Storage_Interface_fops_FS           0x2000007c   Data          32  usbd_storage_if.o(.data)
    uwTickFreq                               0x2000009c   Data           1  stm32f1xx_hal.o(.data)
    uwTickPrio                               0x200000a0   Data           4  stm32f1xx_hal.o(.data)
    uwTick                                   0x200000a4   Data           4  stm32f1xx_hal.o(.data)
    SystemCoreClock                          0x200000ac   Data           4  system_stm32f1xx.o(.data)
    USBD_MSC                                 0x200000bc   Data          56  usbd_msc.o(.data)
    USBD_MSC_CfgHSDesc                       0x200000f4   Data          32  usbd_msc.o(.data)
    USBD_MSC_CfgFSDesc                       0x20000114   Data          32  usbd_msc.o(.data)
    USBD_MSC_OtherSpeedCfgDesc               0x20000134   Data          32  usbd_msc.o(.data)
    USBD_MSC_DeviceQualifierDesc             0x20000154   Data          10  usbd_msc.o(.data)
    __stdout                                 0x20000160   Data           4  stdout.o(.data)
    hrtc                                     0x200021e4   Data          20  main.o(.bss)
    hi2c1                                    0x200021f8   Data          84  main.o(.bss)
    hsd                                      0x2000224c   Data         132  main.o(.bss)
    hspi1                                    0x200022d0   Data          88  main.o(.bss)
    huart1                                   0x20002328   Data          72  main.o(.bss)
    hnor1                                    0x20002370   Data          72  main.o(.bss)
    hnand2                                   0x200023b8   Data          64  main.o(.bss)
    card_info                                0x200023f8   Data          32  main.o(.bss)
    hUsbDeviceFS                             0x20002418   Data         708  usb_device.o(.bss)
    USBD_StrDesc                             0x200026dc   Data        2048  usbd_desc.o(.bss)
    hpcd_USB_FS                              0x2000374c   Data         728  usbd_conf.o(.bss)
    disk                                     0x20003a3c   Data          12  ff_gen_drv.o(.bss)
    __initial_sp                             0x20007a48   Data           0  startup_stm32f103xe.o(STACK)



==============================================================================

Memory Map of the image

  Image Entry point : 0x08000131

  Load Region LR_IROM1 (Base: 0x08000000, Size: 0x0000adb4, Max: 0x00080000, ABSOLUTE, COMPRESSED[0x0000acfc])

    Execution Region ER_IROM1 (Exec base: 0x08000000, Load base: 0x08000000, Size: 0x0000ac50, Max: 0x00080000, ABSOLUTE)

    Exec Addr    Load Addr    Size         Type   Attr      Idx    E Section Name        Object

    0x08000000   0x08000000   0x00000130   Data   RO            3    RESET               startup_stm32f103xe.o
    0x08000130   0x08000130   0x00000000   Code   RO         6048  * .ARM.Collect$$$$00000000  mc_w.l(entry.o)
    0x08000130   0x08000130   0x00000004   Code   RO         6332    .ARM.Collect$$$$00000001  mc_w.l(entry2.o)
    0x08000134   0x08000134   0x00000004   Code   RO         6335    .ARM.Collect$$$$00000004  mc_w.l(entry5.o)
    0x08000138   0x08000138   0x00000000   Code   RO         6337    .ARM.Collect$$$$00000008  mc_w.l(entry7b.o)
    0x08000138   0x08000138   0x00000000   Code   RO         6339    .ARM.Collect$$$$0000000A  mc_w.l(entry8b.o)
    0x08000138   0x08000138   0x00000008   Code   RO         6340    .ARM.Collect$$$$0000000B  mc_w.l(entry9a.o)
    0x08000140   0x08000140   0x00000004   Code   RO         6347    .ARM.Collect$$$$0000000E  mc_w.l(entry12b.o)
    0x08000144   0x08000144   0x00000000   Code   RO         6342    .ARM.Collect$$$$0000000F  mc_w.l(entry10a.o)
    0x08000144   0x08000144   0x00000000   Code   RO         6344    .ARM.Collect$$$$00000011  mc_w.l(entry11a.o)
    0x08000144   0x08000144   0x00000004   Code   RO         6333    .ARM.Collect$$$$00002712  mc_w.l(entry2.o)
    0x08000148   0x08000148   0x00000024   Code   RO            4    .text               startup_stm32f103xe.o
    0x0800016c   0x0800016c   0x00000020   Code   RO         6051    .text               mc_w.l(llushr.o)
    0x0800018c   0x0800018c   0x00000024   Code   RO         6053    .text               mc_w.l(memseta.o)
    0x080001b0   0x080001b0   0x00000018   Code   RO         6055    .text               mc_w.l(strncpy.o)
    0x080001c8   0x080001c8   0x0000000e   Code   RO         6057    .text               mc_w.l(strlen.o)
    0x080001d6   0x080001d6   0x0000001c   Code   RO         6059    .text               mc_w.l(strcmp.o)
    0x080001f2   0x080001f2   0x00000016   Code   RO         6061    .text               mc_w.l(strrchr.o)
    0x08000208   0x08000208   0x00000064   Code   RO         6324    .text               mf_w.l(fmul.o)
    0x0800026c   0x0800026c   0x0000007c   Code   RO         6326    .text               mf_w.l(fdiv.o)
    0x080002e8   0x080002e8   0x0000000a   Code   RO         6328    .text               mf_w.l(ffltui.o)
    0x080002f2   0x080002f2   0x00000026   Code   RO         6330    .text               mf_w.l(f2d.o)
    0x08000318   0x08000318   0x0000002c   Code   RO         6349    .text               mc_w.l(uidiv.o)
    0x08000344   0x08000344   0x00000062   Code   RO         6351    .text               mc_w.l(uldiv.o)
    0x080003a6   0x080003a6   0x00000000   Code   RO         6353    .text               mc_w.l(iusefp.o)
    0x080003a6   0x080003a6   0x0000006e   Code   RO         6354    .text               mf_w.l(fepilogue.o)
    0x08000414   0x08000414   0x0000014e   Code   RO         6356    .text               mf_w.l(dadd.o)
    0x08000562   0x08000562   0x000000e4   Code   RO         6358    .text               mf_w.l(dmul.o)
    0x08000646   0x08000646   0x000000de   Code   RO         6360    .text               mf_w.l(ddiv.o)
    0x08000724   0x08000724   0x00000030   Code   RO         6362    .text               mf_w.l(dfixul.o)
    0x08000754   0x08000754   0x00000030   Code   RO         6364    .text               mf_w.l(cdrcmple.o)
    0x08000784   0x08000784   0x00000024   Code   RO         6366    .text               mc_w.l(init.o)
    0x080007a8   0x080007a8   0x0000001e   Code   RO         6368    .text               mc_w.l(llshl.o)
    0x080007c6   0x080007c6   0x00000024   Code   RO         6370    .text               mc_w.l(llsshr.o)
    0x080007ea   0x080007ea   0x000000ba   Code   RO         6372    .text               mf_w.l(depilogue.o)
    0x080008a4   0x080008a4   0x00000056   Code   RO         6382    .text               mc_w.l(__dczerorl2.o)
    0x080008fa   0x080008fa   0x00000002   PAD
    0x080008fc   0x080008fc   0x000005b4   Code   RO           13    i.AM29LV320_Chip_Erase  main.o
    0x08000eb0   0x08000eb0   0x0000000c   Code   RO           14    i.AM29LV320_Parse_CFI_Capacity  main.o
    0x08000ebc   0x08000ebc   0x00000012   Code   RO           15    i.AM29LV320_Read_0x0000  main.o
    0x08000ece   0x08000ece   0x00000030   Code   RO           16    i.AM29LV320_Read_CFI_Capacity  main.o
    0x08000efe   0x08000efe   0x0000003a   Code   RO           17    i.AM29LV320_Read_Data  main.o
    0x08000f38   0x08000f38   0x0000005c   Code   RO           18    i.AM29LV320_Read_ID  main.o
    0x08000f94   0x08000f94   0x000008b0   Code   RO           19    i.AM29LV320_Write_Data_From_File  main.o
    0x08001844   0x08001844   0x00000134   Code   RO           20    i.AM29_Get_Id_And_Read10  main.o
    0x08001978   0x08001978   0x00000294   Code   RO           21    i.AM29_List_Bin_Files  main.o
    0x08001c0c   0x08001c0c   0x00000018   Code   RO          679    i.BSP_PlatformIsDetected  fatfs_platform.o
    0x08001c24   0x08001c24   0x0000000c   Code   RO          561    i.BSP_SD_GetCardInfo  bsp_driver_sd.o
    0x08001c30   0x08001c30   0x00000018   Code   RO          562    i.BSP_SD_GetCardState  bsp_driver_sd.o
    0x08001c48   0x08001c48   0x00000030   Code   RO          564    i.BSP_SD_Init       bsp_driver_sd.o
    0x08001c78   0x08001c78   0x0000001a   Code   RO          565    i.BSP_SD_IsDetected  bsp_driver_sd.o
    0x08001c92   0x08001c92   0x00000002   PAD
    0x08001c94   0x08001c94   0x00000020   Code   RO          566    i.BSP_SD_ReadBlocks  bsp_driver_sd.o
    0x08001cb4   0x08001cb4   0x00000020   Code   RO          569    i.BSP_SD_WriteBlocks  bsp_driver_sd.o
    0x08001cd4   0x08001cd4   0x00000002   Code   RO          364    i.BusFault_Handler  stm32f1xx_it.o
    0x08001cd6   0x08001cd6   0x00000002   Code   RO          365    i.DebugMon_Handler  stm32f1xx_it.o
    0x08001cd8   0x08001cd8   0x00000004   Code   RO           22    i.Error_Handler     main.o
    0x08001cdc   0x08001cdc   0x00000006   Code   RO         5400    i.FATFS_LinkDriver  ff_gen_drv.o
    0x08001ce2   0x08001ce2   0x00000002   PAD
    0x08001ce4   0x08001ce4   0x00000040   Code   RO         5401    i.FATFS_LinkDriverEx  ff_gen_drv.o
    0x08001d24   0x08001d24   0x00000028   Code   RO         2633    i.FSMC_NAND_AttributeSpace_Timing_Init  stm32f1xx_ll_fsmc.o
    0x08001d4c   0x08001d4c   0x00000028   Code   RO         2634    i.FSMC_NAND_CommonSpace_Timing_Init  stm32f1xx_ll_fsmc.o
    0x08001d74   0x08001d74   0x00000048   Code   RO         2639    i.FSMC_NAND_Init    stm32f1xx_ll_fsmc.o
    0x08001dbc   0x08001dbc   0x0000003c   Code   RO         2641    i.FSMC_NORSRAM_Extended_Timing_Init  stm32f1xx_ll_fsmc.o
    0x08001df8   0x08001df8   0x00000068   Code   RO         2642    i.FSMC_NORSRAM_Init  stm32f1xx_ll_fsmc.o
    0x08001e60   0x08001e60   0x0000003c   Code   RO         2643    i.FSMC_NORSRAM_Timing_Init  stm32f1xx_ll_fsmc.o
    0x08001e9c   0x08001e9c   0x00000010   Code   RO         2644    i.FSMC_NORSRAM_WriteOperation_Disable  stm32f1xx_ll_fsmc.o
    0x08001eac   0x08001eac   0x00000024   Code   RO         1663    i.HAL_Delay         stm32f1xx_hal.o
    0x08001ed0   0x08001ed0   0x000000a8   Code   RO          451    i.HAL_FSMC_MspInit  stm32f1xx_hal_msp.o
    0x08001f78   0x08001f78   0x0000013c   Code   RO         1970    i.HAL_GPIO_DeInit   stm32f1xx_hal_gpio.o
    0x080020b4   0x080020b4   0x000001f8   Code   RO         1973    i.HAL_GPIO_Init     stm32f1xx_hal_gpio.o
    0x080022ac   0x080022ac   0x0000000a   Code   RO         1975    i.HAL_GPIO_ReadPin  stm32f1xx_hal_gpio.o
    0x080022b6   0x080022b6   0x00000010   Code   RO         1976    i.HAL_GPIO_TogglePin  stm32f1xx_hal_gpio.o
    0x080022c6   0x080022c6   0x0000000a   Code   RO         1977    i.HAL_GPIO_WritePin  stm32f1xx_hal_gpio.o
    0x080022d0   0x080022d0   0x0000000c   Code   RO         1667    i.HAL_GetTick       stm32f1xx_hal.o
    0x080022dc   0x080022dc   0x0000000c   Code   RO         1668    i.HAL_GetTickFreq   stm32f1xx_hal.o
    0x080022e8   0x080022e8   0x00000188   Code   RO         3060    i.HAL_I2C_Init      stm32f1xx_hal_i2c.o
    0x08002470   0x08002470   0x0000005c   Code   RO          453    i.HAL_I2C_MspInit   stm32f1xx_hal_msp.o
    0x080024cc   0x080024cc   0x00000010   Code   RO         1673    i.HAL_IncTick       stm32f1xx_hal.o
    0x080024dc   0x080024dc   0x00000024   Code   RO         1674    i.HAL_Init          stm32f1xx_hal.o
    0x08002500   0x08002500   0x00000040   Code   RO         1675    i.HAL_InitTick      stm32f1xx_hal.o
    0x08002540   0x08002540   0x0000003c   Code   RO          454    i.HAL_MspInit       stm32f1xx_hal_msp.o
    0x0800257c   0x0800257c   0x00000062   Code   RO         2897    i.HAL_NAND_Init     stm32f1xx_hal_nand.o
    0x080025de   0x080025de   0x00000004   Code   RO          456    i.HAL_NAND_MspInit  stm32f1xx_hal_msp.o
    0x080025e2   0x080025e2   0x00000002   PAD
    0x080025e4   0x080025e4   0x000000dc   Code   RO         2764    i.HAL_NOR_Init      stm32f1xx_hal_nor.o
    0x080026c0   0x080026c0   0x00000004   Code   RO          458    i.HAL_NOR_MspInit   stm32f1xx_hal_msp.o
    0x080026c4   0x080026c4   0x0000007a   Code   RO         2774    i.HAL_NOR_ReturnToReadMode  stm32f1xx_hal_nor.o
    0x0800273e   0x0800273e   0x0000001a   Code   RO         2133    i.HAL_NVIC_EnableIRQ  stm32f1xx_hal_cortex.o
    0x08002758   0x08002758   0x00000040   Code   RO         2139    i.HAL_NVIC_SetPriority  stm32f1xx_hal_cortex.o
    0x08002798   0x08002798   0x00000024   Code   RO         2140    i.HAL_NVIC_SetPriorityGrouping  stm32f1xx_hal_cortex.o
    0x080027bc   0x080027bc   0x0000003c   Code   RO         1430    i.HAL_PCDEx_PMAConfig  stm32f1xx_hal_pcd_ex.o
    0x080027f8   0x080027f8   0x00000002   Code   RO          943    i.HAL_PCDEx_SetConnectionState  usbd_conf.o
    0x080027fa   0x080027fa   0x00000012   Code   RO          945    i.HAL_PCD_DataInStageCallback  usbd_conf.o
    0x0800280c   0x0800280c   0x00000014   Code   RO          946    i.HAL_PCD_DataOutStageCallback  usbd_conf.o
    0x08002820   0x08002820   0x0000004a   Code   RO         1201    i.HAL_PCD_EP_Close  stm32f1xx_hal_pcd.o
    0x0800286a   0x0800286a   0x0000005a   Code   RO         1202    i.HAL_PCD_EP_ClrStall  stm32f1xx_hal_pcd.o
    0x080028c4   0x080028c4   0x000000e6   Code   RO         1203    i.HAL_PCD_EP_DB_Receive  stm32f1xx_hal_pcd.o
    0x080029aa   0x080029aa   0x00000338   Code   RO         1204    i.HAL_PCD_EP_DB_Transmit  stm32f1xx_hal_pcd.o
    0x08002ce2   0x08002ce2   0x00000034   Code   RO         1205    i.HAL_PCD_EP_Flush  stm32f1xx_hal_pcd.o
    0x08002d16   0x08002d16   0x00000012   Code   RO         1206    i.HAL_PCD_EP_GetRxCount  stm32f1xx_hal_pcd.o
    0x08002d28   0x08002d28   0x00000058   Code   RO         1207    i.HAL_PCD_EP_Open   stm32f1xx_hal_pcd.o
    0x08002d80   0x08002d80   0x0000002e   Code   RO         1208    i.HAL_PCD_EP_Receive  stm32f1xx_hal_pcd.o
    0x08002dae   0x08002dae   0x00000070   Code   RO         1209    i.HAL_PCD_EP_SetStall  stm32f1xx_hal_pcd.o
    0x08002e1e   0x08002e1e   0x0000002e   Code   RO         1210    i.HAL_PCD_EP_Transmit  stm32f1xx_hal_pcd.o
    0x08002e4c   0x08002e4c   0x00000134   Code   RO         1212    i.HAL_PCD_IRQHandler  stm32f1xx_hal_pcd.o
    0x08002f80   0x08002f80   0x000000ba   Code   RO         1215    i.HAL_PCD_Init      stm32f1xx_hal_pcd.o
    0x0800303a   0x0800303a   0x00000002   PAD
    0x0800303c   0x0800303c   0x0000003c   Code   RO          951    i.HAL_PCD_MspInit   usbd_conf.o
    0x08003078   0x08003078   0x00000026   Code   RO          952    i.HAL_PCD_ResetCallback  usbd_conf.o
    0x0800309e   0x0800309e   0x00000008   Code   RO          953    i.HAL_PCD_ResumeCallback  usbd_conf.o
    0x080030a6   0x080030a6   0x00000008   Code   RO          954    i.HAL_PCD_SOFCallback  usbd_conf.o
    0x080030ae   0x080030ae   0x00000026   Code   RO         1221    i.HAL_PCD_SetAddress  stm32f1xx_hal_pcd.o
    0x080030d4   0x080030d4   0x0000000e   Code   RO          955    i.HAL_PCD_SetupStageCallback  usbd_conf.o
    0x080030e2   0x080030e2   0x00000032   Code   RO         1223    i.HAL_PCD_Start     stm32f1xx_hal_pcd.o
    0x08003114   0x08003114   0x00000024   Code   RO          956    i.HAL_PCD_SuspendCallback  usbd_conf.o
    0x08003138   0x08003138   0x0000000c   Code   RO         2255    i.HAL_PWR_EnableBkUpAccess  stm32f1xx_hal_pwr.o
    0x08003144   0x08003144   0x000000b8   Code   RO         1934    i.HAL_RCCEx_GetPeriphCLKFreq  stm32f1xx_hal_rcc_ex.o
    0x080031fc   0x080031fc   0x000000ec   Code   RO         1935    i.HAL_RCCEx_PeriphCLKConfig  stm32f1xx_hal_rcc_ex.o
    0x080032e8   0x080032e8   0x0000012c   Code   RO         1831    i.HAL_RCC_ClockConfig  stm32f1xx_hal_rcc.o
    0x08003414   0x08003414   0x00000020   Code   RO         1838    i.HAL_RCC_GetPCLK1Freq  stm32f1xx_hal_rcc.o
    0x08003434   0x08003434   0x00000020   Code   RO         1839    i.HAL_RCC_GetPCLK2Freq  stm32f1xx_hal_rcc.o
    0x08003454   0x08003454   0x0000004c   Code   RO         1840    i.HAL_RCC_GetSysClockFreq  stm32f1xx_hal_rcc.o
    0x080034a0   0x080034a0   0x00000320   Code   RO         1843    i.HAL_RCC_OscConfig  stm32f1xx_hal_rcc.o
    0x080037c0   0x080037c0   0x0000004e   Code   RO         4723    i.HAL_RTC_GetDate   stm32f1xx_hal_rtc.o
    0x0800380e   0x0800380e   0x000000d8   Code   RO         4725    i.HAL_RTC_GetTime   stm32f1xx_hal_rtc.o
    0x080038e6   0x080038e6   0x00000002   PAD
    0x080038e8   0x080038e8   0x00000094   Code   RO         4726    i.HAL_RTC_Init      stm32f1xx_hal_rtc.o
    0x0800397c   0x0800397c   0x00000018   Code   RO           24    i.HAL_RTC_MspInit   main.o
    0x08003994   0x08003994   0x000000c4   Code   RO         4732    i.HAL_RTC_SetDate   stm32f1xx_hal_rtc.o
    0x08003a58   0x08003a58   0x000000ac   Code   RO         4733    i.HAL_RTC_SetTime   stm32f1xx_hal_rtc.o
    0x08003b04   0x08003b04   0x0000003a   Code   RO         4734    i.HAL_RTC_WaitForSynchro  stm32f1xx_hal_rtc.o
    0x08003b3e   0x08003b3e   0x00000002   PAD
    0x08003b40   0x08003b40   0x00000118   Code   RO         3775    i.HAL_SD_ConfigWideBusOperation  stm32f1xx_hal_sd.o
    0x08003c58   0x08003c58   0x00000026   Code   RO         3776    i.HAL_SD_DeInit     stm32f1xx_hal_sd.o
    0x08003c7e   0x08003c7e   0x00000002   PAD
    0x08003c80   0x08003c80   0x00000198   Code   RO         3780    i.HAL_SD_GetCardCSD  stm32f1xx_hal_sd.o
    0x08003e18   0x08003e18   0x00000024   Code   RO         3781    i.HAL_SD_GetCardInfo  stm32f1xx_hal_sd.o
    0x08003e3c   0x08003e3c   0x0000002c   Code   RO         3782    i.HAL_SD_GetCardState  stm32f1xx_hal_sd.o
    0x08003e68   0x08003e68   0x00000006   Code   RO         3785    i.HAL_SD_GetState   stm32f1xx_hal_sd.o
    0x08003e6e   0x08003e6e   0x00000036   Code   RO         3787    i.HAL_SD_Init       stm32f1xx_hal_sd.o
    0x08003ea4   0x08003ea4   0x00000078   Code   RO         3788    i.HAL_SD_InitCard   stm32f1xx_hal_sd.o
    0x08003f1c   0x08003f1c   0x0000003c   Code   RO          459    i.HAL_SD_MspDeInit  stm32f1xx_hal_msp.o
    0x08003f58   0x08003f58   0x00000084   Code   RO          460    i.HAL_SD_MspInit    stm32f1xx_hal_msp.o
    0x08003fdc   0x08003fdc   0x000001e0   Code   RO         3791    i.HAL_SD_ReadBlocks  stm32f1xx_hal_sd.o
    0x080041bc   0x080041bc   0x000001b0   Code   RO         3796    i.HAL_SD_WriteBlocks  stm32f1xx_hal_sd.o
    0x0800436c   0x0800436c   0x000000b2   Code   RO         4008    i.HAL_SPI_Init      stm32f1xx_hal_spi.o
    0x0800441e   0x0800441e   0x00000002   PAD
    0x08004420   0x08004420   0x00000070   Code   RO          462    i.HAL_SPI_MspInit   stm32f1xx_hal_msp.o
    0x08004490   0x08004490   0x00000028   Code   RO         2144    i.HAL_SYSTICK_Config  stm32f1xx_hal_cortex.o
    0x080044b8   0x080044b8   0x00000036   Code   RO         4380    i.HAL_UART_DeInit   stm32f1xx_hal_uart.o
    0x080044ee   0x080044ee   0x00000064   Code   RO         4385    i.HAL_UART_Init     stm32f1xx_hal_uart.o
    0x08004552   0x08004552   0x00000002   PAD
    0x08004554   0x08004554   0x0000002c   Code   RO          463    i.HAL_UART_MspDeInit  stm32f1xx_hal_msp.o
    0x08004580   0x08004580   0x00000070   Code   RO          464    i.HAL_UART_MspInit  stm32f1xx_hal_msp.o
    0x080045f0   0x080045f0   0x000000b0   Code   RO         4388    i.HAL_UART_Receive  stm32f1xx_hal_uart.o
    0x080046a0   0x080046a0   0x000000a0   Code   RO         4393    i.HAL_UART_Transmit  stm32f1xx_hal_uart.o
    0x08004740   0x08004740   0x00000002   Code   RO          366    i.HardFault_Handler  stm32f1xx_it.o
    0x08004742   0x08004742   0x00000002   PAD
    0x08004744   0x08004744   0x00000038   Code   RO          796    i.IntToUnicode      usbd_desc.o
    0x0800477c   0x0800477c   0x00000042   Code   RO         5886    i.MSC_BOT_Abort     usbd_msc_bot.o
    0x080047be   0x080047be   0x00000002   PAD
    0x080047c0   0x080047c0   0x000000cc   Code   RO         5887    i.MSC_BOT_CBW_Decode  usbd_msc_bot.o
    0x0800488c   0x0800488c   0x0000002a   Code   RO         5888    i.MSC_BOT_CplClrFeature  usbd_msc_bot.o
    0x080048b6   0x080048b6   0x0000003a   Code   RO         5889    i.MSC_BOT_DataIn    usbd_msc_bot.o
    0x080048f0   0x080048f0   0x0000003a   Code   RO         5890    i.MSC_BOT_DataOut   usbd_msc_bot.o
    0x0800492a   0x0800492a   0x0000000a   Code   RO         5891    i.MSC_BOT_DeInit    usbd_msc_bot.o
    0x08004934   0x08004934   0x00000042   Code   RO         5892    i.MSC_BOT_Init      usbd_msc_bot.o
    0x08004976   0x08004976   0x00000016   Code   RO         5893    i.MSC_BOT_Reset     usbd_msc_bot.o
    0x0800498c   0x0800498c   0x0000003c   Code   RO         5894    i.MSC_BOT_SendCSW   usbd_msc_bot.o
    0x080049c8   0x080049c8   0x0000001c   Code   RO          703    i.MX_FATFS_Init     fatfs.o
    0x080049e4   0x080049e4   0x000000e0   Code   RO           26    i.MX_FSMC_Init      main.o
    0x08004ac4   0x08004ac4   0x00000104   Code   RO           27    i.MX_GPIO_Init      main.o
    0x08004bc8   0x08004bc8   0x000000d8   Code   RO           28    i.MX_RTC_Init       main.o
    0x08004ca0   0x08004ca0   0x000000e0   Code   RO           29    i.MX_SDIO_SD_Init   main.o
    0x08004d80   0x08004d80   0x00000044   Code   RO           30    i.MX_SPI1_Init      main.o
    0x08004dc4   0x08004dc4   0x00000200   Code   RO          741    i.MX_USB_DEVICE_Init  usb_device.o
    0x08004fc4   0x08004fc4   0x00000002   Code   RO          367    i.MemManage_Handler  stm32f1xx_it.o
    0x08004fc6   0x08004fc6   0x00000002   Code   RO          368    i.NMI_Handler       stm32f1xx_it.o
    0x08004fc8   0x08004fc8   0x000003a6   Code   RO         1227    i.PCD_EP_ISR_Handler  stm32f1xx_hal_pcd.o
    0x0800536e   0x0800536e   0x00000002   Code   RO          369    i.PendSV_Handler    stm32f1xx_it.o
    0x08005370   0x08005370   0x00000012   Code   RO         4735    i.RTC_Bcd2ToByte    stm32f1xx_hal_rtc.o
    0x08005382   0x08005382   0x00000016   Code   RO         4736    i.RTC_ByteToBcd2    stm32f1xx_hal_rtc.o
    0x08005398   0x08005398   0x000000ae   Code   RO         4737    i.RTC_DateUpdate    stm32f1xx_hal_rtc.o
    0x08005446   0x08005446   0x00000034   Code   RO         4738    i.RTC_EnterInitMode  stm32f1xx_hal_rtc.o
    0x0800547a   0x0800547a   0x00000002   PAD
    0x0800547c   0x0800547c   0x00000036   Code   RO         4739    i.RTC_ExitInitMode  stm32f1xx_hal_rtc.o
    0x080054b2   0x080054b2   0x0000000e   Code   RO         4740    i.RTC_ReadAlarmCounter  stm32f1xx_hal_rtc.o
    0x080054c0   0x080054c0   0x00000020   Code   RO         4741    i.RTC_ReadTimeCounter  stm32f1xx_hal_rtc.o
    0x080054e0   0x080054e0   0x00000056   Code   RO         4742    i.RTC_WeekDayNum    stm32f1xx_hal_rtc.o
    0x08005536   0x08005536   0x00000028   Code   RO         4743    i.RTC_WriteAlarmCounter  stm32f1xx_hal_rtc.o
    0x0800555e   0x0800555e   0x00000028   Code   RO         4744    i.RTC_WriteTimeCounter  stm32f1xx_hal_rtc.o
    0x08005586   0x08005586   0x00000022   Code   RO         5982    i.SCSI_CheckAddressRange  usbd_msc_scsi.o
    0x080055a8   0x080055a8   0x000001d4   Code   RO         5983    i.SCSI_ProcessCmd   usbd_msc_scsi.o
    0x0800577c   0x0800577c   0x00000096   Code   RO         5984    i.SCSI_ProcessRead  usbd_msc_scsi.o
    0x08005812   0x08005812   0x000000a4   Code   RO         5985    i.SCSI_ProcessWrite  usbd_msc_scsi.o
    0x080058b6   0x080058b6   0x0000009c   Code   RO         5986    i.SCSI_Read10       usbd_msc_scsi.o
    0x08005952   0x08005952   0x00000056   Code   RO         5987    i.SCSI_ReadCapacity10  usbd_msc_scsi.o
    0x080059a8   0x080059a8   0x0000006e   Code   RO         5988    i.SCSI_ReadFormatCapacity  usbd_msc_scsi.o
    0x08005a16   0x08005a16   0x00000034   Code   RO         5989    i.SCSI_SenseCode    usbd_msc_scsi.o
    0x08005a4a   0x08005a4a   0x000000be   Code   RO         5990    i.SCSI_Write10      usbd_msc_scsi.o
    0x08005b08   0x08005b08   0x00000024   Code   RO         3486    i.SDIO_ConfigData   stm32f1xx_ll_sdmmc.o
    0x08005b2c   0x08005b2c   0x00000008   Code   RO         3490    i.SDIO_GetPowerState  stm32f1xx_ll_sdmmc.o
    0x08005b34   0x08005b34   0x00000006   Code   RO         3491    i.SDIO_GetResponse  stm32f1xx_ll_sdmmc.o
    0x08005b3a   0x08005b3a   0x00000024   Code   RO         3492    i.SDIO_Init         stm32f1xx_ll_sdmmc.o
    0x08005b5e   0x08005b5e   0x00000008   Code   RO         3493    i.SDIO_PowerState_OFF  stm32f1xx_ll_sdmmc.o
    0x08005b66   0x08005b66   0x00000008   Code   RO         3494    i.SDIO_PowerState_ON  stm32f1xx_ll_sdmmc.o
    0x08005b6e   0x08005b6e   0x00000006   Code   RO         3495    i.SDIO_ReadFIFO     stm32f1xx_ll_sdmmc.o
    0x08005b74   0x08005b74   0x00000020   Code   RO         3496    i.SDIO_SendCommand  stm32f1xx_ll_sdmmc.o
    0x08005b94   0x08005b94   0x0000000a   Code   RO         3498    i.SDIO_WriteFIFO    stm32f1xx_ll_sdmmc.o
    0x08005b9e   0x08005b9e   0x00000032   Code   RO         3499    i.SDMMC_CmdAppCommand  stm32f1xx_ll_sdmmc.o
    0x08005bd0   0x08005bd0   0x00000034   Code   RO         3500    i.SDMMC_CmdAppOperCommand  stm32f1xx_ll_sdmmc.o
    0x08005c04   0x08005c04   0x00000032   Code   RO         3501    i.SDMMC_CmdBlockLength  stm32f1xx_ll_sdmmc.o
    0x08005c36   0x08005c36   0x00000032   Code   RO         3502    i.SDMMC_CmdBusWidth  stm32f1xx_ll_sdmmc.o
    0x08005c68   0x08005c68   0x00000050   Code   RO         3506    i.SDMMC_CmdGoIdleState  stm32f1xx_ll_sdmmc.o
    0x08005cb8   0x08005cb8   0x00000030   Code   RO         3508    i.SDMMC_CmdOperCond  stm32f1xx_ll_sdmmc.o
    0x08005ce8   0x08005ce8   0x00000032   Code   RO         3509    i.SDMMC_CmdReadMultiBlock  stm32f1xx_ll_sdmmc.o
    0x08005d1a   0x08005d1a   0x00000032   Code   RO         3510    i.SDMMC_CmdReadSingleBlock  stm32f1xx_ll_sdmmc.o
    0x08005d4c   0x08005d4c   0x00000032   Code   RO         3513    i.SDMMC_CmdSelDesel  stm32f1xx_ll_sdmmc.o
    0x08005d7e   0x08005d7e   0x0000002c   Code   RO         3514    i.SDMMC_CmdSendCID  stm32f1xx_ll_sdmmc.o
    0x08005daa   0x08005daa   0x0000002c   Code   RO         3515    i.SDMMC_CmdSendCSD  stm32f1xx_ll_sdmmc.o
    0x08005dd6   0x08005dd6   0x00000030   Code   RO         3517    i.SDMMC_CmdSendSCR  stm32f1xx_ll_sdmmc.o
    0x08005e06   0x08005e06   0x00000032   Code   RO         3518    i.SDMMC_CmdSendStatus  stm32f1xx_ll_sdmmc.o
    0x08005e38   0x08005e38   0x00000030   Code   RO         3519    i.SDMMC_CmdSetRelAdd  stm32f1xx_ll_sdmmc.o
    0x08005e68   0x08005e68   0x00000034   Code   RO         3522    i.SDMMC_CmdStopTransfer  stm32f1xx_ll_sdmmc.o
    0x08005e9c   0x08005e9c   0x00000032   Code   RO         3524    i.SDMMC_CmdWriteMultiBlock  stm32f1xx_ll_sdmmc.o
    0x08005ece   0x08005ece   0x00000032   Code   RO         3525    i.SDMMC_CmdWriteSingleBlock  stm32f1xx_ll_sdmmc.o
    0x08005f00   0x08005f00   0x00000120   Code   RO         3526    i.SDMMC_GetCmdResp1  stm32f1xx_ll_sdmmc.o
    0x08006020   0x08006020   0x00000050   Code   RO         3527    i.SDMMC_GetCmdResp2  stm32f1xx_ll_sdmmc.o
    0x08006070   0x08006070   0x00000044   Code   RO         3528    i.SDMMC_GetCmdResp3  stm32f1xx_ll_sdmmc.o
    0x080060b4   0x080060b4   0x00000088   Code   RO         3529    i.SDMMC_GetCmdResp6  stm32f1xx_ll_sdmmc.o
    0x0800613c   0x0800613c   0x00000058   Code   RO         3530    i.SDMMC_GetCmdResp7  stm32f1xx_ll_sdmmc.o
    0x08006194   0x08006194   0x000000e0   Code   RO         3804    i.SD_FindSCR        stm32f1xx_hal_sd.o
    0x08006274   0x08006274   0x000000ee   Code   RO         3805    i.SD_InitCard       stm32f1xx_hal_sd.o
    0x08006362   0x08006362   0x00000002   PAD
    0x08006364   0x08006364   0x000000b4   Code   RO         3806    i.SD_PowerON        stm32f1xx_hal_sd.o
    0x08006418   0x08006418   0x00000020   Code   RO         5480    i.SD_initialize     sd_diskio.o
    0x08006438   0x08006438   0x00000050   Code   RO         5481    i.SD_ioctl          sd_diskio.o
    0x08006488   0x08006488   0x0000003c   Code   RO         5482    i.SD_read           sd_diskio.o
    0x080064c4   0x080064c4   0x00000020   Code   RO         5483    i.SD_status         sd_diskio.o
    0x080064e4   0x080064e4   0x0000003c   Code   RO         5484    i.SD_write          sd_diskio.o
    0x08006520   0x08006520   0x00000058   Code   RO          882    i.STORAGE_GetCapacity_FS  usbd_storage_if.o
    0x08006578   0x08006578   0x00000004   Code   RO          883    i.STORAGE_GetMaxLun_FS  usbd_storage_if.o
    0x0800657c   0x0800657c   0x00000004   Code   RO          884    i.STORAGE_Init_FS   usbd_storage_if.o
    0x08006580   0x08006580   0x00000038   Code   RO          885    i.STORAGE_IsReady_FS  usbd_storage_if.o
    0x080065b8   0x080065b8   0x00000038   Code   RO          886    i.STORAGE_IsWriteProtected_FS  usbd_storage_if.o
    0x080065f0   0x080065f0   0x00000058   Code   RO          887    i.STORAGE_Read_FS   usbd_storage_if.o
    0x08006648   0x08006648   0x000000ac   Code   RO          888    i.STORAGE_Write_FS  usbd_storage_if.o
    0x080066f4   0x080066f4   0x00000002   Code   RO          370    i.SVC_Handler       stm32f1xx_it.o
    0x080066f6   0x080066f6   0x00000004   Code   RO          371    i.SysTick_Handler   stm32f1xx_it.o
    0x080066fa   0x080066fa   0x00000078   Code   RO           31    i.SystemClock_Config  main.o
    0x08006772   0x08006772   0x00000002   Code   RO         4991    i.SystemInit        system_stm32f1xx.o
    0x08006774   0x08006774   0x0000004e   Code   RO         4408    i.UART_EndRxTransfer  stm32f1xx_hal_uart.o
    0x080067c2   0x080067c2   0x00000002   PAD
    0x080067c4   0x080067c4   0x00000110   Code   RO           32    i.UART_Menu_Show    main.o
    0x080068d4   0x080068d4   0x000000f8   Code   RO           33    i.UART_Read_User_Input  main.o
    0x080069cc   0x080069cc   0x000000b8   Code   RO         4411    i.UART_SetConfig    stm32f1xx_hal_uart.o
    0x08006a84   0x08006a84   0x00000072   Code   RO         4414    i.UART_WaitOnFlagUntilTimeout  stm32f1xx_hal_uart.o
    0x08006af6   0x08006af6   0x0000000e   Code   RO         5538    i.USBD_ClrClassConfig  usbd_core.o
    0x08006b04   0x08006b04   0x00000010   Code   RO         5741    i.USBD_CtlContinueRx  usbd_ioreq.o
    0x08006b14   0x08006b14   0x00000010   Code   RO         5742    i.USBD_CtlContinueSendData  usbd_ioreq.o
    0x08006b24   0x08006b24   0x00000016   Code   RO         5676    i.USBD_CtlError     usbd_ctlreq.o
    0x08006b3a   0x08006b3a   0x00000016   Code   RO         5744    i.USBD_CtlReceiveStatus  usbd_ioreq.o
    0x08006b50   0x08006b50   0x0000001a   Code   RO         5745    i.USBD_CtlSendData  usbd_ioreq.o
    0x08006b6a   0x08006b6a   0x00000016   Code   RO         5746    i.USBD_CtlSendStatus  usbd_ioreq.o
    0x08006b80   0x08006b80   0x00000020   Code   RO          797    i.USBD_FS_ConfigStrDescriptor  usbd_desc.o
    0x08006ba0   0x08006ba0   0x0000000c   Code   RO          798    i.USBD_FS_DeviceDescriptor  usbd_desc.o
    0x08006bac   0x08006bac   0x00000024   Code   RO          799    i.USBD_FS_InterfaceStrDescriptor  usbd_desc.o
    0x08006bd0   0x08006bd0   0x0000000c   Code   RO          800    i.USBD_FS_LangIDStrDescriptor  usbd_desc.o
    0x08006bdc   0x08006bdc   0x00000028   Code   RO          801    i.USBD_FS_ManufacturerStrDescriptor  usbd_desc.o
    0x08006c04   0x08006c04   0x00000028   Code   RO          802    i.USBD_FS_ProductStrDescriptor  usbd_desc.o
    0x08006c2c   0x08006c2c   0x00000038   Code   RO          803    i.USBD_FS_SerialStrDescriptor  usbd_desc.o
    0x08006c64   0x08006c64   0x000000e8   Code   RO         5677    i.USBD_GetDescriptor  usbd_ctlreq.o
    0x08006d4c   0x08006d4c   0x00000048   Code   RO         5678    i.USBD_GetString    usbd_ctlreq.o
    0x08006d94   0x08006d94   0x00000018   Code   RO          957    i.USBD_Get_USB_Status  usbd_conf.o
    0x08006dac   0x08006dac   0x0000002a   Code   RO         5540    i.USBD_Init         usbd_core.o
    0x08006dd6   0x08006dd6   0x00000012   Code   RO          958    i.USBD_LL_ClearStallEP  usbd_conf.o
    0x08006de8   0x08006de8   0x00000012   Code   RO          959    i.USBD_LL_CloseEP   usbd_conf.o
    0x08006dfa   0x08006dfa   0x000000c6   Code   RO         5541    i.USBD_LL_DataInStage  usbd_core.o
    0x08006ec0   0x08006ec0   0x00000082   Code   RO         5542    i.USBD_LL_DataOutStage  usbd_core.o
    0x08006f42   0x08006f42   0x00000012   Code   RO          962    i.USBD_LL_FlushEP   usbd_conf.o
    0x08006f54   0x08006f54   0x00000008   Code   RO          963    i.USBD_LL_GetRxDataSize  usbd_conf.o
    0x08006f5c   0x08006f5c   0x00000070   Code   RO          964    i.USBD_LL_Init      usbd_conf.o
    0x08006fcc   0x08006fcc   0x0000001e   Code   RO          965    i.USBD_LL_IsStallEP  usbd_conf.o
    0x08006fea   0x08006fea   0x00000018   Code   RO          966    i.USBD_LL_OpenEP    usbd_conf.o
    0x08007002   0x08007002   0x00000012   Code   RO          967    i.USBD_LL_PrepareReceive  usbd_conf.o
    0x08007014   0x08007014   0x00000050   Code   RO         5547    i.USBD_LL_Reset     usbd_core.o
    0x08007064   0x08007064   0x00000014   Code   RO         5548    i.USBD_LL_Resume    usbd_core.o
    0x08007078   0x08007078   0x00000018   Code   RO         5549    i.USBD_LL_SOF       usbd_core.o
    0x08007090   0x08007090   0x00000006   Code   RO         5550    i.USBD_LL_SetSpeed  usbd_core.o
    0x08007096   0x08007096   0x00000012   Code   RO          968    i.USBD_LL_SetUSBAddress  usbd_conf.o
    0x080070a8   0x080070a8   0x0000005a   Code   RO         5551    i.USBD_LL_SetupStage  usbd_core.o
    0x08007102   0x08007102   0x00000012   Code   RO          969    i.USBD_LL_StallEP   usbd_conf.o
    0x08007114   0x08007114   0x00000012   Code   RO          970    i.USBD_LL_Start     usbd_conf.o
    0x08007126   0x08007126   0x00000012   Code   RO         5552    i.USBD_LL_Suspend   usbd_core.o
    0x08007138   0x08007138   0x00000012   Code   RO          972    i.USBD_LL_Transmit  usbd_conf.o
    0x0800714a   0x0800714a   0x0000000a   Code   RO         5801    i.USBD_MSC_DataIn   usbd_msc.o
    0x08007154   0x08007154   0x0000000a   Code   RO         5802    i.USBD_MSC_DataOut  usbd_msc.o
    0x0800715e   0x0800715e   0x00000032   Code   RO         5803    i.USBD_MSC_DeInit   usbd_msc.o
    0x08007190   0x08007190   0x0000000c   Code   RO         5804    i.USBD_MSC_GetDeviceQualifierDescriptor  usbd_msc.o
    0x0800719c   0x0800719c   0x0000000c   Code   RO         5805    i.USBD_MSC_GetFSCfgDesc  usbd_msc.o
    0x080071a8   0x080071a8   0x0000000c   Code   RO         5806    i.USBD_MSC_GetHSCfgDesc  usbd_msc.o
    0x080071b4   0x080071b4   0x0000000c   Code   RO         5807    i.USBD_MSC_GetOtherSpeedCfgDesc  usbd_msc.o
    0x080071c0   0x080071c0   0x0000005c   Code   RO         5808    i.USBD_MSC_Init     usbd_msc.o
    0x0800721c   0x0800721c   0x0000000a   Code   RO         5809    i.USBD_MSC_RegisterStorage  usbd_msc.o
    0x08007226   0x08007226   0x00000116   Code   RO         5810    i.USBD_MSC_Setup    usbd_msc.o
    0x0800733c   0x0800733c   0x00000028   Code   RO         5679    i.USBD_ParseSetupRequest  usbd_ctlreq.o
    0x08007364   0x08007364   0x00000010   Code   RO         5553    i.USBD_RegisterClass  usbd_core.o
    0x08007374   0x08007374   0x00000016   Code   RO         5555    i.USBD_SetClassConfig  usbd_core.o
    0x0800738a   0x0800738a   0x00000002   PAD
    0x0800738c   0x0800738c   0x00000084   Code   RO         5680    i.USBD_SetConfig    usbd_ctlreq.o
    0x08007410   0x08007410   0x0000000a   Code   RO         5556    i.USBD_Start        usbd_core.o
    0x0800741a   0x0800741a   0x00000112   Code   RO         5681    i.USBD_StdDevReq    usbd_ctlreq.o
    0x0800752c   0x0800752c   0x00000150   Code   RO         5682    i.USBD_StdEPReq     usbd_ctlreq.o
    0x0800767c   0x0800767c   0x0000004e   Code   RO         5683    i.USBD_StdItfReq    usbd_ctlreq.o
    0x080076ca   0x080076ca   0x00000002   Code   RO          973    i.USBD_static_free  usbd_conf.o
    0x080076cc   0x080076cc   0x00000008   Code   RO          974    i.USBD_static_malloc  usbd_conf.o
    0x080076d4   0x080076d4   0x0000029c   Code   RO         1470    i.USB_ActivateEndpoint  stm32f1xx_ll_usb.o
    0x08007970   0x08007970   0x00000004   Code   RO         1473    i.USB_CoreInit      stm32f1xx_ll_usb.o
    0x08007974   0x08007974   0x0000010e   Code   RO         1475    i.USB_DeactivateEndpoint  stm32f1xx_ll_usb.o
    0x08007a82   0x08007a82   0x00000004   Code   RO         1476    i.USB_DevConnect    stm32f1xx_ll_usb.o
    0x08007a86   0x08007a86   0x00000004   Code   RO         1477    i.USB_DevDisconnect  stm32f1xx_ll_usb.o
    0x08007a8a   0x08007a8a   0x00000012   Code   RO         1478    i.USB_DevInit       stm32f1xx_ll_usb.o
    0x08007a9c   0x08007a9c   0x0000000e   Code   RO         1479    i.USB_DisableGlobalInt  stm32f1xx_ll_usb.o
    0x08007aaa   0x08007aaa   0x00000004   Code   RO         1480    i.USB_EP0_OutStart  stm32f1xx_ll_usb.o
    0x08007aae   0x08007aae   0x00000078   Code   RO         1481    i.USB_EPClearStall  stm32f1xx_ll_usb.o
    0x08007b26   0x08007b26   0x00000032   Code   RO         1482    i.USB_EPSetStall    stm32f1xx_ll_usb.o
    0x08007b58   0x08007b58   0x000004e2   Code   RO         1483    i.USB_EPStartXfer   stm32f1xx_ll_usb.o
    0x0800803a   0x0800803a   0x00000012   Code   RO         1485    i.USB_EnableGlobalInt  stm32f1xx_ll_usb.o
    0x0800804c   0x0800804c   0x00000004   Code   RO         1486    i.USB_FlushRxFifo   stm32f1xx_ll_usb.o
    0x08008050   0x08008050   0x00000004   Code   RO         1487    i.USB_FlushTxFifo   stm32f1xx_ll_usb.o
    0x08008054   0x08008054   0x0000000c   Code   RO          372    i.USB_LP_CAN1_RX0_IRQHandler  stm32f1xx_it.o
    0x08008060   0x08008060   0x00000006   Code   RO         1492    i.USB_ReadInterrupts  stm32f1xx_ll_usb.o
    0x08008066   0x08008066   0x00000002   PAD
    0x08008068   0x08008068   0x0000002c   Code   RO         1493    i.USB_ReadPMA       stm32f1xx_ll_usb.o
    0x08008094   0x08008094   0x00000004   Code   RO         1494    i.USB_SetCurrentMode  stm32f1xx_ll_usb.o
    0x08008098   0x08008098   0x0000000c   Code   RO         1495    i.USB_SetDevAddress  stm32f1xx_ll_usb.o
    0x080080a4   0x080080a4   0x00000026   Code   RO         1497    i.USB_WritePMA      stm32f1xx_ll_usb.o
    0x080080ca   0x080080ca   0x00000002   Code   RO          373    i.UsageFault_Handler  stm32f1xx_it.o
    0x080080cc   0x080080cc   0x00000020   Code   RO         6296    i.__0printf         mc_w.l(printfa.o)
    0x080080ec   0x080080ec   0x00000028   Code   RO         6298    i.__0sprintf        mc_w.l(printfa.o)
    0x08008114   0x08008114   0x00000020   Code   RO         2146    i.__NVIC_SetPriority  stm32f1xx_hal_cortex.o
    0x08008134   0x08008134   0x0000000e   Code   RO         6376    i.__scatterload_copy  mc_w.l(handlers.o)
    0x08008142   0x08008142   0x00000002   Code   RO         6377    i.__scatterload_null  mc_w.l(handlers.o)
    0x08008144   0x08008144   0x0000000e   Code   RO         6378    i.__scatterload_zeroinit  mc_w.l(handlers.o)
    0x08008152   0x08008152   0x00000002   PAD
    0x08008154   0x08008154   0x00000184   Code   RO         6303    i._fp_digits        mc_w.l(printfa.o)
    0x080082d8   0x080082d8   0x000006b4   Code   RO         6304    i._printf_core      mc_w.l(printfa.o)
    0x0800898c   0x0800898c   0x00000024   Code   RO         6305    i._printf_post_padding  mc_w.l(printfa.o)
    0x080089b0   0x080089b0   0x0000002e   Code   RO         6306    i._printf_pre_padding  mc_w.l(printfa.o)
    0x080089de   0x080089de   0x0000000a   Code   RO         6308    i._sputc            mc_w.l(printfa.o)
    0x080089e8   0x080089e8   0x00000078   Code   RO         5083    i.check_fs          ff.o
    0x08008a60   0x08008a60   0x0000006c   Code   RO         5084    i.chk_lock          ff.o
    0x08008acc   0x08008acc   0x00000024   Code   RO         5085    i.clear_lock        ff.o
    0x08008af0   0x08008af0   0x0000002a   Code   RO         5086    i.clmt_clust        ff.o
    0x08008b1a   0x08008b1a   0x0000001e   Code   RO         5087    i.clust2sect        ff.o
    0x08008b38   0x08008b38   0x000000b0   Code   RO         5088    i.create_chain      ff.o
    0x08008be8   0x08008be8   0x00000100   Code   RO         5089    i.create_name       ff.o
    0x08008ce8   0x08008ce8   0x0000003c   Code   RO         5090    i.dec_lock          ff.o
    0x08008d24   0x08008d24   0x00000012   Code   RO           34    i.delaycmd          main.o
    0x08008d36   0x08008d36   0x00000002   PAD
    0x08008d38   0x08008d38   0x00000034   Code   RO           36    i.delayns_init      main.o
    0x08008d6c   0x08008d6c   0x0000011e   Code   RO         5091    i.dir_next          ff.o
    0x08008e8a   0x08008e8a   0x00000002   PAD
    0x08008e8c   0x08008e8c   0x00000066   Code   RO         5092    i.dir_read          ff.o
    0x08008ef2   0x08008ef2   0x00000076   Code   RO         5093    i.dir_register      ff.o
    0x08008f68   0x08008f68   0x00000098   Code   RO         5095    i.dir_sdi           ff.o
    0x08009000   0x08009000   0x00000028   Code   RO         5028    i.disk_initialize   diskio.o
    0x08009028   0x08009028   0x0000001c   Code   RO         5029    i.disk_ioctl        diskio.o
    0x08009044   0x08009044   0x0000001c   Code   RO         5030    i.disk_read         diskio.o
    0x08009060   0x08009060   0x00000018   Code   RO         5031    i.disk_status       diskio.o
    0x08009078   0x08009078   0x0000001c   Code   RO         5032    i.disk_write        diskio.o
    0x08009094   0x08009094   0x0000002a   Code   RO         5097    i.f_close           ff.o
    0x080090be   0x080090be   0x00000024   Code   RO         5098    i.f_closedir        ff.o
    0x080090e2   0x080090e2   0x00000002   PAD
    0x080090e4   0x080090e4   0x00000284   Code   RO         5101    i.f_lseek           ff.o
    0x08009368   0x08009368   0x0000005c   Code   RO         5104    i.f_mount           ff.o
    0x080093c4   0x080093c4   0x000001ac   Code   RO         5105    i.f_open            ff.o
    0x08009570   0x08009570   0x00000094   Code   RO         5106    i.f_opendir         ff.o
    0x08009604   0x08009604   0x0000018c   Code   RO         5110    i.f_read            ff.o
    0x08009790   0x08009790   0x00000052   Code   RO         5111    i.f_readdir         ff.o
    0x080097e2   0x080097e2   0x000000b8   Code   RO         5114    i.f_sync            ff.o
    0x0800989a   0x0800989a   0x00000002   PAD
    0x0800989c   0x0800989c   0x000002d0   Code   RO         5119    i.find_volume       ff.o
    0x08009b6c   0x08009b6c   0x000000c0   Code   RO         5120    i.follow_path       ff.o
    0x08009c2c   0x08009c2c   0x00000018   Code   RO           37    i.fputc             main.o
    0x08009c44   0x08009c44   0x000000cc   Code   RO         5121    i.get_fat           ff.o
    0x08009d10   0x08009d10   0x00000004   Code   RO          704    i.get_fattime       fatfs.o
    0x08009d14   0x08009d14   0x0000005a   Code   RO         5122    i.get_fileinfo      ff.o
    0x08009d6e   0x08009d6e   0x0000003c   Code   RO         5123    i.get_ldnumber      ff.o
    0x08009daa   0x08009daa   0x00000002   PAD
    0x08009dac   0x08009dac   0x000000a0   Code   RO         5124    i.inc_lock          ff.o
    0x08009e4c   0x08009e4c   0x00000026   Code   RO           38    i.is_leap_year      main.o
    0x08009e72   0x08009e72   0x00000014   Code   RO         5125    i.ld_clust          ff.o
    0x08009e86   0x08009e86   0x00000002   PAD
    0x08009e88   0x08009e88   0x00000350   Code   RO           39    i.main              main.o
    0x0800a1d8   0x0800a1d8   0x00000012   Code   RO         5126    i.mem_cpy           ff.o
    0x0800a1ea   0x0800a1ea   0x0000000e   Code   RO         5127    i.mem_set           ff.o
    0x0800a1f8   0x0800a1f8   0x00000036   Code   RO         5128    i.move_window       ff.o
    0x0800a22e   0x0800a22e   0x000000f6   Code   RO         5129    i.put_fat           ff.o
    0x0800a324   0x0800a324   0x0000006e   Code   RO         5131    i.remove_chain      ff.o
    0x0800a392   0x0800a392   0x00000002   PAD
    0x0800a394   0x0800a394   0x000000b0   Code   RO           40    i.rtc_to_unix_timestamp  main.o
    0x0800a444   0x0800a444   0x00000010   Code   RO         5132    i.st_clust          ff.o
    0x0800a454   0x0800a454   0x00000438   Code   RO           41    i.switch_to_udisk   main.o
    0x0800a88c   0x0800a88c   0x000000b6   Code   RO         5133    i.sync_fs           ff.o
    0x0800a942   0x0800a942   0x00000060   Code   RO         5134    i.sync_window       ff.o
    0x0800a9a2   0x0800a9a2   0x0000002c   Code   RO         5135    i.validate          ff.o
    0x0800a9ce   0x0800a9ce   0x0000000c   Data   RO           43    .constdata          main.o
    0x0800a9da   0x0800a9da   0x00000024   Data   RO          889    .constdata          usbd_storage_if.o
    0x0800a9fe   0x0800a9fe   0x00000012   Data   RO         1844    .constdata          stm32f1xx_hal_rcc.o
    0x0800aa10   0x0800aa10   0x00000012   Data   RO         1936    .constdata          stm32f1xx_hal_rcc_ex.o
    0x0800aa22   0x0800aa22   0x00000010   Data   RO         4992    .constdata          system_stm32f1xx.o
    0x0800aa32   0x0800aa32   0x00000008   Data   RO         4993    .constdata          system_stm32f1xx.o
    0x0800aa3a   0x0800aa3a   0x000000ac   Data   RO         5137    .constdata          ff.o
    0x0800aae6   0x0800aae6   0x00000002   PAD
    0x0800aae8   0x0800aae8   0x00000014   Data   RO         5485    .constdata          sd_diskio.o
    0x0800aafc   0x0800aafc   0x00000007   Data   RO         5956    .constdata          usbd_msc_data.o
    0x0800ab03   0x0800ab03   0x00000008   Data   RO         5957    .constdata          usbd_msc_data.o
    0x0800ab0b   0x0800ab0b   0x00000008   Data   RO         5958    .constdata          usbd_msc_data.o
    0x0800ab13   0x0800ab13   0x00000001   PAD
    0x0800ab14   0x0800ab14   0x00000119   Data   RO           44    .conststring        main.o
    0x0800ac2d   0x0800ac2d   0x00000003   PAD
    0x0800ac30   0x0800ac30   0x00000020   Data   RO         6374    Region$$Table       anon$$obj.o


    Execution Region RW_IRAM1 (Exec base: 0x20000000, Load base: 0x0800ac50, Size: 0x00007a48, Max: 0x00010000, ABSOLUTE, COMPRESSED[0x000000ac])

    Exec Addr    Load Addr    Size         Type   Attr      Idx    E Section Name        Object

    0x20000000   COMPRESSED   0x0000001c   Data   RW           45    .data               main.o
    0x2000001c   COMPRESSED   0x00000008   Data   RW          465    .data               stm32f1xx_hal_msp.o
    0x20000024   COMPRESSED   0x00000005   Data   RW          707    .data               fatfs.o
    0x20000029   COMPRESSED   0x00000003   PAD
    0x2000002c   COMPRESSED   0x0000001c   Data   RW          805    .data               usbd_desc.o
    0x20000048   COMPRESSED   0x00000032   Data   RW          806    .data               usbd_desc.o
    0x2000007a   COMPRESSED   0x00000002   PAD
    0x2000007c   COMPRESSED   0x00000020   Data   RW          890    .data               usbd_storage_if.o
    0x2000009c   COMPRESSED   0x0000000c   Data   RW         1681    .data               stm32f1xx_hal.o
    0x200000a8   COMPRESSED   0x00000004   Data   RW         2777    .data               stm32f1xx_hal_nor.o
    0x200000ac   COMPRESSED   0x00000004   Data   RW         4994    .data               system_stm32f1xx.o
    0x200000b0   COMPRESSED   0x00000008   Data   RW         5138    .data               ff.o
    0x200000b8   COMPRESSED   0x00000001   Data   RW         5486    .data               sd_diskio.o
    0x200000b9   COMPRESSED   0x00000001   Data   RW         5684    .data               usbd_ctlreq.o
    0x200000ba   COMPRESSED   0x00000002   PAD
    0x200000bc   COMPRESSED   0x00000038   Data   RW         5811    .data               usbd_msc.o
    0x200000f4   COMPRESSED   0x0000006a   Data   RW         5812    .data               usbd_msc.o
    0x2000015e   COMPRESSED   0x00000002   PAD
    0x20000160   COMPRESSED   0x00000004   Data   RW         6348    .data               mc_w.l(stdout.o)
    0x20000164        -       0x000022b4   Zero   RW           42    .bss                main.o
    0x20002418        -       0x000002c4   Zero   RW          742    .bss                usb_device.o
    0x200026dc        -       0x00000800   Zero   RW          804    .bss                usbd_desc.o
    0x20002edc        -       0x00000b48   Zero   RW          975    .bss                usbd_conf.o
    0x20003a24        -       0x00000018   Zero   RW         5136    .bss                ff.o
    0x20003a3c        -       0x0000000c   Zero   RW         5404    .bss                ff_gen_drv.o
    0x20003a48        -       0x00004000   Zero   RW            1    STACK               startup_stm32f103xe.o


==============================================================================

Image component sizes


      Code (inc. data)   RO Data    RW Data    ZI Data      Debug   Object Name

       174         26          0          0          0       3684   bsp_driver_sd.o
       148         22          0          0          0       3409   diskio.o
        32         10          0          5          0       1368   fatfs.o
        24          4          0          0          0        505   fatfs_platform.o
      5764         72        172          8         24      35972   ff.o
        70          4          0          0         12       1495   ff_gen_drv.o
      8776       3942        293         28       8884     586217   main.o
       264         34         20          1          0       4164   sd_diskio.o
        36          8        304          0      16384        776   startup_stm32f103xe.o
       176         34          0         12          0       6767   stm32f1xx_hal.o
       198         14          0          0          0      28767   stm32f1xx_hal_cortex.o
       856         74          0          0          0       4962   stm32f1xx_hal_gpio.o
       392         16          0          0          0       3151   stm32f1xx_hal_i2c.o
       788        120          0          8          0       6175   stm32f1xx_hal_msp.o
        98          0          0          0          0       1224   stm32f1xx_hal_nand.o
       342          6          0          4          0       4666   stm32f1xx_hal_nor.o
      3096          0          0          0          0      14520   stm32f1xx_hal_pcd.o
        60          0          0          0          0       1118   stm32f1xx_hal_pcd_ex.o
        12          4          0          0          0        487   stm32f1xx_hal_pwr.o
      1240         84         18          0          0       4944   stm32f1xx_hal_rcc.o
       420         30         18          0          0       2429   stm32f1xx_hal_rcc_ex.o
      1400         12          0          0          0      12232   stm32f1xx_hal_rtc.o
      2540         32          0          0          0      12978   stm32f1xx_hal_sd.o
       178          0          0          0          0       1103   stm32f1xx_hal_spi.o
       866          6          0          0          0       6181   stm32f1xx_hal_uart.o
        32          6          0          0          0       4039   stm32f1xx_it.o
       392         20          0          0          0       6441   stm32f1xx_ll_fsmc.o
      1676         48          0          0          0      22297   stm32f1xx_ll_sdmmc.o
      2536          0          0          0          0      16607   stm32f1xx_ll_usb.o
         2          0         24          4          0       1035   system_stm32f1xx.o
       512        396          0          0        708       5889   usb_device.o
       556         28          0          0       2888      14103   usbd_conf.o
       670          0          0          0          0       9071   usbd_core.o
      1186         28          0          1          0       7664   usbd_ctlreq.o
       284        100          0         78       2048       5633   usbd_desc.o
       102          0          0          0          0       3484   usbd_ioreq.o
       498         16          0        162          0       8864   usbd_msc.o
       586         10          0          0          0       6825   usbd_msc_bot.o
         0          0         23          0          0        833   usbd_msc_data.o
      1410         14          0          0          0       9803   usbd_msc_scsi.o
       468        210         36         32          0       4944   usbd_storage_if.o

    ----------------------------------------------------------------------
     38906       5430        946        352      30948     876826   Object Totals
         0          0         32          0          0          0   (incl. Generated)
        46          0          6          9          0          0   (incl. Padding)

    ----------------------------------------------------------------------

      Code (inc. data)   RO Data    RW Data    ZI Data      Debug   Library Member Name

        86          0          0          0          0          0   __dczerorl2.o
         0          0          0          0          0          0   entry.o
         0          0          0          0          0          0   entry10a.o
         0          0          0          0          0          0   entry11a.o
         4          0          0          0          0          0   entry12b.o
         8          4          0          0          0          0   entry2.o
         4          0          0          0          0          0   entry5.o
         0          0          0          0          0          0   entry7b.o
         0          0          0          0          0          0   entry8b.o
         8          4          0          0          0          0   entry9a.o
        30          0          0          0          0          0   handlers.o
        36          8          0          0          0         68   init.o
         0          0          0          0          0          0   iusefp.o
        30          0          0          0          0         68   llshl.o
        36          0          0          0          0         68   llsshr.o
        32          0          0          0          0         68   llushr.o
        36          0          0          0          0        108   memseta.o
      2268         96          0          0          0        616   printfa.o
         0          0          0          4          0          0   stdout.o
        28          0          0          0          0         76   strcmp.o
        14          0          0          0          0         68   strlen.o
        24          0          0          0          0         76   strncpy.o
        22          0          0          0          0         68   strrchr.o
        44          0          0          0          0         80   uidiv.o
        98          0          0          0          0         92   uldiv.o
        48          0          0          0          0         68   cdrcmple.o
       334          0          0          0          0        148   dadd.o
       222          0          0          0          0        100   ddiv.o
       186          0          0          0          0        176   depilogue.o
        48          0          0          0          0         68   dfixul.o
       228          0          0          0          0         96   dmul.o
        38          0          0          0          0         68   f2d.o
       124          0          0          0          0         88   fdiv.o
       110          0          0          0          0        168   fepilogue.o
        10          0          0          0          0         68   ffltui.o
       100          0          0          0          0         76   fmul.o

    ----------------------------------------------------------------------
      4260        112          0          4          0       2580   Library Totals
         4          0          0          0          0          0   (incl. Padding)

    ----------------------------------------------------------------------

      Code (inc. data)   RO Data    RW Data    ZI Data      Debug   Library Name

      2808        112          0          4          0       1456   mc_w.l
      1448          0          0          0          0       1124   mf_w.l

    ----------------------------------------------------------------------
      4260        112          0          4          0       2580   Library Totals

    ----------------------------------------------------------------------

==============================================================================


      Code (inc. data)   RO Data    RW Data    ZI Data      Debug   

     43166       5542        946        356      30948     860970   Grand Totals
     43166       5542        946        172      30948     860970   ELF Image Totals (compressed)
     43166       5542        946        172          0          0   ROM Totals

==============================================================================

    Total RO  Size (Code + RO Data)                44112 (  43.08kB)
    Total RW  Size (RW Data + ZI Data)             31304 (  30.57kB)
    Total ROM Size (Code + RO Data + RW Data)      44284 (  43.25kB)

==============================================================================

