Component: ARM Compiler 5.06 update 7 (build 960) Tool: armlink [4d3601]

==============================================================================

Section Cross References

    startup_stm32f103xe.o(RESET) refers to startup_stm32f103xe.o(STACK) for __initial_sp
    startup_stm32f103xe.o(RESET) refers to startup_stm32f103xe.o(.text) for Reset_Handler
    startup_stm32f103xe.o(RESET) refers to stm32f1xx_it.o(i.NMI_Handler) for NMI_Handler
    startup_stm32f103xe.o(RESET) refers to stm32f1xx_it.o(i.HardFault_Handler) for HardFault_Handler
    startup_stm32f103xe.o(RESET) refers to stm32f1xx_it.o(i.MemManage_Handler) for MemManage_Handler
    startup_stm32f103xe.o(RESET) refers to stm32f1xx_it.o(i.BusFault_Handler) for BusFault_Handler
    startup_stm32f103xe.o(RESET) refers to stm32f1xx_it.o(i.UsageFault_Handler) for UsageFault_Handler
    startup_stm32f103xe.o(RESET) refers to stm32f1xx_it.o(i.SVC_Handler) for SVC_Handler
    startup_stm32f103xe.o(RESET) refers to stm32f1xx_it.o(i.DebugMon_Handler) for DebugMon_Handler
    startup_stm32f103xe.o(RESET) refers to stm32f1xx_it.o(i.PendSV_Handler) for PendSV_Handler
    startup_stm32f103xe.o(RESET) refers to stm32f1xx_it.o(i.SysTick_Handler) for SysTick_Handler
    startup_stm32f103xe.o(RESET) refers to stm32f1xx_it.o(i.USB_LP_CAN1_RX0_IRQHandler) for USB_LP_CAN1_RX0_IRQHandler
    startup_stm32f103xe.o(.text) refers to system_stm32f1xx.o(i.SystemInit) for SystemInit
    startup_stm32f103xe.o(.text) refers to entry.o(.ARM.Collect$$$$00000000) for __main
    main.o(i.AM29LV320_Check_Blank) refers to printfa.o(i.__0printf) for __2printf
    main.o(i.AM29LV320_Check_Start_Area) refers to main.o(i.AM29LV320_Check_Blank) for AM29LV320_Check_Blank
    main.o(i.AM29LV320_Check_Start_Area) refers to printfa.o(i.__0printf) for __2printf
    main.o(i.AM29LV320_Check_Start_Area) refers to oled.o(i.OLED_Clear) for OLED_Clear
    main.o(i.AM29LV320_Check_Start_Area) refers to oled.o(i.printfOled) for printfOled
    main.o(i.AM29LV320_Check_Start_Area) refers to oled.o(i.OLED_Refresh) for OLED_Refresh
    main.o(i.AM29LV320_Check_Start_Area) refers to stm32f1xx_hal.o(i.HAL_GetTick) for HAL_GetTick
    main.o(i.AM29LV320_Check_Start_Area) refers to main.o(i.KEY_OK_Detect) for KEY_OK_Detect
    main.o(i.AM29LV320_Check_Start_Area) refers to main.o(i.KEY_CANCEL_Detect) for KEY_CANCEL_Detect
    main.o(i.AM29LV320_Check_Start_Area) refers to stm32f1xx_hal_uart.o(i.HAL_UART_Receive) for HAL_UART_Receive
    main.o(i.AM29LV320_Check_Start_Area) refers to stm32f1xx_hal.o(i.HAL_Delay) for HAL_Delay
    main.o(i.AM29LV320_Check_Start_Area) refers to stm32f1xx_hal_uart.o(i.HAL_UART_Transmit) for HAL_UART_Transmit
    main.o(i.AM29LV320_Check_Start_Area) refers to main.o(.bss) for .bss
    main.o(i.AM29LV320_Read_Data) refers to stm32f1xx_hal.o(i.HAL_Delay) for HAL_Delay
    main.o(i.AM29_Chip_Erase) refers to main.o(i.Set_A25_A31_All_Zero) for Set_A25_A31_All_Zero
    main.o(i.AM29_Chip_Erase) refers to stm32f1xx_hal_rtc.o(i.HAL_RTC_GetTime) for HAL_RTC_GetTime
    main.o(i.AM29_Chip_Erase) refers to printfa.o(i.__0printf) for __2printf
    main.o(i.AM29_Chip_Erase) refers to stm32f1xx_hal_rtc.o(i.HAL_RTC_GetDate) for HAL_RTC_GetDate
    main.o(i.AM29_Chip_Erase) refers to main.o(i.rtc_to_unix_timestamp) for rtc_to_unix_timestamp
    main.o(i.AM29_Chip_Erase) refers to main.o(i.AM29_Read_CFI_Capacity) for AM29_Read_CFI_Capacity
    main.o(i.AM29_Chip_Erase) refers to oled.o(i.OLED_Clear) for OLED_Clear
    main.o(i.AM29_Chip_Erase) refers to oled.o(i.printfOled) for printfOled
    main.o(i.AM29_Chip_Erase) refers to oled.o(i.OLED_Refresh) for OLED_Refresh
    main.o(i.AM29_Chip_Erase) refers to main.o(i.AM29_Parse_CFI_Capacity) for AM29_Parse_CFI_Capacity
    main.o(i.AM29_Chip_Erase) refers to stm32f1xx_hal_gpio.o(i.HAL_GPIO_Init) for HAL_GPIO_Init
    main.o(i.AM29_Chip_Erase) refers to stm32f1xx_hal.o(i.HAL_Delay) for HAL_Delay
    main.o(i.AM29_Chip_Erase) refers to main.o(i.Set_A25_A31) for Set_A25_A31
    main.o(i.AM29_Chip_Erase) refers to main.o(i.delaycmd) for delaycmd
    main.o(i.AM29_Chip_Erase) refers to stm32f1xx_hal_gpio.o(i.HAL_GPIO_ReadPin) for HAL_GPIO_ReadPin
    main.o(i.AM29_Chip_Erase) refers to stm32f1xx_hal_gpio.o(i.HAL_GPIO_TogglePin) for HAL_GPIO_TogglePin
    main.o(i.AM29_Chip_Erase) refers to main.o(.bss) for .bss
    main.o(i.AM29_Chip_Erase) refers to main.o(.conststring) for .conststring
    main.o(i.AM29_Chip_Erase) refers to uldiv.o(.text) for __aeabi_uldivmod
    main.o(i.AM29_Chip_Erase) refers to main.o(i.buz) for buz
    main.o(i.AM29_Erase_And_Verify) refers to printfa.o(i.__0printf) for __2printf
    main.o(i.AM29_Erase_And_Verify) refers to oled.o(i.OLED_Clear) for OLED_Clear
    main.o(i.AM29_Erase_And_Verify) refers to oled.o(i.printfOled) for printfOled
    main.o(i.AM29_Erase_And_Verify) refers to oled.o(i.OLED_Refresh) for OLED_Refresh
    main.o(i.AM29_Erase_And_Verify) refers to main.o(i.Wait_Any_Key) for Wait_Any_Key
[...]
    HAL_NOR_Init                             0x08005711   Thumb Code   214  stm32f1xx_hal_nor.o(i.HAL_NOR_Init)
    HAL_NOR_MspInit                          0x080057ed   Thumb Code     4  stm32f1xx_hal_msp.o(i.HAL_NOR_MspInit)
    HAL_NOR_ReturnToReadMode                 0x080057f1   Thumb Code   122  stm32f1xx_hal_nor.o(i.HAL_NOR_ReturnToReadMode)
    HAL_NVIC_EnableIRQ                       0x0800586b   Thumb Code    26  stm32f1xx_hal_cortex.o(i.HAL_NVIC_EnableIRQ)
    HAL_NVIC_SetPriority                     0x08005885   Thumb Code    60  stm32f1xx_hal_cortex.o(i.HAL_NVIC_SetPriority)
    HAL_NVIC_SetPriorityGrouping             0x080058c5   Thumb Code    26  stm32f1xx_hal_cortex.o(i.HAL_NVIC_SetPriorityGrouping)
    HAL_PCDEx_PMAConfig                      0x080058e9   Thumb Code    60  stm32f1xx_hal_pcd_ex.o(i.HAL_PCDEx_PMAConfig)
    HAL_PCDEx_SetConnectionState             0x08005925   Thumb Code     2  usbd_conf.o(i.HAL_PCDEx_SetConnectionState)
    HAL_PCD_DataInStageCallback              0x08005927   Thumb Code    18  usbd_conf.o(i.HAL_PCD_DataInStageCallback)
    HAL_PCD_DataOutStageCallback             0x08005939   Thumb Code    20  usbd_conf.o(i.HAL_PCD_DataOutStageCallback)
    HAL_PCD_EP_Close                         0x0800594d   Thumb Code    74  stm32f1xx_hal_pcd.o(i.HAL_PCD_EP_Close)
    HAL_PCD_EP_ClrStall                      0x08005997   Thumb Code    90  stm32f1xx_hal_pcd.o(i.HAL_PCD_EP_ClrStall)
    HAL_PCD_EP_Flush                         0x08005e0f   Thumb Code    52  stm32f1xx_hal_pcd.o(i.HAL_PCD_EP_Flush)
    HAL_PCD_EP_GetRxCount                    0x08005e43   Thumb Code    18  stm32f1xx_hal_pcd.o(i.HAL_PCD_EP_GetRxCount)
    HAL_PCD_EP_Open                          0x08005e55   Thumb Code    88  stm32f1xx_hal_pcd.o(i.HAL_PCD_EP_Open)
    HAL_PCD_EP_Receive                       0x08005ead   Thumb Code    46  stm32f1xx_hal_pcd.o(i.HAL_PCD_EP_Receive)
    HAL_PCD_EP_SetStall                      0x08005edb   Thumb Code   112  stm32f1xx_hal_pcd.o(i.HAL_PCD_EP_SetStall)
    HAL_PCD_EP_Transmit                      0x08005f4b   Thumb Code    46  stm32f1xx_hal_pcd.o(i.HAL_PCD_EP_Transmit)
    HAL_PCD_IRQHandler                       0x08005f79   Thumb Code   308  stm32f1xx_hal_pcd.o(i.HAL_PCD_IRQHandler)
    HAL_PCD_Init                             0x080060ad   Thumb Code   186  stm32f1xx_hal_pcd.o(i.HAL_PCD_Init)
    HAL_PCD_MspInit                          0x08006169   Thumb Code    50  usbd_conf.o(i.HAL_PCD_MspInit)
    HAL_PCD_ResetCallback                    0x080061a5   Thumb Code    38  usbd_conf.o(i.HAL_PCD_ResetCallback)
    HAL_PCD_ResumeCallback                   0x080061cb   Thumb Code     8  usbd_conf.o(i.HAL_PCD_ResumeCallback)
    HAL_PCD_SOFCallback                      0x080061d3   Thumb Code     8  usbd_conf.o(i.HAL_PCD_SOFCallback)
    HAL_PCD_SetAddress                       0x080061db   Thumb Code    38  stm32f1xx_hal_pcd.o(i.HAL_PCD_SetAddress)
    HAL_PCD_SetupStageCallback               0x08006201   Thumb Code    14  usbd_conf.o(i.HAL_PCD_SetupStageCallback)
    HAL_PCD_Start                            0x0800620f   Thumb Code    50  stm32f1xx_hal_pcd.o(i.HAL_PCD_Start)
    HAL_PCD_SuspendCallback                  0x08006241   Thumb Code    30  usbd_conf.o(i.HAL_PCD_SuspendCallback)
    HAL_PWR_EnableBkUpAccess                 0x08006265   Thumb Code     8  stm32f1xx_hal_pwr.o(i.HAL_PWR_EnableBkUpAccess)
    HAL_RCCEx_GetPeriphCLKFreq               0x08006271   Thumb Code   166  stm32f1xx_hal_rcc_ex.o(i.HAL_RCCEx_GetPeriphCLKFreq)
    HAL_RCCEx_PeriphCLKConfig                0x08006329   Thumb Code   224  stm32f1xx_hal_rcc_ex.o(i.HAL_RCCEx_PeriphCLKConfig)
    HAL_RCC_ClockConfig                      0x08006415   Thumb Code   280  stm32f1xx_hal_rcc.o(i.HAL_RCC_ClockConfig)
    HAL_RCC_GetPCLK1Freq                     0x08006541   Thumb Code    20  stm32f1xx_hal_rcc.o(i.HAL_RCC_GetPCLK1Freq)
    HAL_RCC_GetPCLK2Freq                     0x08006561   Thumb Code    20  stm32f1xx_hal_rcc.o(i.HAL_RCC_GetPCLK2Freq)
    HAL_RCC_GetSysClockFreq                  0x08006581   Thumb Code    58  stm32f1xx_hal_rcc.o(i.HAL_RCC_GetSysClockFreq)
    HAL_RCC_OscConfig                        0x080065cd   Thumb Code   778  stm32f1xx_hal_rcc.o(i.HAL_RCC_OscConfig)
    HAL_RTC_GetDate                          0x080068ed   Thumb Code    78  stm32f1xx_hal_rtc.o(i.HAL_RTC_GetDate)
    HAL_RTC_GetTime                          0x0800693b   Thumb Code   216  stm32f1xx_hal_rtc.o(i.HAL_RTC_GetTime)
    HAL_RTC_Init                             0x08006a15   Thumb Code   144  stm32f1xx_hal_rtc.o(i.HAL_RTC_Init)
    HAL_RTC_MspInit                          0x08006aa9   Thumb Code    16  main.o(i.HAL_RTC_MspInit)
    HAL_RTC_SetDate                          0x08006ac1   Thumb Code   192  stm32f1xx_hal_rtc.o(i.HAL_RTC_SetDate)
    HAL_RTC_SetTime                          0x08006b85   Thumb Code   168  stm32f1xx_hal_rtc.o(i.HAL_RTC_SetTime)
    HAL_RTC_WaitForSynchro                   0x08006c31   Thumb Code    58  stm32f1xx_hal_rtc.o(i.HAL_RTC_WaitForSynchro)
    HAL_SD_ConfigWideBusOperation            0x08006c6d   Thumb Code   276  stm32f1xx_hal_sd.o(i.HAL_SD_ConfigWideBusOperation)
    HAL_SD_DeInit                            0x08006d85   Thumb Code    38  stm32f1xx_hal_sd.o(i.HAL_SD_DeInit)
    HAL_SD_GetCardCSD                        0x08006dad   Thumb Code   402  stm32f1xx_hal_sd.o(i.HAL_SD_GetCardCSD)
    HAL_SD_GetCardInfo                       0x08006f45   Thumb Code    36  stm32f1xx_hal_sd.o(i.HAL_SD_GetCardInfo)
    HAL_SD_GetCardState                      0x08006f69   Thumb Code    44  stm32f1xx_hal_sd.o(i.HAL_SD_GetCardState)
    HAL_SD_GetState                          0x08006f95   Thumb Code     6  stm32f1xx_hal_sd.o(i.HAL_SD_GetState)
    HAL_SD_Init                              0x08006f9b   Thumb Code    54  stm32f1xx_hal_sd.o(i.HAL_SD_Init)
    HAL_SD_InitCard                          0x08006fd1   Thumb Code   112  stm32f1xx_hal_sd.o(i.HAL_SD_InitCard)
    HAL_SD_MspDeInit                         0x08007049   Thumb Code    44  stm32f1xx_hal_msp.o(i.HAL_SD_MspDeInit)
    HAL_SD_MspInit                           0x08007085   Thumb Code   114  stm32f1xx_hal_msp.o(i.HAL_SD_MspInit)
    HAL_SD_ReadBlocks                        0x08007109   Thumb Code   476  stm32f1xx_hal_sd.o(i.HAL_SD_ReadBlocks)
    HAL_SD_WriteBlocks                       0x080072e9   Thumb Code   428  stm32f1xx_hal_sd.o(i.HAL_SD_WriteBlocks)
    HAL_SPI_Init                             0x08007499   Thumb Code   178  stm32f1xx_hal_spi.o(i.HAL_SPI_Init)
    HAL_SPI_MspInit                          0x0800754d   Thumb Code    98  stm32f1xx_hal_msp.o(i.HAL_SPI_MspInit)
    HAL_SYSTICK_Config                       0x080075bd   Thumb Code    40  stm32f1xx_hal_cortex.o(i.HAL_SYSTICK_Config)
    HAL_UART_DeInit                          0x080075e5   Thumb Code    54  stm32f1xx_hal_uart.o(i.HAL_UART_DeInit)
    HAL_UART_Init                            0x0800761b   Thumb Code   100  stm32f1xx_hal_uart.o(i.HAL_UART_Init)
    HAL_UART_MspDeInit                       0x08007681   Thumb Code    30  stm32f1xx_hal_msp.o(i.HAL_UART_MspDeInit)
    HAL_UART_MspInit                         0x080076ad   Thumb Code   100  stm32f1xx_hal_msp.o(i.HAL_UART_MspInit)
    HAL_UART_Receive                         0x0800771d   Thumb Code   176  stm32f1xx_hal_uart.o(i.HAL_UART_Receive)
    HAL_UART_Transmit                        0x080077cd   Thumb Code   160  stm32f1xx_hal_uart.o(i.HAL_UART_Transmit)
    HardFault_Handler                        0x0800786d   Thumb Code     2  stm32f1xx_it.o(i.HardFault_Handler)
    I2C_Start                                0x08007871   Thumb Code    60  oled.o(i.I2C_Start)
    I2C_Stop                                 0x080078b1   Thumb Code    42  oled.o(i.I2C_Stop)
    I2C_WaitAck                              0x080078e1   Thumb Code    50  oled.o(i.I2C_WaitAck)
    IIC_delay                                0x08007919   Thumb Code    10  oled.o(i.IIC_delay)
    KEY_CANCEL_Detect                        0x0800795d   Thumb Code    50  main.o(i.KEY_CANCEL_Detect)
    KEY_DOWN_Detect                          0x08007995   Thumb Code    50  main.o(i.KEY_DOWN_Detect)
    KEY_LEFT_Detect                          0x080079cd   Thumb Code    50  main.o(i.KEY_LEFT_Detect)
    KEY_OK_Detect                            0x08007a05   Thumb Code    50  main.o(i.KEY_OK_Detect)
    KEY_RIGHT_Detect                         0x08007a3d   Thumb Code    50  main.o(i.KEY_RIGHT_Detect)
    KEY_UP_Detect                            0x08007a75   Thumb Code    50  main.o(i.KEY_UP_Detect)
    MSC_BOT_CplClrFeature                    0x08007bbd   Thumb Code    42  usbd_msc_bot.o(i.MSC_BOT_CplClrFeature)
    MSC_BOT_DataIn                           0x08007be7   Thumb Code    58  usbd_msc_bot.o(i.MSC_BOT_DataIn)
    MSC_BOT_DataOut                          0x08007c21   Thumb Code    58  usbd_msc_bot.o(i.MSC_BOT_DataOut)
    MSC_BOT_DeInit                           0x08007c5b   Thumb Code    10  usbd_msc_bot.o(i.MSC_BOT_DeInit)
    MSC_BOT_Init                             0x08007c65   Thumb Code    66  usbd_msc_bot.o(i.MSC_BOT_Init)
    MSC_BOT_Reset                            0x08007ca7   Thumb Code    22  usbd_msc_bot.o(i.MSC_BOT_Reset)
    MSC_BOT_SendCSW                          0x08007cbd   Thumb Code    54  usbd_msc_bot.o(i.MSC_BOT_SendCSW)
    MX_FATFS_Init                            0x08007cf9   Thumb Code    18  fatfs.o(i.MX_FATFS_Init)
    MX_USB_DEVICE_Init                       0x0800817d   Thumb Code   116  usb_device.o(i.MX_USB_DEVICE_Init)
    MemManage_Handler                        0x0800837d   Thumb Code     2  stm32f1xx_it.o(i.MemManage_Handler)
    NMI_Handler                              0x0800837f   Thumb Code     2  stm32f1xx_it.o(i.NMI_Handler)
    OLED_Clear                               0x08008381   Thumb Code    40  oled.o(i.OLED_Clear)
    OLED_ColorTurn                           0x080083ad   Thumb Code    24  oled.o(i.OLED_ColorTurn)
    OLED_DisplayTurn                         0x080083c5   Thumb Code    44  oled.o(i.OLED_DisplayTurn)
    OLED_DrawPoint                           0x080083f1   Thumb Code    40  oled.o(i.OLED_DrawPoint)
    OLED_Init                                0x0800841d   Thumb Code   318  oled.o(i.OLED_Init)
    OLED_MenuItemReverse                     0x08008565   Thumb Code    36  oled.o(i.OLED_MenuItemReverse)
    OLED_Refresh                             0x0800858d   Thumb Code   100  oled.o(i.OLED_Refresh)
    OLED_ShowChar                            0x080085f5   Thumb Code   212  oled.o(i.OLED_ShowChar)
    OLED_ShowMenu                            0x080086d9   Thumb Code   104  oled.o(i.OLED_ShowMenu)
    OLED_ShowString                          0x080087d1   Thumb Code    60  oled.o(i.OLED_ShowString)
    OLED_ShowString2                         0x0800880d   Thumb Code    22  oled.o(i.OLED_ShowString2)
    OLED_WR_Byte                             0x08008823   Thumb Code    54  oled.o(i.OLED_WR_Byte)
    PendSV_Handler                           0x08008bff   Thumb Code     2  stm32f1xx_it.o(i.PendSV_Handler)
    SCSI_ProcessCmd                          0x08008e39   Thumb Code   454  usbd_msc_scsi.o(i.SCSI_ProcessCmd)
    SCSI_SenseCode                           0x080092a7   Thumb Code    52  usbd_msc_scsi.o(i.SCSI_SenseCode)
    SDIO_ConfigData                          0x08009399   Thumb Code    36  stm32f1xx_ll_sdmmc.o(i.SDIO_ConfigData)
    SDIO_GetPowerState                       0x080093bd   Thumb Code     8  stm32f1xx_ll_sdmmc.o(i.SDIO_GetPowerState)
    SDIO_GetResponse                         0x080093c5   Thumb Code     6  stm32f1xx_ll_sdmmc.o(i.SDIO_GetResponse)
    SDIO_Init                                0x080093cb   Thumb Code    36  stm32f1xx_ll_sdmmc.o(i.SDIO_Init)
    SDIO_PowerState_OFF                      0x080093ef   Thumb Code     8  stm32f1xx_ll_sdmmc.o(i.SDIO_PowerState_OFF)
    SDIO_PowerState_ON                       0x080093f7   Thumb Code     8  stm32f1xx_ll_sdmmc.o(i.SDIO_PowerState_ON)
    SDIO_ReadFIFO                            0x080093ff   Thumb Code     6  stm32f1xx_ll_sdmmc.o(i.SDIO_ReadFIFO)
    SDIO_SendCommand                         0x08009405   Thumb Code    32  stm32f1xx_ll_sdmmc.o(i.SDIO_SendCommand)
    SDIO_WriteFIFO                           0x08009425   Thumb Code    10  stm32f1xx_ll_sdmmc.o(i.SDIO_WriteFIFO)
    SDMMC_CmdAppCommand                      0x0800942f   Thumb Code    50  stm32f1xx_ll_sdmmc.o(i.SDMMC_CmdAppCommand)
    SDMMC_CmdAppOperCommand                  0x08009461   Thumb Code    48  stm32f1xx_ll_sdmmc.o(i.SDMMC_CmdAppOperCommand)
    SDMMC_CmdBlockLength                     0x08009495   Thumb Code    50  stm32f1xx_ll_sdmmc.o(i.SDMMC_CmdBlockLength)
    SDMMC_CmdBusWidth                        0x080094c7   Thumb Code    50  stm32f1xx_ll_sdmmc.o(i.SDMMC_CmdBusWidth)
    SDMMC_CmdGoIdleState                     0x080094f9   Thumb Code    74  stm32f1xx_ll_sdmmc.o(i.SDMMC_CmdGoIdleState)
    SDMMC_CmdOperCond                        0x08009549   Thumb Code    48  stm32f1xx_ll_sdmmc.o(i.SDMMC_CmdOperCond)
    SDMMC_CmdReadMultiBlock                  0x08009579   Thumb Code    50  stm32f1xx_ll_sdmmc.o(i.SDMMC_CmdReadMultiBlock)
    SDMMC_CmdReadSingleBlock                 0x080095ab   Thumb Code    50  stm32f1xx_ll_sdmmc.o(i.SDMMC_CmdReadSingleBlock)
    SDMMC_CmdSelDesel                        0x080095dd   Thumb Code    50  stm32f1xx_ll_sdmmc.o(i.SDMMC_CmdSelDesel)
    SDMMC_CmdSendCID                         0x0800960f   Thumb Code    44  stm32f1xx_ll_sdmmc.o(i.SDMMC_CmdSendCID)
    SDMMC_CmdSendCSD                         0x0800963b   Thumb Code    44  stm32f1xx_ll_sdmmc.o(i.SDMMC_CmdSendCSD)
    SDMMC_CmdSendSCR                         0x08009667   Thumb Code    48  stm32f1xx_ll_sdmmc.o(i.SDMMC_CmdSendSCR)
    SDMMC_CmdSendStatus                      0x08009697   Thumb Code    50  stm32f1xx_ll_sdmmc.o(i.SDMMC_CmdSendStatus)
    SDMMC_CmdSetRelAdd                       0x080096c9   Thumb Code    48  stm32f1xx_ll_sdmmc.o(i.SDMMC_CmdSetRelAdd)
    SDMMC_CmdStopTransfer                    0x080096f9   Thumb Code    46  stm32f1xx_ll_sdmmc.o(i.SDMMC_CmdStopTransfer)
    SDMMC_CmdWriteMultiBlock                 0x0800972d   Thumb Code    50  stm32f1xx_ll_sdmmc.o(i.SDMMC_CmdWriteMultiBlock)
    SDMMC_CmdWriteSingleBlock                0x0800975f   Thumb Code    50  stm32f1xx_ll_sdmmc.o(i.SDMMC_CmdWriteSingleBlock)
    SDMMC_GetCmdResp1                        0x08009791   Thumb Code   278  stm32f1xx_ll_sdmmc.o(i.SDMMC_GetCmdResp1)
    SDMMC_GetCmdResp2                        0x080098b1   Thumb Code    76  stm32f1xx_ll_sdmmc.o(i.SDMMC_GetCmdResp2)
    SDMMC_GetCmdResp3                        0x08009901   Thumb Code    62  stm32f1xx_ll_sdmmc.o(i.SDMMC_GetCmdResp3)
    SDMMC_GetCmdResp6                        0x08009945   Thumb Code   130  stm32f1xx_ll_sdmmc.o(i.SDMMC_GetCmdResp6)
    SDMMC_GetCmdResp7                        0x080099cd   Thumb Code    82  stm32f1xx_ll_sdmmc.o(i.SDMMC_GetCmdResp7)
    SD_initialize                            0x08009ca9   Thumb Code    26  sd_diskio.o(i.SD_initialize)
    SD_ioctl                                 0x08009cc9   Thumb Code    74  sd_diskio.o(i.SD_ioctl)
    SD_read                                  0x08009d19   Thumb Code    52  sd_diskio.o(i.SD_read)
    SD_status                                0x08009d55   Thumb Code    26  sd_diskio.o(i.SD_status)
    SD_write                                 0x08009d75   Thumb Code    52  sd_diskio.o(i.SD_write)
    SVC_Handler                              0x08009e59   Thumb Code     2  stm32f1xx_it.o(i.SVC_Handler)
    Send_Byte                                0x08009e5d   Thumb Code    68  oled.o(i.Send_Byte)
    SysTick_Handler                          0x08009f69   Thumb Code     4  stm32f1xx_it.o(i.SysTick_Handler)
    SystemClock_Config                       0x08009f6d   Thumb Code   120  main.o(i.SystemClock_Config)
    SystemInit                               0x08009fe5   Thumb Code     2  system_stm32f1xx.o(i.SystemInit)
    USBD_ClrClassConfig                      0x0800a28f   Thumb Code    14  usbd_core.o(i.USBD_ClrClassConfig)
    USBD_CtlContinueRx                       0x0800a29d   Thumb Code    16  usbd_ioreq.o(i.USBD_CtlContinueRx)
    USBD_CtlContinueSendData                 0x0800a2ad   Thumb Code    16  usbd_ioreq.o(i.USBD_CtlContinueSendData)
    USBD_CtlError                            0x0800a2bd   Thumb Code    22  usbd_ctlreq.o(i.USBD_CtlError)
    USBD_CtlReceiveStatus                    0x0800a2d3   Thumb Code    22  usbd_ioreq.o(i.USBD_CtlReceiveStatus)
    USBD_CtlSendData                         0x0800a2e9   Thumb Code    26  usbd_ioreq.o(i.USBD_CtlSendData)
    USBD_CtlSendStatus                       0x0800a303   Thumb Code    22  usbd_ioreq.o(i.USBD_CtlSendStatus)
    USBD_FS_ConfigStrDescriptor              0x0800a319   Thumb Code    16  usbd_desc.o(i.USBD_FS_ConfigStrDescriptor)
    USBD_FS_DeviceDescriptor                 0x0800a339   Thumb Code     8  usbd_desc.o(i.USBD_FS_DeviceDescriptor)
    USBD_FS_InterfaceStrDescriptor           0x0800a345   Thumb Code    16  usbd_desc.o(i.USBD_FS_InterfaceStrDescriptor)
    USBD_FS_LangIDStrDescriptor              0x0800a369   Thumb Code     8  usbd_desc.o(i.USBD_FS_LangIDStrDescriptor)
    USBD_FS_ManufacturerStrDescriptor        0x0800a375   Thumb Code    16  usbd_desc.o(i.USBD_FS_ManufacturerStrDescriptor)
    USBD_FS_ProductStrDescriptor             0x0800a39d   Thumb Code    16  usbd_desc.o(i.USBD_FS_ProductStrDescriptor)
    USBD_FS_SerialStrDescriptor              0x0800a3c5   Thumb Code    48  usbd_desc.o(i.USBD_FS_SerialStrDescriptor)
    USBD_GetString                           0x0800a4e5   Thumb Code    72  usbd_ctlreq.o(i.USBD_GetString)
    USBD_Init                                0x0800a545   Thumb Code    42  usbd_core.o(i.USBD_Init)
    USBD_LL_ClearStallEP                     0x0800a56f   Thumb Code    18  usbd_conf.o(i.USBD_LL_ClearStallEP)
    USBD_LL_CloseEP                          0x0800a581   Thumb Code    18  usbd_conf.o(i.USBD_LL_CloseEP)
    USBD_LL_DataInStage                      0x0800a593   Thumb Code   198  usbd_core.o(i.USBD_LL_DataInStage)
    USBD_LL_DataOutStage                     0x0800a659   Thumb Code   130  usbd_core.o(i.USBD_LL_DataOutStage)
    USBD_LL_FlushEP                          0x0800a6db   Thumb Code    18  usbd_conf.o(i.USBD_LL_FlushEP)
    USBD_LL_GetRxDataSize                    0x0800a6ed   Thumb Code     8  usbd_conf.o(i.USBD_LL_GetRxDataSize)
    USBD_LL_Init                             0x0800a6f5   Thumb Code   104  usbd_conf.o(i.USBD_LL_Init)
    USBD_LL_IsStallEP                        0x0800a765   Thumb Code    30  usbd_conf.o(i.USBD_LL_IsStallEP)
    USBD_LL_OpenEP                           0x0800a783   Thumb Code    24  usbd_conf.o(i.USBD_LL_OpenEP)
    USBD_LL_PrepareReceive                   0x0800a79b   Thumb Code    18  usbd_conf.o(i.USBD_LL_PrepareReceive)
    USBD_LL_Reset                            0x0800a7ad   Thumb Code    80  usbd_core.o(i.USBD_LL_Reset)
    USBD_LL_Resume                           0x0800a7fd   Thumb Code    20  usbd_core.o(i.USBD_LL_Resume)
    USBD_LL_SOF                              0x0800a811   Thumb Code    24  usbd_core.o(i.USBD_LL_SOF)
    USBD_LL_SetSpeed                         0x0800a829   Thumb Code     6  usbd_core.o(i.USBD_LL_SetSpeed)
    USBD_LL_SetUSBAddress                    0x0800a82f   Thumb Code    18  usbd_conf.o(i.USBD_LL_SetUSBAddress)
    USBD_LL_SetupStage                       0x0800a841   Thumb Code    90  usbd_core.o(i.USBD_LL_SetupStage)
    USBD_LL_StallEP                          0x0800a89b   Thumb Code    18  usbd_conf.o(i.USBD_LL_StallEP)
    USBD_LL_Start                            0x0800a8ad   Thumb Code    18  usbd_conf.o(i.USBD_LL_Start)
    USBD_LL_Suspend                          0x0800a8bf   Thumb Code    18  usbd_core.o(i.USBD_LL_Suspend)
    USBD_LL_Transmit                         0x0800a8d1   Thumb Code    18  usbd_conf.o(i.USBD_LL_Transmit)
    USBD_MSC_DataIn                          0x0800a8e3   Thumb Code    10  usbd_msc.o(i.USBD_MSC_DataIn)
    USBD_MSC_DataOut                         0x0800a8ed   Thumb Code    10  usbd_msc.o(i.USBD_MSC_DataOut)
    USBD_MSC_DeInit                          0x0800a8f7   Thumb Code    50  usbd_msc.o(i.USBD_MSC_DeInit)
    USBD_MSC_GetDeviceQualifierDescriptor    0x0800a929   Thumb Code     8  usbd_msc.o(i.USBD_MSC_GetDeviceQualifierDescriptor)
    USBD_MSC_GetFSCfgDesc                    0x0800a935   Thumb Code     8  usbd_msc.o(i.USBD_MSC_GetFSCfgDesc)
    USBD_MSC_GetHSCfgDesc                    0x0800a941   Thumb Code     8  usbd_msc.o(i.USBD_MSC_GetHSCfgDesc)
    USBD_MSC_GetOtherSpeedCfgDesc            0x0800a94d   Thumb Code     8  usbd_msc.o(i.USBD_MSC_GetOtherSpeedCfgDesc)
    USBD_MSC_Init                            0x0800a959   Thumb Code    92  usbd_msc.o(i.USBD_MSC_Init)
    USBD_MSC_RegisterStorage                 0x0800a9b5   Thumb Code    10  usbd_msc.o(i.USBD_MSC_RegisterStorage)
    USBD_MSC_Setup                           0x0800a9bf   Thumb Code   278  usbd_msc.o(i.USBD_MSC_Setup)
    USBD_ParseSetupRequest                   0x0800aad5   Thumb Code    40  usbd_ctlreq.o(i.USBD_ParseSetupRequest)
    USBD_RegisterClass                       0x0800aafd   Thumb Code    16  usbd_core.o(i.USBD_RegisterClass)
    USBD_SetClassConfig                      0x0800ab0d   Thumb Code    22  usbd_core.o(i.USBD_SetClassConfig)
    USBD_Start                               0x0800aba9   Thumb Code    10  usbd_core.o(i.USBD_Start)
    USBD_StdDevReq                           0x0800abb3   Thumb Code   274  usbd_ctlreq.o(i.USBD_StdDevReq)
    USBD_StdEPReq                            0x0800acc5   Thumb Code   336  usbd_ctlreq.o(i.USBD_StdEPReq)
    USBD_StdItfReq                           0x0800ae15   Thumb Code    78  usbd_ctlreq.o(i.USBD_StdItfReq)
    USBD_static_free                         0x0800ae63   Thumb Code     2  usbd_conf.o(i.USBD_static_free)
    USBD_static_malloc                       0x0800ae65   Thumb Code     4  usbd_conf.o(i.USBD_static_malloc)
    USB_ActivateEndpoint                     0x0800ae6d   Thumb Code   668  stm32f1xx_ll_usb.o(i.USB_ActivateEndpoint)
    USB_CoreInit                             0x0800b109   Thumb Code     4  stm32f1xx_ll_usb.o(i.USB_CoreInit)
    USB_DeactivateEndpoint                   0x0800b10d   Thumb Code   270  stm32f1xx_ll_usb.o(i.USB_DeactivateEndpoint)
    USB_DevConnect                           0x0800b21b   Thumb Code     4  stm32f1xx_ll_usb.o(i.USB_DevConnect)
    USB_DevDisconnect                        0x0800b21f   Thumb Code     4  stm32f1xx_ll_usb.o(i.USB_DevDisconnect)
    USB_DevInit                              0x0800b223   Thumb Code    18  stm32f1xx_ll_usb.o(i.USB_DevInit)
    USB_DisableGlobalInt                     0x0800b235   Thumb Code    14  stm32f1xx_ll_usb.o(i.USB_DisableGlobalInt)
    USB_EP0_OutStart                         0x0800b243   Thumb Code     4  stm32f1xx_ll_usb.o(i.USB_EP0_OutStart)
    USB_EPClearStall                         0x0800b247   Thumb Code   120  stm32f1xx_ll_usb.o(i.USB_EPClearStall)
    USB_EPSetStall                           0x0800b2bf   Thumb Code    50  stm32f1xx_ll_usb.o(i.USB_EPSetStall)
    USB_EPStartXfer                          0x0800b2f1   Thumb Code  1250  stm32f1xx_ll_usb.o(i.USB_EPStartXfer)
    USB_EnableGlobalInt                      0x0800b7d3   Thumb Code    18  stm32f1xx_ll_usb.o(i.USB_EnableGlobalInt)
    USB_FlushRxFifo                          0x0800b7e5   Thumb Code     4  stm32f1xx_ll_usb.o(i.USB_FlushRxFifo)
    USB_FlushTxFifo                          0x0800b7e9   Thumb Code     4  stm32f1xx_ll_usb.o(i.USB_FlushTxFifo)
    USB_LP_CAN1_RX0_IRQHandler               0x0800b7ed   Thumb Code     6  stm32f1xx_it.o(i.USB_LP_CAN1_RX0_IRQHandler)
    USB_ReadInterrupts                       0x0800b7f9   Thumb Code     6  stm32f1xx_ll_usb.o(i.USB_ReadInterrupts)
    USB_ReadPMA                              0x0800b801   Thumb Code    44  stm32f1xx_ll_usb.o(i.USB_ReadPMA)
    USB_SetCurrentMode                       0x0800b82d   Thumb Code     4  stm32f1xx_ll_usb.o(i.USB_SetCurrentMode)
    USB_SetDevAddress                        0x0800b831   Thumb Code    12  stm32f1xx_ll_usb.o(i.USB_SetDevAddress)
    USB_WritePMA                             0x0800b83d   Thumb Code    38  stm32f1xx_ll_usb.o(i.USB_WritePMA)
    UsageFault_Handler                       0x0800b863   Thumb Code     2  stm32f1xx_it.o(i.UsageFault_Handler)
    __0printf                                0x0800b8b9   Thumb Code    22  printfa.o(i.__0printf)
    __1printf                                0x0800b8b9   Thumb Code     0  printfa.o(i.__0printf)
    __2printf                                0x0800b8b9   Thumb Code     0  printfa.o(i.__0printf)
    __c89printf                              0x0800b8b9   Thumb Code     0  printfa.o(i.__0printf)
    printf                                   0x0800b8b9   Thumb Code     0  printfa.o(i.__0printf)
    __0sprintf                               0x0800b8d9   Thumb Code    34  printfa.o(i.__0sprintf)
    __1sprintf                               0x0800b8d9   Thumb Code     0  printfa.o(i.__0sprintf)
    __2sprintf                               0x0800b8d9   Thumb Code     0  printfa.o(i.__0sprintf)
    __c89sprintf                             0x0800b8d9   Thumb Code     0  printfa.o(i.__0sprintf)
    sprintf                                  0x0800b8d9   Thumb Code     0  printfa.o(i.__0sprintf)
    __0vsnprintf                             0x0800b901   Thumb Code    46  printfa.o(i.__0vsnprintf)
    __1vsnprintf                             0x0800b901   Thumb Code     0  printfa.o(i.__0vsnprintf)
    __2vsnprintf                             0x0800b901   Thumb Code     0  printfa.o(i.__0vsnprintf)
    __c89vsnprintf                           0x0800b901   Thumb Code     0  printfa.o(i.__0vsnprintf)
    vsnprintf                                0x0800b901   Thumb Code     0  printfa.o(i.__0vsnprintf)
    __aeabi_errno_addr                       0x0800b979   Thumb Code     4  errno.o(i.__aeabi_errno_addr)
    __rt_errno_addr                          0x0800b979   Thumb Code     0  errno.o(i.__aeabi_errno_addr)
    __scatterload_copy                       0x0800b981   Thumb Code    14  handlers.o(i.__scatterload_copy)
    __scatterload_null                       0x0800b98f   Thumb Code     2  handlers.o(i.__scatterload_null)
    __scatterload_zeroinit                   0x0800b991   Thumb Code    14  handlers.o(i.__scatterload_zeroinit)
    buz                                      0x0800c24d   Thumb Code     6  main.o(i.buz)
    clust2sect                               0x0800c39b   Thumb Code    30  ff.o(i.clust2sect)
    delaycmd                                 0x0800c5a5   Thumb Code    18  main.o(i.delaycmd)
    delayns_init                             0x0800c5b9   Thumb Code    44  main.o(i.delayns_init)
    disk_initialize                          0x0800c881   Thumb Code    36  diskio.o(i.disk_initialize)
    disk_ioctl                               0x0800c8a9   Thumb Code    24  diskio.o(i.disk_ioctl)
    disk_read                                0x0800c8c5   Thumb Code    24  diskio.o(i.disk_read)
    disk_status                              0x0800c8e1   Thumb Code    18  diskio.o(i.disk_status)
    disk_write                               0x0800c8f9   Thumb Code    24  diskio.o(i.disk_write)
    f_close                                  0x0800c915   Thumb Code    42  ff.o(i.f_close)
    f_closedir                               0x0800c93f   Thumb Code    36  ff.o(i.f_closedir)
    f_lseek                                  0x0800c965   Thumb Code   644  ff.o(i.f_lseek)
    f_mkdir                                  0x0800cbe9   Thumb Code   356  ff.o(i.f_mkdir)
    f_mount                                  0x0800cd4d   Thumb Code    88  ff.o(i.f_mount)
    f_open                                   0x0800cda9   Thumb Code   422  ff.o(i.f_open)
    f_opendir                                0x0800cf55   Thumb Code   148  ff.o(i.f_opendir)
    f_read                                   0x0800cfe9   Thumb Code   396  ff.o(i.f_read)
    f_readdir                                0x0800d175   Thumb Code    82  ff.o(i.f_readdir)
    f_sync                                   0x0800d1c7   Thumb Code   184  ff.o(i.f_sync)
    f_write                                  0x0800d27f   Thumb Code   470  ff.o(i.f_write)
    fputc                                    0x0800d7e5   Thumb Code    20  main.o(i.fputc)
    get_fat                                  0x0800d7fd   Thumb Code   204  ff.o(i.get_fat)
    get_fattime                              0x0800d8c9   Thumb Code     4  fatfs.o(i.get_fattime)
    main                                     0x0800da41   Thumb Code   532  main.o(i.main)
    printfOled                               0x0800dda9   Thumb Code    72  oled.o(i.printfOled)
    put_fat                                  0x0800ddf5   Thumb Code   246  ff.o(i.put_fat)
    rtc_to_unix_timestamp                    0x0800df59   Thumb Code   158  main.o(i.rtc_to_unix_timestamp)
    asc2_0806                                0x0800e696   Data         552  oled.o(.constdata)
    asc2_1206                                0x0800e8be   Data        1140  oled.o(.constdata)
    asc2_1608                                0x0800ed32   Data        1520  oled.o(.constdata)
    asc2_2412                                0x0800f322   Data        3420  oled.o(.constdata)
    Hzk1                                     0x0801007e   Data         352  oled.o(.constdata)
    Hzk2                                     0x080101de   Data          72  oled.o(.constdata)
    Hzk3                                     0x08010226   Data         128  oled.o(.constdata)
    Hzk4                                     0x080102a6   Data         512  oled.o(.constdata)
    STORAGE_Inquirydata_FS                   0x080104a6   Data          36  usbd_storage_if.o(.constdata)
    AHBPrescTable                            0x080104ee   Data          16  system_stm32f1xx.o(.constdata)
    APBPrescTable                            0x080104fe   Data           8  system_stm32f1xx.o(.constdata)
    SD_Driver                                0x080105b4   Data          20  sd_diskio.o(.constdata)
    MSC_Page00_Inquiry_Data                  0x080105c8   Data           7  usbd_msc_data.o(.constdata)
    MSC_Mode_Sense6_data                     0x080105cf   Data           8  usbd_msc_data.o(.constdata)
    MSC_Mode_Sense10_data                    0x080105d7   Data           8  usbd_msc_data.o(.constdata)
    __ctype_table                            0x080105df   Data         129  ctype_o.o(.constdata)
    Region$$Table$$Base                      0x0801098c   Number         0  anon$$obj.o(Region$$Table)
    Region$$Table$$Limit                     0x080109ac   Number         0  anon$$obj.o(Region$$Table)
    g_tf_block_size                          0x20000004   Data           2  main.o(.data)
    am29_mfg_id                              0x20000006   Data           2  main.o(.data)
    am29_dev_id                              0x20000008   Data           2  main.o(.data)
    am29_cap_id                              0x2000000a   Data           2  main.o(.data)
    g_tf_block_num                           0x2000000c   Data           4  main.o(.data)
    retSD                                    0x20000020   Data           1  fatfs.o(.data)
    SDPath                                   0x20000021   Data           4  fatfs.o(.data)
    FS_Desc                                  0x20000028   Data          28  usbd_desc.o(.data)
    USBD_LangIDDesc                          0x20000044   Data           4  usbd_desc.o(.data)
    USBD_FS_DeviceDesc                       0x20000048   Data          18  usbd_desc.o(.data)
    USBD_StringSerial                        0x2000005c   Data          26  usbd_desc.o(.data)
    USBD_Storage_Interface_fops_FS           0x20000078   Data          32  usbd_storage_if.o(.data)
    uwTickFreq                               0x20000098   Data           1  stm32f1xx_hal.o(.data)
    uwTickPrio                               0x2000009c   Data           4  stm32f1xx_hal.o(.data)
    uwTick                                   0x200000a0   Data           4  stm32f1xx_hal.o(.data)
    SystemCoreClock                          0x200000a8   Data           4  system_stm32f1xx.o(.data)
    USBD_MSC                                 0x200000b8   Data          56  usbd_msc.o(.data)
    USBD_MSC_CfgHSDesc                       0x200000f0   Data          32  usbd_msc.o(.data)
    USBD_MSC_CfgFSDesc                       0x20000110   Data          32  usbd_msc.o(.data)
    USBD_MSC_OtherSpeedCfgDesc               0x20000130   Data          32  usbd_msc.o(.data)
    USBD_MSC_DeviceQualifierDesc             0x20000150   Data          10  usbd_msc.o(.data)
    __stdout                                 0x2000015c   Data           4  stdout.o(.data)
    hrtc                                     0x200021e4   Data          20  main.o(.bss)
    hi2c1                                    0x200021f8   Data          84  main.o(.bss)
    hsd                                      0x2000224c   Data         132  main.o(.bss)
    hspi1                                    0x200022d0   Data          88  main.o(.bss)
    huart1                                   0x20002328   Data          72  main.o(.bss)
    hnor1                                    0x20002370   Data          72  main.o(.bss)
    hnand2                                   0x200023b8   Data          64  main.o(.bss)
    card_info                                0x200023f8   Data          32  main.o(.bss)
    OLED_GRAM                                0x20002418   Data        1152  oled.o(.bss)
    hUsbDeviceFS                             0x20002898   Data         708  usb_device.o(.bss)
    USBD_StrDesc                             0x20002b5c   Data        2048  usbd_desc.o(.bss)
    hpcd_USB_FS                              0x20003bcc   Data         728  usbd_conf.o(.bss)
    disk                                     0x20003ebc   Data          12  ff_gen_drv.o(.bss)
    __initial_sp                             0x20007ec8   Data           0  startup_stm32f103xe.o(STACK)



==============================================================================

Memory Map of the image

  Image Entry point : 0x08000131

  Load Region LR_IROM1 (Base: 0x08000000, Size: 0x00010b10, Max: 0x00080000, ABSOLUTE, COMPRESSED[0x00010a58])

    Execution Region ER_IROM1 (Exec base: 0x08000000, Load base: 0x08000000, Size: 0x000109ac, Max: 0x00080000, ABSOLUTE)

    Exec Addr    Load Addr    Size         Type   Attr      Idx    E Section Name        Object

    0x08000000   0x08000000   0x00000130   Data   RO            3    RESET               startup_stm32f103xe.o
    0x08000130   0x08000130   0x00000000   Code   RO         6337  * .ARM.Collect$$$$00000000  mc_w.l(entry.o)
    0x08000130   0x08000130   0x00000004   Code   RO         6627    .ARM.Collect$$$$00000001  mc_w.l(entry2.o)
    0x08000134   0x08000134   0x00000004   Code   RO         6630    .ARM.Collect$$$$00000004  mc_w.l(entry5.o)
    0x08000138   0x08000138   0x00000000   Code   RO         6632    .ARM.Collect$$$$00000008  mc_w.l(entry7b.o)
    0x08000138   0x08000138   0x00000000   Code   RO         6634    .ARM.Collect$$$$0000000A  mc_w.l(entry8b.o)
    0x08000138   0x08000138   0x00000008   Code   RO         6635    .ARM.Collect$$$$0000000B  mc_w.l(entry9a.o)
    0x08000140   0x08000140   0x00000004   Code   RO         6642    .ARM.Collect$$$$0000000E  mc_w.l(entry12b.o)
    0x08000144   0x08000144   0x00000000   Code   RO         6637    .ARM.Collect$$$$0000000F  mc_w.l(entry10a.o)
    0x08000144   0x08000144   0x00000000   Code   RO         6639    .ARM.Collect$$$$00000011  mc_w.l(entry11a.o)
    0x08000144   0x08000144   0x00000004   Code   RO         6628    .ARM.Collect$$$$00002712  mc_w.l(entry2.o)
    0x08000148   0x08000148   0x00000024   Code   RO            4    .text               startup_stm32f103xe.o
    0x0800016c   0x0800016c   0x00000062   Code   RO         6340    .text               mc_w.l(uldiv.o)
    0x080001ce   0x080001ce   0x00000020   Code   RO         6342    .text               mc_w.l(llushr.o)
    0x080001ee   0x080001ee   0x00000024   Code   RO         6344    .text               mc_w.l(memseta.o)
    0x08000212   0x08000212   0x00000018   Code   RO         6346    .text               mc_w.l(strncpy.o)
    0x0800022a   0x0800022a   0x0000000e   Code   RO         6348    .text               mc_w.l(strlen.o)
    0x08000238   0x08000238   0x0000001c   Code   RO         6350    .text               mc_w.l(strcmp.o)
    0x08000254   0x08000254   0x00000016   Code   RO         6352    .text               mc_w.l(strrchr.o)
    0x0800026a   0x0800026a   0x0000001a   Code   RO         6615    .text               mc_w.l(atoi.o)
    0x08000284   0x08000284   0x00000064   Code   RO         6617    .text               mf_w.l(fmul.o)
    0x080002e8   0x080002e8   0x0000007c   Code   RO         6619    .text               mf_w.l(fdiv.o)
    0x08000364   0x08000364   0x00000018   Code   RO         6621    .text               mf_w.l(fscalb.o)
    0x0800037c   0x0800037c   0x0000000a   Code   RO         6623    .text               mf_w.l(ffltui.o)
    0x08000386   0x08000386   0x00000026   Code   RO         6625    .text               mf_w.l(f2d.o)
    0x080003ac   0x080003ac   0x0000002c   Code   RO         6644    .text               mc_w.l(uidiv.o)
    0x080003d8   0x080003d8   0x0000001e   Code   RO         6646    .text               mc_w.l(llshl.o)
    0x080003f6   0x080003f6   0x00000070   Code   RO         6655    .text               mc_w.l(strtol.o)
    0x08000466   0x08000466   0x00000000   Code   RO         6657    .text               mc_w.l(iusefp.o)
    0x08000466   0x08000466   0x0000006e   Code   RO         6658    .text               mf_w.l(fepilogue.o)
    0x080004d4   0x080004d4   0x0000014e   Code   RO         6660    .text               mf_w.l(dadd.o)
    0x08000622   0x08000622   0x000000e4   Code   RO         6662    .text               mf_w.l(dmul.o)
    0x08000706   0x08000706   0x000000de   Code   RO         6664    .text               mf_w.l(ddiv.o)
    0x080007e4   0x080007e4   0x00000030   Code   RO         6666    .text               mf_w.l(dfixul.o)
    0x08000814   0x08000814   0x00000030   Code   RO         6668    .text               mf_w.l(cdrcmple.o)
    0x08000844   0x08000844   0x00000024   Code   RO         6670    .text               mc_w.l(init.o)
    0x08000868   0x08000868   0x00000024   Code   RO         6672    .text               mc_w.l(llsshr.o)
    0x0800088c   0x0800088c   0x00000008   Code   RO         6674    .text               mc_w.l(ctype_o.o)
    0x08000894   0x08000894   0x0000009e   Code   RO         6702    .text               mc_w.l(_strtoul.o)
    0x08000932   0x08000932   0x000000ba   Code   RO         6704    .text               mf_w.l(depilogue.o)
    0x080009ec   0x080009ec   0x0000001c   Code   RO         6706    .text               mc_w.l(_chval.o)
    0x08000a08   0x08000a08   0x00000056   Code   RO         6716    .text               mc_w.l(__dczerorl2.o)
    0x08000a5e   0x08000a5e   0x00000002   PAD
    0x08000a60   0x08000a60   0x000003dc   Code   RO           13    i.AM29LV320_Check_Blank  main.o
    0x08000e3c   0x08000e3c   0x000003a4   Code   RO           14    i.AM29LV320_Check_Start_Area  main.o
    0x080011e0   0x080011e0   0x00000038   Code   RO           15    i.AM29LV320_Read_Data  main.o
    0x08001218   0x08001218   0x0000090c   Code   RO           16    i.AM29_Chip_Erase   main.o
    0x08001b24   0x08001b24   0x000002d0   Code   RO           17    i.AM29_Erase_And_Verify  main.o
    0x08001df4   0x08001df4   0x000001f8   Code   RO           18    i.AM29_Get_Id_And_Read10  main.o
    0x08001fec   0x08001fec   0x000003bc   Code   RO           19    i.AM29_List_Bin_Files  main.o
    0x080023a8   0x080023a8   0x0000000c   Code   RO           20    i.AM29_Parse_CFI_Capacity  main.o
    0x080023b4   0x080023b4   0x00000058   Code   RO           21    i.AM29_Read_CFI_Capacity  main.o
    0x0800240c   0x0800240c   0x00000058   Code   RO           22    i.AM29_Read_ID      main.o
    0x08002464   0x08002464   0x00000954   Code   RO           23    i.AM29_Read_To_File  main.o
    0x08002db8   0x08002db8   0x0000074c   Code   RO           24    i.AM29_Write_And_Verify  main.o
    0x08003504   0x08003504   0x00001628   Code   RO           25    i.AM29_Write_Data_From_File  main.o
    0x08004b2c   0x08004b2c   0x00000018   Code   RO          977    i.BSP_PlatformIsDetected  fatfs_platform.o
    0x08004b44   0x08004b44   0x0000000c   Code   RO          859    i.BSP_SD_GetCardInfo  bsp_driver_sd.o
    0x08004b50   0x08004b50   0x00000018   Code   RO          860    i.BSP_SD_GetCardState  bsp_driver_sd.o
    0x08004b68   0x08004b68   0x00000030   Code   RO          862    i.BSP_SD_Init       bsp_driver_sd.o
    0x08004b98   0x08004b98   0x0000001a   Code   RO          863    i.BSP_SD_IsDetected  bsp_driver_sd.o
    0x08004bb2   0x08004bb2   0x00000002   PAD
    0x08004bb4   0x08004bb4   0x00000020   Code   RO          864    i.BSP_SD_ReadBlocks  bsp_driver_sd.o
    0x08004bd4   0x08004bd4   0x00000020   Code   RO          867    i.BSP_SD_WriteBlocks  bsp_driver_sd.o
    0x08004bf4   0x08004bf4   0x00000002   Code   RO          460    i.BusFault_Handler  stm32f1xx_it.o
    0x08004bf6   0x08004bf6   0x00000002   Code   RO          461    i.DebugMon_Handler  stm32f1xx_it.o
    0x08004bf8   0x08004bf8   0x00000004   Code   RO           26    i.Error_Handler     main.o
    0x08004bfc   0x08004bfc   0x00000006   Code   RO         5695    i.FATFS_LinkDriver  ff_gen_drv.o
    0x08004c02   0x08004c02   0x00000002   PAD
    0x08004c04   0x08004c04   0x00000040   Code   RO         5696    i.FATFS_LinkDriverEx  ff_gen_drv.o
    0x08004c44   0x08004c44   0x00000028   Code   RO         2931    i.FSMC_NAND_AttributeSpace_Timing_Init  stm32f1xx_ll_fsmc.o
    0x08004c6c   0x08004c6c   0x00000028   Code   RO         2932    i.FSMC_NAND_CommonSpace_Timing_Init  stm32f1xx_ll_fsmc.o
    0x08004c94   0x08004c94   0x00000048   Code   RO         2937    i.FSMC_NAND_Init    stm32f1xx_ll_fsmc.o
    0x08004cdc   0x08004cdc   0x0000003c   Code   RO         2939    i.FSMC_NORSRAM_Extended_Timing_Init  stm32f1xx_ll_fsmc.o
    0x08004d18   0x08004d18   0x00000068   Code   RO         2940    i.FSMC_NORSRAM_Init  stm32f1xx_ll_fsmc.o
    0x08004d80   0x08004d80   0x0000003c   Code   RO         2941    i.FSMC_NORSRAM_Timing_Init  stm32f1xx_ll_fsmc.o
    0x08004dbc   0x08004dbc   0x00000010   Code   RO         2942    i.FSMC_NORSRAM_WriteOperation_Disable  stm32f1xx_ll_fsmc.o
    0x08004dcc   0x08004dcc   0x00000118   Code   RO           27    i.Get_Any_Key       main.o
    0x08004ee4   0x08004ee4   0x000000f4   Code   RO           28    i.Get_User_Input    main.o
    0x08004fd8   0x08004fd8   0x00000024   Code   RO         1961    i.HAL_Delay         stm32f1xx_hal.o
    0x08004ffc   0x08004ffc   0x000000a8   Code   RO          547    i.HAL_FSMC_MspInit  stm32f1xx_hal_msp.o
    0x080050a4   0x080050a4   0x0000013c   Code   RO         2268    i.HAL_GPIO_DeInit   stm32f1xx_hal_gpio.o
    0x080051e0   0x080051e0   0x000001f8   Code   RO         2271    i.HAL_GPIO_Init     stm32f1xx_hal_gpio.o
    0x080053d8   0x080053d8   0x0000000a   Code   RO         2273    i.HAL_GPIO_ReadPin  stm32f1xx_hal_gpio.o
    0x080053e2   0x080053e2   0x00000010   Code   RO         2274    i.HAL_GPIO_TogglePin  stm32f1xx_hal_gpio.o
    0x080053f2   0x080053f2   0x0000000a   Code   RO         2275    i.HAL_GPIO_WritePin  stm32f1xx_hal_gpio.o
    0x080053fc   0x080053fc   0x0000000c   Code   RO         1965    i.HAL_GetTick       stm32f1xx_hal.o
    0x08005408   0x08005408   0x0000000c   Code   RO         1966    i.HAL_GetTickFreq   stm32f1xx_hal.o
    0x08005414   0x08005414   0x00000188   Code   RO         3358    i.HAL_I2C_Init      stm32f1xx_hal_i2c.o
    0x0800559c   0x0800559c   0x0000005c   Code   RO          549    i.HAL_I2C_MspInit   stm32f1xx_hal_msp.o
    0x080055f8   0x080055f8   0x00000010   Code   RO         1971    i.HAL_IncTick       stm32f1xx_hal.o
    0x08005608   0x08005608   0x00000024   Code   RO         1972    i.HAL_Init          stm32f1xx_hal.o
    0x0800562c   0x0800562c   0x00000040   Code   RO         1973    i.HAL_InitTick      stm32f1xx_hal.o
    0x0800566c   0x0800566c   0x0000003c   Code   RO          550    i.HAL_MspInit       stm32f1xx_hal_msp.o
    0x080056a8   0x080056a8   0x00000062   Code   RO         3195    i.HAL_NAND_Init     stm32f1xx_hal_nand.o
    0x0800570a   0x0800570a   0x00000004   Code   RO          552    i.HAL_NAND_MspInit  stm32f1xx_hal_msp.o
    0x0800570e   0x0800570e   0x00000002   PAD
    0x08005710   0x08005710   0x000000dc   Code   RO         3062    i.HAL_NOR_Init      stm32f1xx_hal_nor.o
    0x080057ec   0x080057ec   0x00000004   Code   RO          554    i.HAL_NOR_MspInit   stm32f1xx_hal_msp.o
    0x080057f0   0x080057f0   0x0000007a   Code   RO         3072    i.HAL_NOR_ReturnToReadMode  stm32f1xx_hal_nor.o
    0x0800586a   0x0800586a   0x0000001a   Code   RO         2431    i.HAL_NVIC_EnableIRQ  stm32f1xx_hal_cortex.o
    0x08005884   0x08005884   0x00000040   Code   RO         2437    i.HAL_NVIC_SetPriority  stm32f1xx_hal_cortex.o
    0x080058c4   0x080058c4   0x00000024   Code   RO         2438    i.HAL_NVIC_SetPriorityGrouping  stm32f1xx_hal_cortex.o
    0x080058e8   0x080058e8   0x0000003c   Code   RO         1728    i.HAL_PCDEx_PMAConfig  stm32f1xx_hal_pcd_ex.o
    0x08005924   0x08005924   0x00000002   Code   RO         1241    i.HAL_PCDEx_SetConnectionState  usbd_conf.o
    0x08005926   0x08005926   0x00000012   Code   RO         1243    i.HAL_PCD_DataInStageCallback  usbd_conf.o
    0x08005938   0x08005938   0x00000014   Code   RO         1244    i.HAL_PCD_DataOutStageCallback  usbd_conf.o
    0x0800594c   0x0800594c   0x0000004a   Code   RO         1499    i.HAL_PCD_EP_Close  stm32f1xx_hal_pcd.o
    0x08005996   0x08005996   0x0000005a   Code   RO         1500    i.HAL_PCD_EP_ClrStall  stm32f1xx_hal_pcd.o
    0x080059f0   0x080059f0   0x000000e6   Code   RO         1501    i.HAL_PCD_EP_DB_Receive  stm32f1xx_hal_pcd.o
    0x08005ad6   0x08005ad6   0x00000338   Code   RO         1502    i.HAL_PCD_EP_DB_Transmit  stm32f1xx_hal_pcd.o
    0x08005e0e   0x08005e0e   0x00000034   Code   RO         1503    i.HAL_PCD_EP_Flush  stm32f1xx_hal_pcd.o
    0x08005e42   0x08005e42   0x00000012   Code   RO         1504    i.HAL_PCD_EP_GetRxCount  stm32f1xx_hal_pcd.o
    0x08005e54   0x08005e54   0x00000058   Code   RO         1505    i.HAL_PCD_EP_Open   stm32f1xx_hal_pcd.o
    0x08005eac   0x08005eac   0x0000002e   Code   RO         1506    i.HAL_PCD_EP_Receive  stm32f1xx_hal_pcd.o
    0x08005eda   0x08005eda   0x00000070   Code   RO         1507    i.HAL_PCD_EP_SetStall  stm32f1xx_hal_pcd.o
    0x08005f4a   0x08005f4a   0x0000002e   Code   RO         1508    i.HAL_PCD_EP_Transmit  stm32f1xx_hal_pcd.o
    0x08005f78   0x08005f78   0x00000134   Code   RO         1510    i.HAL_PCD_IRQHandler  stm32f1xx_hal_pcd.o
    0x080060ac   0x080060ac   0x000000ba   Code   RO         1513    i.HAL_PCD_Init      stm32f1xx_hal_pcd.o
    0x08006166   0x08006166   0x00000002   PAD
    0x08006168   0x08006168   0x0000003c   Code   RO         1249    i.HAL_PCD_MspInit   usbd_conf.o
    0x080061a4   0x080061a4   0x00000026   Code   RO         1250    i.HAL_PCD_ResetCallback  usbd_conf.o
    0x080061ca   0x080061ca   0x00000008   Code   RO         1251    i.HAL_PCD_ResumeCallback  usbd_conf.o
    0x080061d2   0x080061d2   0x00000008   Code   RO         1252    i.HAL_PCD_SOFCallback  usbd_conf.o
    0x080061da   0x080061da   0x00000026   Code   RO         1519    i.HAL_PCD_SetAddress  stm32f1xx_hal_pcd.o
    0x08006200   0x08006200   0x0000000e   Code   RO         1253    i.HAL_PCD_SetupStageCallback  usbd_conf.o
    0x0800620e   0x0800620e   0x00000032   Code   RO         1521    i.HAL_PCD_Start     stm32f1xx_hal_pcd.o
    0x08006240   0x08006240   0x00000024   Code   RO         1254    i.HAL_PCD_SuspendCallback  usbd_conf.o
    0x08006264   0x08006264   0x0000000c   Code   RO         2553    i.HAL_PWR_EnableBkUpAccess  stm32f1xx_hal_pwr.o
    0x08006270   0x08006270   0x000000b8   Code   RO         2232    i.HAL_RCCEx_GetPeriphCLKFreq  stm32f1xx_hal_rcc_ex.o
    0x08006328   0x08006328   0x000000ec   Code   RO         2233    i.HAL_RCCEx_PeriphCLKConfig  stm32f1xx_hal_rcc_ex.o
    0x08006414   0x08006414   0x0000012c   Code   RO         2129    i.HAL_RCC_ClockConfig  stm32f1xx_hal_rcc.o
    0x08006540   0x08006540   0x00000020   Code   RO         2136    i.HAL_RCC_GetPCLK1Freq  stm32f1xx_hal_rcc.o
    0x08006560   0x08006560   0x00000020   Code   RO         2137    i.HAL_RCC_GetPCLK2Freq  stm32f1xx_hal_rcc.o
    0x08006580   0x08006580   0x0000004c   Code   RO         2138    i.HAL_RCC_GetSysClockFreq  stm32f1xx_hal_rcc.o
    0x080065cc   0x080065cc   0x00000320   Code   RO         2141    i.HAL_RCC_OscConfig  stm32f1xx_hal_rcc.o
    0x080068ec   0x080068ec   0x0000004e   Code   RO         5021    i.HAL_RTC_GetDate   stm32f1xx_hal_rtc.o
    0x0800693a   0x0800693a   0x000000d8   Code   RO         5023    i.HAL_RTC_GetTime   stm32f1xx_hal_rtc.o
    0x08006a12   0x08006a12   0x00000002   PAD
    0x08006a14   0x08006a14   0x00000094   Code   RO         5024    i.HAL_RTC_Init      stm32f1xx_hal_rtc.o
    0x08006aa8   0x08006aa8   0x00000018   Code   RO           30    i.HAL_RTC_MspInit   main.o
    0x08006ac0   0x08006ac0   0x000000c4   Code   RO         5030    i.HAL_RTC_SetDate   stm32f1xx_hal_rtc.o
    0x08006b84   0x08006b84   0x000000ac   Code   RO         5031    i.HAL_RTC_SetTime   stm32f1xx_hal_rtc.o
    0x08006c30   0x08006c30   0x0000003a   Code   RO         5032    i.HAL_RTC_WaitForSynchro  stm32f1xx_hal_rtc.o
    0x08006c6a   0x08006c6a   0x00000002   PAD
    0x08006c6c   0x08006c6c   0x00000118   Code   RO         4073    i.HAL_SD_ConfigWideBusOperation  stm32f1xx_hal_sd.o
    0x08006d84   0x08006d84   0x00000026   Code   RO         4074    i.HAL_SD_DeInit     stm32f1xx_hal_sd.o
    0x08006daa   0x08006daa   0x00000002   PAD
    0x08006dac   0x08006dac   0x00000198   Code   RO         4078    i.HAL_SD_GetCardCSD  stm32f1xx_hal_sd.o
    0x08006f44   0x08006f44   0x00000024   Code   RO         4079    i.HAL_SD_GetCardInfo  stm32f1xx_hal_sd.o
    0x08006f68   0x08006f68   0x0000002c   Code   RO         4080    i.HAL_SD_GetCardState  stm32f1xx_hal_sd.o
    0x08006f94   0x08006f94   0x00000006   Code   RO         4083    i.HAL_SD_GetState   stm32f1xx_hal_sd.o
    0x08006f9a   0x08006f9a   0x00000036   Code   RO         4085    i.HAL_SD_Init       stm32f1xx_hal_sd.o
    0x08006fd0   0x08006fd0   0x00000078   Code   RO         4086    i.HAL_SD_InitCard   stm32f1xx_hal_sd.o
    0x08007048   0x08007048   0x0000003c   Code   RO          555    i.HAL_SD_MspDeInit  stm32f1xx_hal_msp.o
    0x08007084   0x08007084   0x00000084   Code   RO          556    i.HAL_SD_MspInit    stm32f1xx_hal_msp.o
    0x08007108   0x08007108   0x000001e0   Code   RO         4089    i.HAL_SD_ReadBlocks  stm32f1xx_hal_sd.o
    0x080072e8   0x080072e8   0x000001b0   Code   RO         4094    i.HAL_SD_WriteBlocks  stm32f1xx_hal_sd.o
    0x08007498   0x08007498   0x000000b2   Code   RO         4306    i.HAL_SPI_Init      stm32f1xx_hal_spi.o
    0x0800754a   0x0800754a   0x00000002   PAD
    0x0800754c   0x0800754c   0x00000070   Code   RO          558    i.HAL_SPI_MspInit   stm32f1xx_hal_msp.o
    0x080075bc   0x080075bc   0x00000028   Code   RO         2442    i.HAL_SYSTICK_Config  stm32f1xx_hal_cortex.o
    0x080075e4   0x080075e4   0x00000036   Code   RO         4678    i.HAL_UART_DeInit   stm32f1xx_hal_uart.o
    0x0800761a   0x0800761a   0x00000064   Code   RO         4683    i.HAL_UART_Init     stm32f1xx_hal_uart.o
    0x0800767e   0x0800767e   0x00000002   PAD
    0x08007680   0x08007680   0x0000002c   Code   RO          559    i.HAL_UART_MspDeInit  stm32f1xx_hal_msp.o
    0x080076ac   0x080076ac   0x00000070   Code   RO          560    i.HAL_UART_MspInit  stm32f1xx_hal_msp.o
    0x0800771c   0x0800771c   0x000000b0   Code   RO         4686    i.HAL_UART_Receive  stm32f1xx_hal_uart.o
    0x080077cc   0x080077cc   0x000000a0   Code   RO         4691    i.HAL_UART_Transmit  stm32f1xx_hal_uart.o
    0x0800786c   0x0800786c   0x00000002   Code   RO          462    i.HardFault_Handler  stm32f1xx_it.o
    0x0800786e   0x0800786e   0x00000002   PAD
    0x08007870   0x08007870   0x00000040   Code   RO          654    i.I2C_Start         oled.o
    0x080078b0   0x080078b0   0x00000030   Code   RO          655    i.I2C_Stop          oled.o
    0x080078e0   0x080078e0   0x00000038   Code   RO          656    i.I2C_WaitAck       oled.o
    0x08007918   0x08007918   0x0000000a   Code   RO          657    i.IIC_delay         oled.o
    0x08007922   0x08007922   0x00000002   PAD
    0x08007924   0x08007924   0x00000038   Code   RO         1094    i.IntToUnicode      usbd_desc.o
    0x0800795c   0x0800795c   0x00000038   Code   RO           31    i.KEY_CANCEL_Detect  main.o
    0x08007994   0x08007994   0x00000038   Code   RO           32    i.KEY_DOWN_Detect   main.o
    0x080079cc   0x080079cc   0x00000038   Code   RO           33    i.KEY_LEFT_Detect   main.o
    0x08007a04   0x08007a04   0x00000038   Code   RO           34    i.KEY_OK_Detect     main.o
    0x08007a3c   0x08007a3c   0x00000038   Code   RO           35    i.KEY_RIGHT_Detect  main.o
    0x08007a74   0x08007a74   0x00000038   Code   RO           36    i.KEY_UP_Detect     main.o
    0x08007aac   0x08007aac   0x00000042   Code   RO         6175    i.MSC_BOT_Abort     usbd_msc_bot.o
    0x08007aee   0x08007aee   0x00000002   PAD
    0x08007af0   0x08007af0   0x000000cc   Code   RO         6176    i.MSC_BOT_CBW_Decode  usbd_msc_bot.o
    0x08007bbc   0x08007bbc   0x0000002a   Code   RO         6177    i.MSC_BOT_CplClrFeature  usbd_msc_bot.o
    0x08007be6   0x08007be6   0x0000003a   Code   RO         6178    i.MSC_BOT_DataIn    usbd_msc_bot.o
    0x08007c20   0x08007c20   0x0000003a   Code   RO         6179    i.MSC_BOT_DataOut   usbd_msc_bot.o
    0x08007c5a   0x08007c5a   0x0000000a   Code   RO         6180    i.MSC_BOT_DeInit    usbd_msc_bot.o
    0x08007c64   0x08007c64   0x00000042   Code   RO         6181    i.MSC_BOT_Init      usbd_msc_bot.o
    0x08007ca6   0x08007ca6   0x00000016   Code   RO         6182    i.MSC_BOT_Reset     usbd_msc_bot.o
    0x08007cbc   0x08007cbc   0x0000003c   Code   RO         6183    i.MSC_BOT_SendCSW   usbd_msc_bot.o
    0x08007cf8   0x08007cf8   0x0000001c   Code   RO         1001    i.MX_FATFS_Init     fatfs.o
    0x08007d14   0x08007d14   0x0000014c   Code   RO           37    i.MX_FSMC_Init      main.o
    0x08007e60   0x08007e60   0x00000120   Code   RO           38    i.MX_GPIO_Init      main.o
    0x08007f80   0x08007f80   0x000000d8   Code   RO           39    i.MX_RTC_Init       main.o
    0x08008058   0x08008058   0x000000e0   Code   RO           40    i.MX_SDIO_SD_Init   main.o
    0x08008138   0x08008138   0x00000044   Code   RO           41    i.MX_SPI1_Init      main.o
    0x0800817c   0x0800817c   0x00000200   Code   RO         1039    i.MX_USB_DEVICE_Init  usb_device.o
    0x0800837c   0x0800837c   0x00000002   Code   RO          463    i.MemManage_Handler  stm32f1xx_it.o
    0x0800837e   0x0800837e   0x00000002   Code   RO          464    i.NMI_Handler       stm32f1xx_it.o
    0x08008380   0x08008380   0x0000002c   Code   RO          658    i.OLED_Clear        oled.o
    0x080083ac   0x080083ac   0x00000018   Code   RO          659    i.OLED_ColorTurn    oled.o
    0x080083c4   0x080083c4   0x0000002c   Code   RO          662    i.OLED_DisplayTurn  oled.o
    0x080083f0   0x080083f0   0x0000002c   Code   RO          665    i.OLED_DrawPoint    oled.o
    0x0800841c   0x0800841c   0x00000148   Code   RO          666    i.OLED_Init         oled.o
    0x08008564   0x08008564   0x00000028   Code   RO          668    i.OLED_MenuItemReverse  oled.o
    0x0800858c   0x0800858c   0x00000068   Code   RO          670    i.OLED_Refresh      oled.o
    0x080085f4   0x080085f4   0x000000e4   Code   RO          672    i.OLED_ShowChar     oled.o
    0x080086d8   0x080086d8   0x000000f8   Code   RO          674    i.OLED_ShowMenu     oled.o
    0x080087d0   0x080087d0   0x0000003c   Code   RO          677    i.OLED_ShowString   oled.o
    0x0800880c   0x0800880c   0x00000016   Code   RO          678    i.OLED_ShowString2  oled.o
    0x08008822   0x08008822   0x00000036   Code   RO          679    i.OLED_WR_Byte      oled.o
    0x08008858   0x08008858   0x000003a6   Code   RO         1525    i.PCD_EP_ISR_Handler  stm32f1xx_hal_pcd.o
    0x08008bfe   0x08008bfe   0x00000002   Code   RO          465    i.PendSV_Handler    stm32f1xx_it.o
    0x08008c00   0x08008c00   0x00000012   Code   RO         5033    i.RTC_Bcd2ToByte    stm32f1xx_hal_rtc.o
    0x08008c12   0x08008c12   0x00000016   Code   RO         5034    i.RTC_ByteToBcd2    stm32f1xx_hal_rtc.o
    0x08008c28   0x08008c28   0x000000ae   Code   RO         5035    i.RTC_DateUpdate    stm32f1xx_hal_rtc.o
    0x08008cd6   0x08008cd6   0x00000034   Code   RO         5036    i.RTC_EnterInitMode  stm32f1xx_hal_rtc.o
    0x08008d0a   0x08008d0a   0x00000002   PAD
    0x08008d0c   0x08008d0c   0x00000036   Code   RO         5037    i.RTC_ExitInitMode  stm32f1xx_hal_rtc.o
    0x08008d42   0x08008d42   0x0000000e   Code   RO         5038    i.RTC_ReadAlarmCounter  stm32f1xx_hal_rtc.o
    0x08008d50   0x08008d50   0x00000020   Code   RO         5039    i.RTC_ReadTimeCounter  stm32f1xx_hal_rtc.o
    0x08008d70   0x08008d70   0x00000056   Code   RO         5040    i.RTC_WeekDayNum    stm32f1xx_hal_rtc.o
    0x08008dc6   0x08008dc6   0x00000028   Code   RO         5041    i.RTC_WriteAlarmCounter  stm32f1xx_hal_rtc.o
    0x08008dee   0x08008dee   0x00000028   Code   RO         5042    i.RTC_WriteTimeCounter  stm32f1xx_hal_rtc.o
    0x08008e16   0x08008e16   0x00000022   Code   RO         6271    i.SCSI_CheckAddressRange  usbd_msc_scsi.o
    0x08008e38   0x08008e38   0x000001d4   Code   RO         6272    i.SCSI_ProcessCmd   usbd_msc_scsi.o
    0x0800900c   0x0800900c   0x00000096   Code   RO         6273    i.SCSI_ProcessRead  usbd_msc_scsi.o
    0x080090a2   0x080090a2   0x000000a4   Code   RO         6274    i.SCSI_ProcessWrite  usbd_msc_scsi.o
    0x08009146   0x08009146   0x0000009c   Code   RO         6275    i.SCSI_Read10       usbd_msc_scsi.o
    0x080091e2   0x080091e2   0x00000056   Code   RO         6276    i.SCSI_ReadCapacity10  usbd_msc_scsi.o
    0x08009238   0x08009238   0x0000006e   Code   RO         6277    i.SCSI_ReadFormatCapacity  usbd_msc_scsi.o
    0x080092a6   0x080092a6   0x00000034   Code   RO         6278    i.SCSI_SenseCode    usbd_msc_scsi.o
    0x080092da   0x080092da   0x000000be   Code   RO         6279    i.SCSI_Write10      usbd_msc_scsi.o
    0x08009398   0x08009398   0x00000024   Code   RO         3784    i.SDIO_ConfigData   stm32f1xx_ll_sdmmc.o
    0x080093bc   0x080093bc   0x00000008   Code   RO         3788    i.SDIO_GetPowerState  stm32f1xx_ll_sdmmc.o
    0x080093c4   0x080093c4   0x00000006   Code   RO         3789    i.SDIO_GetResponse  stm32f1xx_ll_sdmmc.o
    0x080093ca   0x080093ca   0x00000024   Code   RO         3790    i.SDIO_Init         stm32f1xx_ll_sdmmc.o
    0x080093ee   0x080093ee   0x00000008   Code   RO         3791    i.SDIO_PowerState_OFF  stm32f1xx_ll_sdmmc.o
    0x080093f6   0x080093f6   0x00000008   Code   RO         3792    i.SDIO_PowerState_ON  stm32f1xx_ll_sdmmc.o
    0x080093fe   0x080093fe   0x00000006   Code   RO         3793    i.SDIO_ReadFIFO     stm32f1xx_ll_sdmmc.o
    0x08009404   0x08009404   0x00000020   Code   RO         3794    i.SDIO_SendCommand  stm32f1xx_ll_sdmmc.o
    0x08009424   0x08009424   0x0000000a   Code   RO         3796    i.SDIO_WriteFIFO    stm32f1xx_ll_sdmmc.o
    0x0800942e   0x0800942e   0x00000032   Code   RO         3797    i.SDMMC_CmdAppCommand  stm32f1xx_ll_sdmmc.o
    0x08009460   0x08009460   0x00000034   Code   RO         3798    i.SDMMC_CmdAppOperCommand  stm32f1xx_ll_sdmmc.o
    0x08009494   0x08009494   0x00000032   Code   RO         3799    i.SDMMC_CmdBlockLength  stm32f1xx_ll_sdmmc.o
    0x080094c6   0x080094c6   0x00000032   Code   RO         3800    i.SDMMC_CmdBusWidth  stm32f1xx_ll_sdmmc.o
    0x080094f8   0x080094f8   0x00000050   Code   RO         3804    i.SDMMC_CmdGoIdleState  stm32f1xx_ll_sdmmc.o
    0x08009548   0x08009548   0x00000030   Code   RO         3806    i.SDMMC_CmdOperCond  stm32f1xx_ll_sdmmc.o
    0x08009578   0x08009578   0x00000032   Code   RO         3807    i.SDMMC_CmdReadMultiBlock  stm32f1xx_ll_sdmmc.o
    0x080095aa   0x080095aa   0x00000032   Code   RO         3808    i.SDMMC_CmdReadSingleBlock  stm32f1xx_ll_sdmmc.o
    0x080095dc   0x080095dc   0x00000032   Code   RO         3811    i.SDMMC_CmdSelDesel  stm32f1xx_ll_sdmmc.o
    0x0800960e   0x0800960e   0x0000002c   Code   RO         3812    i.SDMMC_CmdSendCID  stm32f1xx_ll_sdmmc.o
    0x0800963a   0x0800963a   0x0000002c   Code   RO         3813    i.SDMMC_CmdSendCSD  stm32f1xx_ll_sdmmc.o
    0x08009666   0x08009666   0x00000030   Code   RO         3815    i.SDMMC_CmdSendSCR  stm32f1xx_ll_sdmmc.o
    0x08009696   0x08009696   0x00000032   Code   RO         3816    i.SDMMC_CmdSendStatus  stm32f1xx_ll_sdmmc.o
    0x080096c8   0x080096c8   0x00000030   Code   RO         3817    i.SDMMC_CmdSetRelAdd  stm32f1xx_ll_sdmmc.o
    0x080096f8   0x080096f8   0x00000034   Code   RO         3820    i.SDMMC_CmdStopTransfer  stm32f1xx_ll_sdmmc.o
    0x0800972c   0x0800972c   0x00000032   Code   RO         3822    i.SDMMC_CmdWriteMultiBlock  stm32f1xx_ll_sdmmc.o
    0x0800975e   0x0800975e   0x00000032   Code   RO         3823    i.SDMMC_CmdWriteSingleBlock  stm32f1xx_ll_sdmmc.o
    0x08009790   0x08009790   0x00000120   Code   RO         3824    i.SDMMC_GetCmdResp1  stm32f1xx_ll_sdmmc.o
    0x080098b0   0x080098b0   0x00000050   Code   RO         3825    i.SDMMC_GetCmdResp2  stm32f1xx_ll_sdmmc.o
    0x08009900   0x08009900   0x00000044   Code   RO         3826    i.SDMMC_GetCmdResp3  stm32f1xx_ll_sdmmc.o
    0x08009944   0x08009944   0x00000088   Code   RO         3827    i.SDMMC_GetCmdResp6  stm32f1xx_ll_sdmmc.o
    0x080099cc   0x080099cc   0x00000058   Code   RO         3828    i.SDMMC_GetCmdResp7  stm32f1xx_ll_sdmmc.o
    0x08009a24   0x08009a24   0x000000e0   Code   RO         4102    i.SD_FindSCR        stm32f1xx_hal_sd.o
    0x08009b04   0x08009b04   0x000000ee   Code   RO         4103    i.SD_InitCard       stm32f1xx_hal_sd.o
    0x08009bf2   0x08009bf2   0x00000002   PAD
    0x08009bf4   0x08009bf4   0x000000b4   Code   RO         4104    i.SD_PowerON        stm32f1xx_hal_sd.o
    0x08009ca8   0x08009ca8   0x00000020   Code   RO         5769    i.SD_initialize     sd_diskio.o
    0x08009cc8   0x08009cc8   0x00000050   Code   RO         5770    i.SD_ioctl          sd_diskio.o
    0x08009d18   0x08009d18   0x0000003c   Code   RO         5771    i.SD_read           sd_diskio.o
    0x08009d54   0x08009d54   0x00000020   Code   RO         5772    i.SD_status         sd_diskio.o
    0x08009d74   0x08009d74   0x0000003c   Code   RO         5773    i.SD_write          sd_diskio.o
    0x08009db0   0x08009db0   0x00000024   Code   RO         1180    i.STORAGE_GetCapacity_FS  usbd_storage_if.o
    0x08009dd4   0x08009dd4   0x00000004   Code   RO         1181    i.STORAGE_GetMaxLun_FS  usbd_storage_if.o
    0x08009dd8   0x08009dd8   0x00000004   Code   RO         1182    i.STORAGE_Init_FS   usbd_storage_if.o
    0x08009ddc   0x08009ddc   0x00000038   Code   RO         1183    i.STORAGE_IsReady_FS  usbd_storage_if.o
    0x08009e14   0x08009e14   0x00000004   Code   RO         1184    i.STORAGE_IsWriteProtected_FS  usbd_storage_if.o
    0x08009e18   0x08009e18   0x00000020   Code   RO         1185    i.STORAGE_Read_FS   usbd_storage_if.o
    0x08009e38   0x08009e38   0x00000020   Code   RO         1186    i.STORAGE_Write_FS  usbd_storage_if.o
    0x08009e58   0x08009e58   0x00000002   Code   RO          466    i.SVC_Handler       stm32f1xx_it.o
    0x08009e5a   0x08009e5a   0x00000002   PAD
    0x08009e5c   0x08009e5c   0x00000048   Code   RO          680    i.Send_Byte         oled.o
    0x08009ea4   0x08009ea4   0x00000068   Code   RO           42    i.Set_A25_A31       main.o
    0x08009f0c   0x08009f0c   0x0000005c   Code   RO           43    i.Set_A25_A31_All_Zero  main.o
    0x08009f68   0x08009f68   0x00000004   Code   RO          467    i.SysTick_Handler   stm32f1xx_it.o
    0x08009f6c   0x08009f6c   0x00000078   Code   RO           44    i.SystemClock_Config  main.o
    0x08009fe4   0x08009fe4   0x00000002   Code   RO         5289    i.SystemInit        system_stm32f1xx.o
    0x08009fe6   0x08009fe6   0x0000004e   Code   RO         4706    i.UART_EndRxTransfer  stm32f1xx_hal_uart.o
    0x0800a034   0x0800a034   0x00000130   Code   RO           45    i.UART_Menu_Show    main.o
    0x0800a164   0x0800a164   0x000000b8   Code   RO         4709    i.UART_SetConfig    stm32f1xx_hal_uart.o
    0x0800a21c   0x0800a21c   0x00000072   Code   RO         4712    i.UART_WaitOnFlagUntilTimeout  stm32f1xx_hal_uart.o
    0x0800a28e   0x0800a28e   0x0000000e   Code   RO         5827    i.USBD_ClrClassConfig  usbd_core.o
    0x0800a29c   0x0800a29c   0x00000010   Code   RO         6030    i.USBD_CtlContinueRx  usbd_ioreq.o
    0x0800a2ac   0x0800a2ac   0x00000010   Code   RO         6031    i.USBD_CtlContinueSendData  usbd_ioreq.o
    0x0800a2bc   0x0800a2bc   0x00000016   Code   RO         5965    i.USBD_CtlError     usbd_ctlreq.o
    0x0800a2d2   0x0800a2d2   0x00000016   Code   RO         6033    i.USBD_CtlReceiveStatus  usbd_ioreq.o
    0x0800a2e8   0x0800a2e8   0x0000001a   Code   RO         6034    i.USBD_CtlSendData  usbd_ioreq.o
    0x0800a302   0x0800a302   0x00000016   Code   RO         6035    i.USBD_CtlSendStatus  usbd_ioreq.o
    0x0800a318   0x0800a318   0x00000020   Code   RO         1095    i.USBD_FS_ConfigStrDescriptor  usbd_desc.o
    0x0800a338   0x0800a338   0x0000000c   Code   RO         1096    i.USBD_FS_DeviceDescriptor  usbd_desc.o
    0x0800a344   0x0800a344   0x00000024   Code   RO         1097    i.USBD_FS_InterfaceStrDescriptor  usbd_desc.o
    0x0800a368   0x0800a368   0x0000000c   Code   RO         1098    i.USBD_FS_LangIDStrDescriptor  usbd_desc.o
    0x0800a374   0x0800a374   0x00000028   Code   RO         1099    i.USBD_FS_ManufacturerStrDescriptor  usbd_desc.o
    0x0800a39c   0x0800a39c   0x00000028   Code   RO         1100    i.USBD_FS_ProductStrDescriptor  usbd_desc.o
    0x0800a3c4   0x0800a3c4   0x00000038   Code   RO         1101    i.USBD_FS_SerialStrDescriptor  usbd_desc.o
    0x0800a3fc   0x0800a3fc   0x000000e8   Code   RO         5966    i.USBD_GetDescriptor  usbd_ctlreq.o
    0x0800a4e4   0x0800a4e4   0x00000048   Code   RO         5967    i.USBD_GetString    usbd_ctlreq.o
    0x0800a52c   0x0800a52c   0x00000018   Code   RO         1255    i.USBD_Get_USB_Status  usbd_conf.o
    0x0800a544   0x0800a544   0x0000002a   Code   RO         5829    i.USBD_Init         usbd_core.o
    0x0800a56e   0x0800a56e   0x00000012   Code   RO         1256    i.USBD_LL_ClearStallEP  usbd_conf.o
    0x0800a580   0x0800a580   0x00000012   Code   RO         1257    i.USBD_LL_CloseEP   usbd_conf.o
    0x0800a592   0x0800a592   0x000000c6   Code   RO         5830    i.USBD_LL_DataInStage  usbd_core.o
    0x0800a658   0x0800a658   0x00000082   Code   RO         5831    i.USBD_LL_DataOutStage  usbd_core.o
    0x0800a6da   0x0800a6da   0x00000012   Code   RO         1260    i.USBD_LL_FlushEP   usbd_conf.o
    0x0800a6ec   0x0800a6ec   0x00000008   Code   RO         1261    i.USBD_LL_GetRxDataSize  usbd_conf.o
    0x0800a6f4   0x0800a6f4   0x00000070   Code   RO         1262    i.USBD_LL_Init      usbd_conf.o
    0x0800a764   0x0800a764   0x0000001e   Code   RO         1263    i.USBD_LL_IsStallEP  usbd_conf.o
    0x0800a782   0x0800a782   0x00000018   Code   RO         1264    i.USBD_LL_OpenEP    usbd_conf.o
    0x0800a79a   0x0800a79a   0x00000012   Code   RO         1265    i.USBD_LL_PrepareReceive  usbd_conf.o
    0x0800a7ac   0x0800a7ac   0x00000050   Code   RO         5836    i.USBD_LL_Reset     usbd_core.o
    0x0800a7fc   0x0800a7fc   0x00000014   Code   RO         5837    i.USBD_LL_Resume    usbd_core.o
    0x0800a810   0x0800a810   0x00000018   Code   RO         5838    i.USBD_LL_SOF       usbd_core.o
    0x0800a828   0x0800a828   0x00000006   Code   RO         5839    i.USBD_LL_SetSpeed  usbd_core.o
    0x0800a82e   0x0800a82e   0x00000012   Code   RO         1266    i.USBD_LL_SetUSBAddress  usbd_conf.o
    0x0800a840   0x0800a840   0x0000005a   Code   RO         5840    i.USBD_LL_SetupStage  usbd_core.o
    0x0800a89a   0x0800a89a   0x00000012   Code   RO         1267    i.USBD_LL_StallEP   usbd_conf.o
    0x0800a8ac   0x0800a8ac   0x00000012   Code   RO         1268    i.USBD_LL_Start     usbd_conf.o
    0x0800a8be   0x0800a8be   0x00000012   Code   RO         5841    i.USBD_LL_Suspend   usbd_core.o
    0x0800a8d0   0x0800a8d0   0x00000012   Code   RO         1270    i.USBD_LL_Transmit  usbd_conf.o
    0x0800a8e2   0x0800a8e2   0x0000000a   Code   RO         6090    i.USBD_MSC_DataIn   usbd_msc.o
    0x0800a8ec   0x0800a8ec   0x0000000a   Code   RO         6091    i.USBD_MSC_DataOut  usbd_msc.o
    0x0800a8f6   0x0800a8f6   0x00000032   Code   RO         6092    i.USBD_MSC_DeInit   usbd_msc.o
    0x0800a928   0x0800a928   0x0000000c   Code   RO         6093    i.USBD_MSC_GetDeviceQualifierDescriptor  usbd_msc.o
    0x0800a934   0x0800a934   0x0000000c   Code   RO         6094    i.USBD_MSC_GetFSCfgDesc  usbd_msc.o
    0x0800a940   0x0800a940   0x0000000c   Code   RO         6095    i.USBD_MSC_GetHSCfgDesc  usbd_msc.o
    0x0800a94c   0x0800a94c   0x0000000c   Code   RO         6096    i.USBD_MSC_GetOtherSpeedCfgDesc  usbd_msc.o
    0x0800a958   0x0800a958   0x0000005c   Code   RO         6097    i.USBD_MSC_Init     usbd_msc.o
    0x0800a9b4   0x0800a9b4   0x0000000a   Code   RO         6098    i.USBD_MSC_RegisterStorage  usbd_msc.o
    0x0800a9be   0x0800a9be   0x00000116   Code   RO         6099    i.USBD_MSC_Setup    usbd_msc.o
    0x0800aad4   0x0800aad4   0x00000028   Code   RO         5968    i.USBD_ParseSetupRequest  usbd_ctlreq.o
    0x0800aafc   0x0800aafc   0x00000010   Code   RO         5842    i.USBD_RegisterClass  usbd_core.o
    0x0800ab0c   0x0800ab0c   0x00000016   Code   RO         5844    i.USBD_SetClassConfig  usbd_core.o
    0x0800ab22   0x0800ab22   0x00000002   PAD
    0x0800ab24   0x0800ab24   0x00000084   Code   RO         5969    i.USBD_SetConfig    usbd_ctlreq.o
    0x0800aba8   0x0800aba8   0x0000000a   Code   RO         5845    i.USBD_Start        usbd_core.o
    0x0800abb2   0x0800abb2   0x00000112   Code   RO         5970    i.USBD_StdDevReq    usbd_ctlreq.o
    0x0800acc4   0x0800acc4   0x00000150   Code   RO         5971    i.USBD_StdEPReq     usbd_ctlreq.o
    0x0800ae14   0x0800ae14   0x0000004e   Code   RO         5972    i.USBD_StdItfReq    usbd_ctlreq.o
    0x0800ae62   0x0800ae62   0x00000002   Code   RO         1271    i.USBD_static_free  usbd_conf.o
    0x0800ae64   0x0800ae64   0x00000008   Code   RO         1272    i.USBD_static_malloc  usbd_conf.o
    0x0800ae6c   0x0800ae6c   0x0000029c   Code   RO         1768    i.USB_ActivateEndpoint  stm32f1xx_ll_usb.o
    0x0800b108   0x0800b108   0x00000004   Code   RO         1771    i.USB_CoreInit      stm32f1xx_ll_usb.o
    0x0800b10c   0x0800b10c   0x0000010e   Code   RO         1773    i.USB_DeactivateEndpoint  stm32f1xx_ll_usb.o
    0x0800b21a   0x0800b21a   0x00000004   Code   RO         1774    i.USB_DevConnect    stm32f1xx_ll_usb.o
    0x0800b21e   0x0800b21e   0x00000004   Code   RO         1775    i.USB_DevDisconnect  stm32f1xx_ll_usb.o
    0x0800b222   0x0800b222   0x00000012   Code   RO         1776    i.USB_DevInit       stm32f1xx_ll_usb.o
    0x0800b234   0x0800b234   0x0000000e   Code   RO         1777    i.USB_DisableGlobalInt  stm32f1xx_ll_usb.o
    0x0800b242   0x0800b242   0x00000004   Code   RO         1778    i.USB_EP0_OutStart  stm32f1xx_ll_usb.o
    0x0800b246   0x0800b246   0x00000078   Code   RO         1779    i.USB_EPClearStall  stm32f1xx_ll_usb.o
    0x0800b2be   0x0800b2be   0x00000032   Code   RO         1780    i.USB_EPSetStall    stm32f1xx_ll_usb.o
    0x0800b2f0   0x0800b2f0   0x000004e2   Code   RO         1781    i.USB_EPStartXfer   stm32f1xx_ll_usb.o
    0x0800b7d2   0x0800b7d2   0x00000012   Code   RO         1783    i.USB_EnableGlobalInt  stm32f1xx_ll_usb.o
    0x0800b7e4   0x0800b7e4   0x00000004   Code   RO         1784    i.USB_FlushRxFifo   stm32f1xx_ll_usb.o
    0x0800b7e8   0x0800b7e8   0x00000004   Code   RO         1785    i.USB_FlushTxFifo   stm32f1xx_ll_usb.o
    0x0800b7ec   0x0800b7ec   0x0000000c   Code   RO          468    i.USB_LP_CAN1_RX0_IRQHandler  stm32f1xx_it.o
    0x0800b7f8   0x0800b7f8   0x00000006   Code   RO         1790    i.USB_ReadInterrupts  stm32f1xx_ll_usb.o
    0x0800b7fe   0x0800b7fe   0x00000002   PAD
    0x0800b800   0x0800b800   0x0000002c   Code   RO         1791    i.USB_ReadPMA       stm32f1xx_ll_usb.o
    0x0800b82c   0x0800b82c   0x00000004   Code   RO         1792    i.USB_SetCurrentMode  stm32f1xx_ll_usb.o
    0x0800b830   0x0800b830   0x0000000c   Code   RO         1793    i.USB_SetDevAddress  stm32f1xx_ll_usb.o
    0x0800b83c   0x0800b83c   0x00000026   Code   RO         1795    i.USB_WritePMA      stm32f1xx_ll_usb.o
    0x0800b862   0x0800b862   0x00000002   Code   RO          469    i.UsageFault_Handler  stm32f1xx_it.o
    0x0800b864   0x0800b864   0x00000054   Code   RO           46    i.Wait_Any_Key      main.o
    0x0800b8b8   0x0800b8b8   0x00000020   Code   RO         6587    i.__0printf         mc_w.l(printfa.o)
    0x0800b8d8   0x0800b8d8   0x00000028   Code   RO         6589    i.__0sprintf        mc_w.l(printfa.o)
    0x0800b900   0x0800b900   0x00000034   Code   RO         6592    i.__0vsnprintf      mc_w.l(printfa.o)
    0x0800b934   0x0800b934   0x00000020   Code   RO         2444    i.__NVIC_SetPriority  stm32f1xx_hal_cortex.o
    0x0800b954   0x0800b954   0x00000024   Code   RO           47    i.__NVIC_SystemReset  main.o
    0x0800b978   0x0800b978   0x00000008   Code   RO         6648    i.__aeabi_errno_addr  mc_w.l(errno.o)
    0x0800b980   0x0800b980   0x0000000e   Code   RO         6710    i.__scatterload_copy  mc_w.l(handlers.o)
    0x0800b98e   0x0800b98e   0x00000002   Code   RO         6711    i.__scatterload_null  mc_w.l(handlers.o)
    0x0800b990   0x0800b990   0x0000000e   Code   RO         6712    i.__scatterload_zeroinit  mc_w.l(handlers.o)
    0x0800b99e   0x0800b99e   0x00000002   PAD
    0x0800b9a0   0x0800b9a0   0x00000184   Code   RO         6594    i._fp_digits        mc_w.l(printfa.o)
    0x0800bb24   0x0800bb24   0x000006b4   Code   RO         6595    i._printf_core      mc_w.l(printfa.o)
    0x0800c1d8   0x0800c1d8   0x00000024   Code   RO         6596    i._printf_post_padding  mc_w.l(printfa.o)
    0x0800c1fc   0x0800c1fc   0x0000002e   Code   RO         6597    i._printf_pre_padding  mc_w.l(printfa.o)
    0x0800c22a   0x0800c22a   0x00000016   Code   RO         6598    i._snputc           mc_w.l(printfa.o)
    0x0800c240   0x0800c240   0x0000000a   Code   RO         6599    i._sputc            mc_w.l(printfa.o)
    0x0800c24a   0x0800c24a   0x00000002   PAD
    0x0800c24c   0x0800c24c   0x0000001c   Code   RO           48    i.buz               main.o
    0x0800c268   0x0800c268   0x00000078   Code   RO         5381    i.check_fs          ff.o
    0x0800c2e0   0x0800c2e0   0x0000006c   Code   RO         5382    i.chk_lock          ff.o
    0x0800c34c   0x0800c34c   0x00000024   Code   RO         5383    i.clear_lock        ff.o
    0x0800c370   0x0800c370   0x0000002a   Code   RO         5384    i.clmt_clust        ff.o
    0x0800c39a   0x0800c39a   0x0000001e   Code   RO         5385    i.clust2sect        ff.o
    0x0800c3b8   0x0800c3b8   0x000000b0   Code   RO         5386    i.create_chain      ff.o
    0x0800c468   0x0800c468   0x00000100   Code   RO         5387    i.create_name       ff.o
    0x0800c568   0x0800c568   0x0000003c   Code   RO         5388    i.dec_lock          ff.o
    0x0800c5a4   0x0800c5a4   0x00000012   Code   RO           50    i.delaycmd          main.o
    0x0800c5b6   0x0800c5b6   0x00000002   PAD
    0x0800c5b8   0x0800c5b8   0x00000034   Code   RO           52    i.delayns_init      main.o
    0x0800c5ec   0x0800c5ec   0x0000011e   Code   RO         5389    i.dir_next          ff.o
    0x0800c70a   0x0800c70a   0x00000002   PAD
    0x0800c70c   0x0800c70c   0x00000066   Code   RO         5390    i.dir_read          ff.o
    0x0800c772   0x0800c772   0x00000076   Code   RO         5391    i.dir_register      ff.o
    0x0800c7e8   0x0800c7e8   0x00000098   Code   RO         5393    i.dir_sdi           ff.o
    0x0800c880   0x0800c880   0x00000028   Code   RO         5326    i.disk_initialize   diskio.o
    0x0800c8a8   0x0800c8a8   0x0000001c   Code   RO         5327    i.disk_ioctl        diskio.o
    0x0800c8c4   0x0800c8c4   0x0000001c   Code   RO         5328    i.disk_read         diskio.o
    0x0800c8e0   0x0800c8e0   0x00000018   Code   RO         5329    i.disk_status       diskio.o
    0x0800c8f8   0x0800c8f8   0x0000001c   Code   RO         5330    i.disk_write        diskio.o
    0x0800c914   0x0800c914   0x0000002a   Code   RO         5395    i.f_close           ff.o
    0x0800c93e   0x0800c93e   0x00000024   Code   RO         5396    i.f_closedir        ff.o
    0x0800c962   0x0800c962   0x00000002   PAD
    0x0800c964   0x0800c964   0x00000284   Code   RO         5399    i.f_lseek           ff.o
    0x0800cbe8   0x0800cbe8   0x00000164   Code   RO         5400    i.f_mkdir           ff.o
    0x0800cd4c   0x0800cd4c   0x0000005c   Code   RO         5402    i.f_mount           ff.o
    0x0800cda8   0x0800cda8   0x000001ac   Code   RO         5403    i.f_open            ff.o
    0x0800cf54   0x0800cf54   0x00000094   Code   RO         5404    i.f_opendir         ff.o
    0x0800cfe8   0x0800cfe8   0x0000018c   Code   RO         5408    i.f_read            ff.o
    0x0800d174   0x0800d174   0x00000052   Code   RO         5409    i.f_readdir         ff.o
    0x0800d1c6   0x0800d1c6   0x000000b8   Code   RO         5412    i.f_sync            ff.o
    0x0800d27e   0x0800d27e   0x000001d6   Code   RO         5416    i.f_write           ff.o
    0x0800d454   0x0800d454   0x000002d0   Code   RO         5417    i.find_volume       ff.o
    0x0800d724   0x0800d724   0x000000c0   Code   RO         5418    i.follow_path       ff.o
    0x0800d7e4   0x0800d7e4   0x00000018   Code   RO           53    i.fputc             main.o
    0x0800d7fc   0x0800d7fc   0x000000cc   Code   RO         5419    i.get_fat           ff.o
    0x0800d8c8   0x0800d8c8   0x00000004   Code   RO         1002    i.get_fattime       fatfs.o
    0x0800d8cc   0x0800d8cc   0x0000005a   Code   RO         5420    i.get_fileinfo      ff.o
    0x0800d926   0x0800d926   0x0000003c   Code   RO         5421    i.get_ldnumber      ff.o
    0x0800d962   0x0800d962   0x00000002   PAD
    0x0800d964   0x0800d964   0x000000a0   Code   RO         5422    i.inc_lock          ff.o
    0x0800da04   0x0800da04   0x00000026   Code   RO           54    i.is_leap_year      main.o
    0x0800da2a   0x0800da2a   0x00000014   Code   RO         5423    i.ld_clust          ff.o
    0x0800da3e   0x0800da3e   0x00000002   PAD
    0x0800da40   0x0800da40   0x00000310   Code   RO           55    i.main              main.o
    0x0800dd50   0x0800dd50   0x00000012   Code   RO         5424    i.mem_cpy           ff.o
    0x0800dd62   0x0800dd62   0x0000000e   Code   RO         5425    i.mem_set           ff.o
    0x0800dd70   0x0800dd70   0x00000036   Code   RO         5426    i.move_window       ff.o
    0x0800dda6   0x0800dda6   0x00000002   PAD
    0x0800dda8   0x0800dda8   0x0000004c   Code   RO          681    i.printfOled        oled.o
    0x0800ddf4   0x0800ddf4   0x000000f6   Code   RO         5427    i.put_fat           ff.o
    0x0800deea   0x0800deea   0x0000006e   Code   RO         5429    i.remove_chain      ff.o
    0x0800df58   0x0800df58   0x000000b0   Code   RO           56    i.rtc_to_unix_timestamp  main.o
    0x0800e008   0x0800e008   0x00000010   Code   RO         5430    i.st_clust          ff.o
    0x0800e018   0x0800e018   0x00000530   Code   RO           57    i.switch_to_udisk   main.o
    0x0800e548   0x0800e548   0x000000b6   Code   RO         5431    i.sync_fs           ff.o
    0x0800e5fe   0x0800e5fe   0x00000060   Code   RO         5432    i.sync_window       ff.o
    0x0800e65e   0x0800e65e   0x0000002c   Code   RO         5433    i.validate          ff.o
    0x0800e68a   0x0800e68a   0x0000000c   Data   RO           60    .constdata          main.o
    0x0800e696   0x0800e696   0x00001e10   Data   RO          683    .constdata          oled.o
    0x080104a6   0x080104a6   0x00000024   Data   RO         1187    .constdata          usbd_storage_if.o
    0x080104ca   0x080104ca   0x00000012   Data   RO         2142    .constdata          stm32f1xx_hal_rcc.o
    0x080104dc   0x080104dc   0x00000012   Data   RO         2234    .constdata          stm32f1xx_hal_rcc_ex.o
    0x080104ee   0x080104ee   0x00000010   Data   RO         5290    .constdata          system_stm32f1xx.o
    0x080104fe   0x080104fe   0x00000008   Data   RO         5291    .constdata          system_stm32f1xx.o
    0x08010506   0x08010506   0x000000ac   Data   RO         5435    .constdata          ff.o
    0x080105b2   0x080105b2   0x00000002   PAD
    0x080105b4   0x080105b4   0x00000014   Data   RO         5774    .constdata          sd_diskio.o
    0x080105c8   0x080105c8   0x00000007   Data   RO         6245    .constdata          usbd_msc_data.o
    0x080105cf   0x080105cf   0x00000008   Data   RO         6246    .constdata          usbd_msc_data.o
    0x080105d7   0x080105d7   0x00000008   Data   RO         6247    .constdata          usbd_msc_data.o
    0x080105df   0x080105df   0x00000081   Data   RO         6675    .constdata          mc_w.l(ctype_o.o)
    0x08010660   0x08010660   0x00000004   Data   RO         6676    .constdata          mc_w.l(ctype_o.o)
    0x08010664   0x08010664   0x00000327   Data   RO           61    .conststring        main.o
    0x0801098b   0x0801098b   0x00000001   PAD
    0x0801098c   0x0801098c   0x00000020   Data   RO         6708    Region$$Table       anon$$obj.o


    Execution Region RW_IRAM1 (Exec base: 0x20000000, Load base: 0x080109ac, Size: 0x00007ec8, Max: 0x00010000, ABSOLUTE, COMPRESSED[0x000000ac])

    Exec Addr    Load Addr    Size         Type   Attr      Idx    E Section Name        Object

    0x20000000   COMPRESSED   0x00000018   Data   RW           64    .data               main.o
    0x20000018   COMPRESSED   0x00000008   Data   RW          561    .data               stm32f1xx_hal_msp.o
    0x20000020   COMPRESSED   0x00000005   Data   RW         1005    .data               fatfs.o
    0x20000025   COMPRESSED   0x00000003   PAD
    0x20000028   COMPRESSED   0x0000001c   Data   RW         1103    .data               usbd_desc.o
    0x20000044   COMPRESSED   0x00000032   Data   RW         1104    .data               usbd_desc.o
    0x20000076   COMPRESSED   0x00000002   PAD
    0x20000078   COMPRESSED   0x00000020   Data   RW         1188    .data               usbd_storage_if.o
    0x20000098   COMPRESSED   0x0000000c   Data   RW         1979    .data               stm32f1xx_hal.o
    0x200000a4   COMPRESSED   0x00000004   Data   RW         3075    .data               stm32f1xx_hal_nor.o
    0x200000a8   COMPRESSED   0x00000004   Data   RW         5292    .data               system_stm32f1xx.o
    0x200000ac   COMPRESSED   0x00000008   Data   RW         5436    .data               ff.o
    0x200000b4   COMPRESSED   0x00000001   Data   RW         5775    .data               sd_diskio.o
    0x200000b5   COMPRESSED   0x00000001   Data   RW         5973    .data               usbd_ctlreq.o
    0x200000b6   COMPRESSED   0x00000002   PAD
    0x200000b8   COMPRESSED   0x00000038   Data   RW         6100    .data               usbd_msc.o
    0x200000f0   COMPRESSED   0x0000006a   Data   RW         6101    .data               usbd_msc.o
    0x2000015a   COMPRESSED   0x00000002   PAD
    0x2000015c   COMPRESSED   0x00000004   Data   RW         6643    .data               mc_w.l(stdout.o)
    0x20000160   COMPRESSED   0x00000004   Data   RW         6651    .data               mc_w.l(errno.o)
    0x20000164        -       0x000022b4   Zero   RW           58    .bss                main.o
    0x20002418        -       0x00000480   Zero   RW          682    .bss                oled.o
    0x20002898        -       0x000002c4   Zero   RW         1040    .bss                usb_device.o
    0x20002b5c        -       0x00000800   Zero   RW         1102    .bss                usbd_desc.o
    0x2000335c        -       0x00000b48   Zero   RW         1273    .bss                usbd_conf.o
    0x20003ea4        -       0x00000018   Zero   RW         5434    .bss                ff.o
    0x20003ebc        -       0x0000000c   Zero   RW         5699    .bss                ff_gen_drv.o
    0x20003ec8        -       0x00004000   Zero   RW            1    STACK               startup_stm32f103xe.o


==============================================================================

Image component sizes


      Code (inc. data)   RO Data    RW Data    ZI Data      Debug   Object Name

       174         26          0          0          0       3684   bsp_driver_sd.o
       148         22          0          0          0       3409   diskio.o
        32         10          0          5          0       1368   fatfs.o
        24          4          0          0          0        505   fatfs_platform.o
      6590         72        172          8         24      38556   ff.o
        70          4          0          0         12       1495   ff_gen_drv.o
     21792       9300        819         24       8884     609361   main.o
      1566        210       7696          0       1152      12109   oled.o
       264         34         20          1          0       4164   sd_diskio.o
        36          8        304          0      16384        776   startup_stm32f103xe.o
       176         34          0         12          0       6767   stm32f1xx_hal.o
       198         14          0          0          0      28767   stm32f1xx_hal_cortex.o
       856         74          0          0          0       4962   stm32f1xx_hal_gpio.o
       392         16          0          0          0       3151   stm32f1xx_hal_i2c.o
       788        120          0          8          0       6175   stm32f1xx_hal_msp.o
        98          0          0          0          0       1224   stm32f1xx_hal_nand.o
       342          6          0          4          0       4666   stm32f1xx_hal_nor.o
      3096          0          0          0          0      14520   stm32f1xx_hal_pcd.o
        60          0          0          0          0       1118   stm32f1xx_hal_pcd_ex.o
        12          4          0          0          0        487   stm32f1xx_hal_pwr.o
      1240         84         18          0          0       4944   stm32f1xx_hal_rcc.o
       420         30         18          0          0       2429   stm32f1xx_hal_rcc_ex.o
      1400         12          0          0          0      12232   stm32f1xx_hal_rtc.o
      2540         32          0          0          0      12978   stm32f1xx_hal_sd.o
       178          0          0          0          0       1103   stm32f1xx_hal_spi.o
       866          6          0          0          0       6181   stm32f1xx_hal_uart.o
        32          6          0          0          0       4039   stm32f1xx_it.o
       392         20          0          0          0       6441   stm32f1xx_ll_fsmc.o
      1676         48          0          0          0      22297   stm32f1xx_ll_sdmmc.o
      2536          0          0          0          0      16607   stm32f1xx_ll_usb.o
         2          0         24          4          0       1035   system_stm32f1xx.o
       512        396          0          0        708       5889   usb_device.o
       556         28          0          0       2888      14103   usbd_conf.o
       670          0          0          0          0       9071   usbd_core.o
      1186         28          0          1          0       7664   usbd_ctlreq.o
       284        100          0         78       2048       5633   usbd_desc.o
       102          0          0          0          0       3484   usbd_ioreq.o
       498         16          0        162          0       8864   usbd_msc.o
       586         10          0          0          0       6825   usbd_msc_bot.o
         0          0         23          0          0        833   usbd_msc_data.o
      1410         14          0          0          0       9803   usbd_msc_scsi.o
       168         40         36         32          0       4548   usbd_storage_if.o

    ----------------------------------------------------------------------
     54014      10828       9165        348      32100     914267   Object Totals
         0          0         32          0          0          0   (incl. Generated)
        46          0          3          9          0          0   (incl. Padding)

    ----------------------------------------------------------------------

      Code (inc. data)   RO Data    RW Data    ZI Data      Debug   Library Member Name

        86          0          0          0          0          0   __dczerorl2.o
        28          0          0          0          0         68   _chval.o
       158          0          0          0          0         92   _strtoul.o
        26          0          0          0          0         80   atoi.o
         8          4        133          0          0         68   ctype_o.o
         0          0          0          0          0          0   entry.o
         0          0          0          0          0          0   entry10a.o
         0          0          0          0          0          0   entry11a.o
         4          0          0          0          0          0   entry12b.o
         8          4          0          0          0          0   entry2.o
         4          0          0          0          0          0   entry5.o
         0          0          0          0          0          0   entry7b.o
         0          0          0          0          0          0   entry8b.o
         8          4          0          0          0          0   entry9a.o
         8          4          0          4          0         68   errno.o
        30          0          0          0          0          0   handlers.o
        36          8          0          0          0         68   init.o
         0          0          0          0          0          0   iusefp.o
        30          0          0          0          0         68   llshl.o
        36          0          0          0          0         68   llsshr.o
        32          0          0          0          0         68   llushr.o
        36          0          0          0          0        108   memseta.o
      2342        102          0          0          0        764   printfa.o
         0          0          0          4          0          0   stdout.o
        28          0          0          0          0         76   strcmp.o
        14          0          0          0          0         68   strlen.o
        24          0          0          0          0         76   strncpy.o
        22          0          0          0          0         68   strrchr.o
       112          0          0          0          0         88   strtol.o
        44          0          0          0          0         80   uidiv.o
        98          0          0          0          0         92   uldiv.o
        48          0          0          0          0         68   cdrcmple.o
       334          0          0          0          0        148   dadd.o
       222          0          0          0          0        100   ddiv.o
       186          0          0          0          0        176   depilogue.o
        48          0          0          0          0         68   dfixul.o
       228          0          0          0          0         96   dmul.o
        38          0          0          0          0         68   f2d.o
       124          0          0          0          0         88   fdiv.o
       110          0          0          0          0        168   fepilogue.o
        10          0          0          0          0         68   ffltui.o
       100          0          0          0          0         76   fmul.o
        24          0          0          0          0         68   fscalb.o

    ----------------------------------------------------------------------
      4700        126        133          8          0       3260   Library Totals
         6          0          0          0          0          0   (incl. Padding)

    ----------------------------------------------------------------------

      Code (inc. data)   RO Data    RW Data    ZI Data      Debug   Library Name

      3222        126        133          8          0       2068   mc_w.l
      1472          0          0          0          0       1192   mf_w.l

    ----------------------------------------------------------------------
      4700        126        133          8          0       3260   Library Totals

    ----------------------------------------------------------------------

==============================================================================


      Code (inc. data)   RO Data    RW Data    ZI Data      Debug   

     58714      10954       9298        356      32100     896751   Grand Totals
     58714      10954       9298        172      32100     896751   ELF Image Totals (compressed)
     58714      10954       9298        172          0          0   ROM Totals

==============================================================================

    Total RO  Size (Code + RO Data)                68012 (  66.42kB)
    Total RW  Size (RW Data + ZI Data)             32456 (  31.70kB)
    Total ROM Size (Code + RO Data + RW Data)      68184 (  66.59kB)

==============================================================================

